******************************************************************************
                  MSP430 Linker Unix v16.9.6                   
******************************************************************************
>> Linked Fri Apr  6 18:02:16 2018

OUTPUT FILE NAME:   <FinalProject.out>
ENTRY POINT SYMBOL: "_c_int00_noargs_noexit"  address: 0000ab02


MEMORY CONFIGURATION

         name            origin    length      used     unused   attr    fill
----------------------  --------  ---------  --------  --------  ----  --------
  SFR                   00000000   00000010  00000000  00000010  RWIX
  PERIPHERALS_8BIT      00000010   000000f0  00000000  000000f0  RWIX
  PERIPHERALS_16BIT     00000100   00000100  00000000  00000100  RWIX
  RAM                   00000200   00000400  000000b6  0000034a  RWIX
  INFOD                 00001000   00000040  00000000  00000040  RWIX
  INFOC                 00001040   00000040  00000000  00000040  RWIX
  INFOB                 00001080   00000040  00000000  00000040  RWIX
  INFOA                 000010c0   00000040  00000000  00000040  RWIX
  FLASH                 00008000   00007fde  00002e8a  00005154  RWIX
  BSLSIGNATURE          0000ffde   00000002  00000002  00000000  RWIX  ffff 
  INT00                 0000ffe0   00000002  00000000  00000002  RWIX
  INT01                 0000ffe2   00000002  00000000  00000002  RWIX
  INT02                 0000ffe4   00000002  00000002  00000000  RWIX
  INT03                 0000ffe6   00000002  00000002  00000000  RWIX
  INT04                 0000ffe8   00000002  00000000  00000002  RWIX
  INT05                 0000ffea   00000002  00000002  00000000  RWIX
  INT06                 0000ffec   00000002  00000002  00000000  RWIX
  INT07                 0000ffee   00000002  00000002  00000000  RWIX
  INT08                 0000fff0   00000002  00000002  00000000  RWIX
  INT09                 0000fff2   00000002  00000002  00000000  RWIX
  INT10                 0000fff4   00000002  00000002  00000000  RWIX
  INT11                 0000fff6   00000002  00000000  00000002  RWIX
  INT12                 0000fff8   00000002  00000002  00000000  RWIX
  INT13                 0000fffa   00000002  00000002  00000000  RWIX
  INT14                 0000fffc   00000002  00000002  00000000  RWIX
  RESET                 0000fffe   00000002  00000002  00000000  RWIX


SECTION ALLOCATION MAP

 output                                  attributes/
section   page    origin      length       input sections
--------  ----  ----------  ----------   ----------------
.bss       0    00000200    00000066     UNINITIALIZED
                  00000200    0000003a     LcdDisplayParallel2Line.obj (.bss:instance)
                  0000023a    0000000a     WaveformGenerator.obj (.bss:instance)
                  00000244    00000008     TimerModule.obj (.bss:timeSourceSubscriber)
                  0000024c    00000008     TimerModule.obj (.bss:timerModule)
                  00000254    00000004     Interrupt_1MsSystemTick.obj (.bss:onInterrupt)
                  00000258    00000004     TimerModule.obj (.bss:onTimePeriod)
                  0000025c    00000002     Adc_10.obj (.bss:instance)
                  0000025e    00000002     GpioGroup.obj (.bss:instance)
                  00000260    00000002     Spi.obj (.bss:instance)
                  00000262    00000002     TimeSource_Interrupt1MsSystemTick.obj (.bss:interruptTimeSource)
                  00000264    00000002     Interrupt_1MsSystemTick.obj (.bss:oneMsTick)

.stack     0    000005b0    00000050     UNINITIALIZED
                  000005b0    00000002     rts430_eabi.lib : boot.obj (.stack)
                  000005b2    0000004e     --HOLE--

.text      0    00008000    00002d2e     
                  00008000    000002e8     rts430_eabi.lib : addd.obj (.text:__mspabi_addd)
                  000082e8    0000028a     Application.obj (.text:Application_Init)
                  00008572    00000260     rts430_eabi.lib : frcaddd.obj (.text:__TI_frcaddd)
                  000087d2    00000230     StepperMotor.obj (.text:DoStepSubCycle)
                  00008a02    000001ee     GpioGroup.obj (.text:SetState)
                  00008bf0    000001c6     main.obj (.text:main)
                  00008db6    0000018a     LcdDisplayParallel2Line.obj (.text:SendByteOut)
                  00008f40    0000014a     GpioGroup.obj (.text:GetState)
                  0000908a    00000138     Application.obj (.text:BeginNormalOperation)
                  000091c2    0000011e     GpioGroup.obj (.text:GpioGroup_Init)
                  000092e0    00000118     Application.obj (.text:StartCalibrationCycle)
                  000093f8    00000106     Application.obj (.text:IncreaseStepperOutput)
                  000094fe    00000104     Application.obj (.text:UpdateLcd)
                  00009602    000000fe     Application.obj (.text:DecreaseStepperOutput)
                  00009700    000000c4     rts430_eabi.lib : fs_mpy.obj (.text)
                  000097c4    000000be     Application.obj (.text:ToggleWaveState)
                  00009882    000000be     rts430_eabi.lib : renormd.obj (.text:__TI_renormd)
                  00009940    0000008c                     : cvtdf.obj (.text:__mspabi_cvtdf)
                  000099cc    00000086     Application.obj (.text:CalibrateStepperTwo)
                  00009a52    00000084     StepperMotor.obj (.text:StepperMotor_Init)
                  00009ad6    00000080     LcdDisplayParallel2Line.obj (.text:Busy)
                  00009b56    00000072     rts430_eabi.lib : cvtfd.obj (.text:__mspabi_cvtfd)
                  00009bc8    00000070     StepperCalibrator.obj (.text:AttempToMoveToHomePosition)
                  00009c38    0000006e     Input_TimedButtonPress.obj (.text:Input_TimedButtonPress_Init)
                  00009ca6    0000006e     rts430_eabi.lib : autoinit.obj (.text:_auto_init)
                  00009d14    0000006c     LcdDisplayParallel2Line.obj (.text:LcdDisplayParallel2Line_Init)
                  00009d80    00000066     Input_StepperMotorHomeSensor.obj (.text:Input_StepperMotorHomeSensor_Init)
                  00009de6    00000066     StepperMotor.obj (.text:TurnAllPwmsOff)
                  00009e4c    00000062     DacController.obj (.text:DacController_SendInputCode)
                  00009eae    0000005c     WaveformGenerator.obj (.text:TB0_ISR)
                  00009f0a    0000005c     rts430_eabi.lib : lsr32.obj (.text:l_lsr_const)
                  00009f66    0000005a                     : cpy_tbl.obj (.text:copy_in)
                  00009fc0    00000056     Input_Button.obj (.text:Input_Button_Init)
                  0000a016    00000056     Application.obj (.text:Uint8To3LenghtString)
                  0000a06c    00000052     StepperCalibrator.obj (.text:StepperCalibrator_Calibrate)
                  0000a0be    00000050     StepperCalibrator.obj (.text:StopStepperMotor)
                  0000a10e    0000004c     Timer_OneShot.obj (.text:CallTimerCallback)
                  0000a15a    0000004c     rts430_eabi.lib : lsr16.obj (.text)
                  0000a1a6    0000004a     StepperCalibrator.obj (.text:StepperCalibrator_Init)
                  0000a1f0    00000048     Application.obj (.text:WriteToSecondLcdLine)
                  0000a238    00000046     StepperCalibrator.obj (.text:PublishCalibrationDoneEvent)
                  0000a27e    00000046     rts430_eabi.lib : fs_tou.obj (.text)
                  0000a2c4    00000044     Application.obj (.text:GetTimeAsString)
                  0000a308    00000042     Application.obj (.text:MoveCursorToSecondLcdLine)
                  0000a34a    00000042     Input_Button.obj (.text:PollInput)
                  0000a38c    00000042     Application.obj (.text:SwitchBetweenStepperOneOrTwoControl)
                  0000a3ce    00000042     TimerModule.obj (.text:TimerModule_Init)
                  0000a410    00000040     HeartbeatLed.obj (.text:HeartbeatLed_Init)
                  0000a450    00000040     Timer_Periodic.obj (.text:Timer_Periodic_Command)
                  0000a490    0000003e     rts430_eabi.lib : asr32.obj (.text:l_asr_const)
                  0000a4ce    0000003e                     : lsl32.obj (.text:l_lsl_const)
                  0000a50c    00000038     Timer_Periodic.obj (.text:CallTimerCallback)
                  0000a544    00000038     StepperMotor.obj (.text:DoStep)
                  0000a57c    00000036     Spi.obj (.text:Spi_Init)
                  0000a5b2    00000036     Timer_OneShot.obj (.text:Timer_OneShot_Start)
                  0000a5e8    00000036     Timer_Periodic.obj (.text:Timer_Periodic_Start)
                  0000a61e    00000036     Application.obj (.text:Uint8To2LenghtString)
                  0000a654    00000032     Input_TimedButtonPress.obj (.text:StartTimedPressTimer)
                  0000a686    00000030     LinkedList.obj (.text:LinkedList_Remove)
                  0000a6b6    00000030     Timer_Periodic.obj (.text:Timer_Periodic_Init)
                  0000a6e6    0000002e     Input_StepperMotorHomeSensor.obj (.text:PollSensor)
                  0000a714    0000002e     rts430_eabi.lib : subd.obj (.text:__mspabi_subd)
                  0000a742    0000002c     StepperMotor.obj (.text:Stop)
                  0000a76e    0000002c     Timer_OneShot.obj (.text:Timer_OneShot_Init)
                  0000a79a    0000002c     WaveformGenerator.obj (.text:WaveformGenerator_Init)
                  0000a7c6    0000002c     LcdDisplayParallel2Line.obj (.text:WriteCommand)
                  0000a7f2    0000002c     LcdDisplayParallel2Line.obj (.text:WriteData)
                  0000a81e    0000002c     rts430_eabi.lib : asr16.obj (.text)
                  0000a84a    0000002c                     : div16s.obj (.text)
                  0000a876    0000002c                     : lsl16.obj (.text)
                  0000a8a2    0000002a     LcdDisplayController.obj (.text:LcdDisplayController_SetCursorIndex)
                  0000a8cc    0000002a     TimerModule.obj (.text:TimerModule_Run)
                  0000a8f6    00000028     Adc_10.obj (.text:Adc_10_Init)
                  0000a91e    00000028     Timer_OneShot.obj (.text:Timer_OneShot_Stop)
                  0000a946    00000028     Application.obj (.text:ToggleWorkoutLed)
                  0000a96e    00000026     HeartbeatLed.obj (.text:ToggleLed)
                  0000a994    00000024     Interrupt_1MsSystemTick.obj (.text:TA0_ISR)
                  0000a9b8    00000024     rts430_eabi.lib : fs_utof.obj (.text)
                  0000a9dc    00000022     LinkedList.obj (.text:LinkedList_Insert)
                  0000a9fe    00000022     Input_Button.obj (.text:Read)
                  0000aa20    00000020     LinkedList.obj (.text:LinkedList_ForEach)
                  0000aa40    00000020     Event_Synchronous.obj (.text:Subscribe)
                  0000aa60    0000001e     StepperMotor.obj (.text:StopSteps)
                  0000aa7e    0000001c     Interrupt_1MsSystemTick.obj (.text:Interrupt_1MsSystemTick_Init)
                  0000aa9a    0000001a     Application.obj (.text:GetHr)
                  0000aab4    0000001a     LcdDisplayParallel2Line.obj (.text:IsBusy)
                  0000aace    0000001a     StepperMotor.obj (.text:PublishStepsDoneEvent)
                  0000aae8    0000001a     WaveformGenerator.obj (.text:WaveformGenerator_Start)
                  0000ab02    0000001a     rts430_eabi.lib : boot_special.obj (.text:_c_int00_noargs_noexit)
                  0000ab1c    00000016     EventSubscriber_Synchronous.obj (.text:EventSubscriber_Synchronous_Init)
                  0000ab32    00000016     Event_Synchronous.obj (.text:Event_Synchronous_Init)
                  0000ab48    00000016     Interrupt_1MsSystemTick.obj (.text:TimerA0_Init)
                  0000ab5e    00000016     rts430_eabi.lib : div16u.obj (.text)
                  0000ab74    00000014     Spi.obj (.text:SendByte)
                  0000ab88    00000014     rts430_eabi.lib : copy_zero_init.obj (.text:decompress:ZI:__TI_zero_init)
                  0000ab9c    00000014                     : mult16.obj (.text)
                  0000abb0    00000012     Event_Synchronous.obj (.text:Publish)
                  0000abc2    00000012     Input_TimedButtonPress.obj (.text:PublishOnTimedPressEvent)
                  0000abd4    00000012     Application.obj (.text:ReturnCursor)
                  0000abe6    00000012     Event_Synchronous.obj (.text:Unsubscribe)
                  0000abf8    00000012     rts430_eabi.lib : lsr32.obj (.text:l_lsr)
                  0000ac0a    00000012                     : memcpy.obj (.text:memcpy)
                  0000ac1c    00000010                     : asr32.obj (.text:l_asr)
                  0000ac2c    00000010                     : lsl32.obj (.text:l_lsl)
                  0000ac3c    00000010                     : epilog.obj (.text)
                  0000ac4c    0000000e     Event_Synchronous.obj (.text:CallSubscriberCallback)
                  0000ac5a    0000000e     DacController.obj (.text:DacController_Init)
                  0000ac68    0000000e     LcdDisplayController.obj (.text:LcdDisplayController_WriteString)
                  0000ac76    0000000e     WaveformGenerator.obj (.text:WaveformGenerator_SetFrequencyInHz)
                  0000ac84    0000000e     WaveformGenerator.obj (.text:WaveformGenerator_Stop)
                  0000ac92    0000000c     Adc_10.obj (.text:GetAdcCounts)
                  0000ac9e    0000000a     Input_Button.obj (.text:GetOnChangeEvent)
                  0000aca8    0000000a     LinkedListNode.obj (.text:LinkedListNode_Init)
                  0000acb2    0000000a     Input_StepperMotorHomeSensor.obj (.text:StartPolling)
                  0000acbc    0000000a     TimeSource_Interrupt1MsSystemTick.obj (.text:TimeSource_Interrupt1MsSystemTick_Init)
                  0000acc6    0000000a     Timer_OneShot.obj (.text:Timer_OneShot_UpdateExpiryTicks)
                  0000acd0    0000000a     TimerModule.obj (.text:UpdateCount)
                  0000acda    0000000a     WaveformGenerator.obj (.text:WaveformGenerator_SetAmplitudePercentage)
                  0000ace4    00000008     Input_StepperMotorHomeSensor.obj (.text:GetOnChangeEvent)
                  0000acec    00000008     Input_TimedButtonPress.obj (.text:GetOnChangeEvent)
                  0000acf4    00000008     StepperMotor.obj (.text:GetOnStepDoneEvent)
                  0000acfc    00000008     rts430_eabi.lib : isr_trap.obj (.text:_isr:__TI_ISR_TRAP)
                  0000ad04    00000006     StepperMotor.obj (.text:IsBusy)
                  0000ad0a    00000006     LcdDisplayController.obj (.text:LcdDisplayController_Init)
                  0000ad10    00000006     LinkedList.obj (.text:LinkedList_Init)
                  0000ad16    00000006     TimerModule.obj (.text:TimerModule_GetPeriodEvent)
                  0000ad1c    00000006     rts430_eabi.lib : exit.obj (.text:abort)
                  0000ad22    00000004                     : pre_init.obj (.text:_system_pre_init)
                  0000ad26    00000002     Application.obj (.text:Application_Run)
                  0000ad28    00000002     Input_TimedButtonPress.obj (.text:Read)
                  0000ad2a    00000002     StepperCalibrator.obj (.text:StepperCalibrator_GetOnCalibrationDoneEvent)
                  0000ad2c    00000002     rts430_eabi.lib : startup.obj (.text:_system_post_cinit)

.const     0    0000ad2e    00000152     
                  0000ad2e    00000098     Application.obj (.const:.string)
                  0000adc6    00000078     Application.obj (.const:sineWave)
                  0000ae3e    00000014     Application.obj (.const:.string:stepperStepsPerSubdivision)
                  0000ae52    00000008     StepperMotor.obj (.const:api)
                  0000ae5a    00000006     Event_Synchronous.obj (.const:eventSynchronousApi)
                  0000ae60    00000006     LcdDisplayParallel2Line.obj (.const:lcdDisplayParallel2LineAlarmClockApi)
                  0000ae66    00000005     LcdDisplayParallel2Line.obj (.const:.string:initCommands$1)
                  0000ae6b    00000001     Application.obj (.const)
                  0000ae6c    00000004     Input_TimedButtonPress.obj (.const:api)
                  0000ae70    00000004     GpioGroup.obj (.const:gpioGroupApi)
                  0000ae74    00000004     Input_Button.obj (.const:inputButtonApi)
                  0000ae78    00000004     Input_StepperMotorHomeSensor.obj (.const:speedDisplaySensorInputApi)
                  0000ae7c    00000002     Adc_10.obj (.const:adc10Api)
                  0000ae7e    00000002     Spi.obj (.const:api)

.cinit     0    0000ae80    0000000a     
                  0000ae80    00000004     (.cinit..bss.load) [load image, compression = zero_init]
                  0000ae84    00000002     (__TI_handler_table)
                  0000ae86    00000004     (__TI_cinit_table)

.binit     0    00008000    00000000     

.init_array 
*          0    00008000    00000000     UNINITIALIZED

PORT1      0    0000ffe4    00000002     
                  0000ffe4    00000002     rts430_eabi.lib : int02.obj (.int02)

PORT2      0    0000ffe6    00000002     
                  0000ffe6    00000002     rts430_eabi.lib : int03.obj (.int03)

ADC10      0    0000ffea    00000002     
                  0000ffea    00000002     rts430_eabi.lib : int05.obj (.int05)

USCIAB0TX 
*          0    0000ffec    00000002     
                  0000ffec    00000002     rts430_eabi.lib : int06.obj (.int06)

USCIAB0RX 
*          0    0000ffee    00000002     
                  0000ffee    00000002     rts430_eabi.lib : int07.obj (.int07)

TIMERA1    0    0000fff0    00000002     
                  0000fff0    00000002     rts430_eabi.lib : int08.obj (.int08)

TIMERA0    0    0000fff2    00000002     
                  0000fff2    00000002     Interrupt_1MsSystemTick.obj (.int09)

WDT        0    0000fff4    00000002     
                  0000fff4    00000002     rts430_eabi.lib : int10.obj (.int10)

TIMERB1    0    0000fff8    00000002     
                  0000fff8    00000002     rts430_eabi.lib : int12.obj (.int12)

TIMERB0    0    0000fffa    00000002     
                  0000fffa    00000002     WaveformGenerator.obj (.int13)

NMI        0    0000fffc    00000002     
                  0000fffc    00000002     rts430_eabi.lib : int14.obj (.int14)

.reset     0    0000fffe    00000002     
                  0000fffe    00000002     rts430_eabi.lib : boot.obj (.reset)

$fill000   0    0000ffde    00000002     
                  0000ffde    00000002     --HOLE-- [fill = ffff]

MODULE SUMMARY

       Module                                  code    ro data   rw data
       ------                                  ----    -------   -------
    ./
       Application.obj                         2840    293       0      
       main.obj                                454     0         0      
    +--+---------------------------------------+-------+---------+---------+
       Total:                                  3294    293       0      
                                                                        
    ./Controllers/
       StepperCalibrator.obj                   420     0         0      
       DacController.obj                       112     0         0      
       LcdDisplayController.obj                62      0         0      
    +--+---------------------------------------+-------+---------+---------+
       Total:                                  594     0         0      
                                                                        
    ./DataStructures/
       LinkedList.obj                          120     0         0      
       LinkedListNode.obj                      10      0         0      
    +--+---------------------------------------+-------+---------+---------+
       Total:                                  130     0         0      
                                                                        
    ./Event/
       Event_Synchronous.obj                   104     6         0      
       EventSubscriber_Synchronous.obj         22      0         0      
    +--+---------------------------------------+-------+---------+---------+
       Total:                                  126     6         0      
                                                                        
    ./HardwareAbstractions/
       GpioGroup.obj                           1110    4         2      
       StepperMotor.obj                        964     8         0      
       LcdDisplayParallel2Line.obj             744     11        58     
       WaveformGenerator.obj                   200     2         10     
       HeartbeatLed.obj                        102     0         0      
       Interrupt_1MsSystemTick.obj             86      2         6      
       Spi.obj                                 74      2         2      
       Adc_10.obj                              52      2         2      
       TimeSource_Interrupt1MsSystemTick.obj   10      0         2      
    +--+---------------------------------------+-------+---------+---------+
       Total:                                  3342    31        82     
                                                                        
    ./Input/
       Input_Button.obj                        196     4         0      
       Input_TimedButtonPress.obj              188     4         0      
       Input_StepperMotorHomeSensor.obj        166     4         0      
    +--+---------------------------------------+-------+---------+---------+
       Total:                                  550     12        0      
                                                                        
    ./Timer/
       Timer_OneShot.obj                       224     0         0      
       Timer_Periodic.obj                      222     0         0      
    +--+---------------------------------------+-------+---------+---------+
       Total:                                  446     0         0      
                                                                        
    ./TimerModule/
       TimerModule.obj                         124     0         20     
    +--+---------------------------------------+-------+---------+---------+
       Total:                                  124     0         20     
                                                                        
    /Applications/ti/ccsv7/tools/compiler/ti-cgt-msp430_16.9.6.LTS/lib/rts430_eabi.lib
       addd.obj                                744     0         0      
       frcaddd.obj                             608     0         0      
       fs_mpy.obj                              196     0         0      
       renormd.obj                             190     0         0      
       cvtdf.obj                               140     0         0      
       cvtfd.obj                               114     0         0      
       autoinit.obj                            110     0         0      
       lsr32.obj                               110     0         0      
       cpy_tbl.obj                             90      0         0      
       asr32.obj                               78      0         0      
       lsl32.obj                               78      0         0      
       lsr16.obj                               76      0         0      
       fs_tou.obj                              70      0         0      
       subd.obj                                46      0         0      
       asr16.obj                               44      0         0      
       div16s.obj                              44      0         0      
       lsl16.obj                               44      0         0      
       fs_utof.obj                             36      0         0      
       boot_special.obj                        26      0         0      
       div16u.obj                              22      0         0      
       copy_zero_init.obj                      20      0         0      
       mult16.obj                              20      0         0      
       memcpy.obj                              18      0         0      
       epilog.obj                              16      0         0      
       isr_trap.obj                            8       0         0      
       exit.obj                                6       0         0      
       pre_init.obj                            4       0         0      
       boot.obj                                0       2         0      
       int02.obj                               0       2         0      
       int03.obj                               0       2         0      
       int05.obj                               0       2         0      
       int06.obj                               0       2         0      
       int07.obj                               0       2         0      
       int08.obj                               0       2         0      
       int10.obj                               0       2         0      
       int12.obj                               0       2         0      
       int14.obj                               0       2         0      
       startup.obj                             2       0         0      
    +--+---------------------------------------+-------+---------+---------+
       Total:                                  2960    20        0      
                                                                        
       Stack:                                  0       0         80     
       Linker Generated:                       0       10        0      
    +--+---------------------------------------+-------+---------+---------+
       Grand Total:                            11566   372       182    


LINKER GENERATED COPY TABLES

__TI_cinit_table @ 0000ae86 records: 1, size/record: 4, table size: 4
	.bss: load addr=0000ae80, load size=00000004 bytes, run addr=00000200, run size=00000066 bytes, compression=zero_init


LINKER GENERATED HANDLER TABLE

__TI_handler_table @ 0000ae84 records: 1, size/record: 2, table size: 2
	index: 0, handler: __TI_zero_init


GLOBAL SYMBOLS: SORTED ALPHABETICALLY BY Name 

address   name                                       
-------   ----                                       
0000004a  ADC10AE0                                   
0000004b  ADC10AE1                                   
000001b0  ADC10CTL0                                  
000001b2  ADC10CTL1                                  
00000048  ADC10DTC0                                  
00000049  ADC10DTC1                                  
000001b4  ADC10MEM                                   
000001bc  ADC10SA                                    
0000a8f6  Adc_10_Init                                
000082e8  Application_Init                           
0000ad26  Application_Run                            
00000057  BCSCTL1                                    
00000058  BCSCTL2                                    
00000053  BCSCTL3                                    
0000ad1c  C$$EXIT                                    
000010fb  CALBC1_12MHZ                               
000010f9  CALBC1_16MHZ                               
000010ff  CALBC1_1MHZ                                
000010fd  CALBC1_8MHZ                                
000010fa  CALDCO_12MHZ                               
000010f8  CALDCO_16MHZ                               
000010fe  CALDCO_1MHZ                                
000010fc  CALDCO_8MHZ                                
00000056  DCOCTL                                     
0000ac5a  DacController_Init                         
00009e4c  DacController_SendInputCode                
0000ab1c  EventSubscriber_Synchronous_Init           
0000ab32  Event_Synchronous_Init                     
00000128  FCTL1                                      
0000012a  FCTL2                                      
0000012c  FCTL3                                      
000091c2  GpioGroup_Init                             
0000a410  HeartbeatLed_Init                          
00000000  IE1                                        
00000001  IE2                                        
00000002  IFG1                                       
00000003  IFG2                                       
00009fc0  Input_Button_Init                          
00009d80  Input_StepperMotorHomeSensor_Init          
00009c38  Input_TimedButtonPress_Init                
0000aa7e  Interrupt_1MsSystemTick_Init               
0000ad0a  LcdDisplayController_Init                  
0000a8a2  LcdDisplayController_SetCursorIndex        
0000ac68  LcdDisplayController_WriteString           
00009d14  LcdDisplayParallel2Line_Init               
0000aca8  LinkedListNode_Init                        
0000aa20  LinkedList_ForEach                         
0000ad10  LinkedList_Init                            
0000a9dc  LinkedList_Insert                          
0000a686  LinkedList_Remove                          
000000c0  OA0CTL0                                    
000000c1  OA0CTL1                                    
000000c2  OA1CTL0                                    
000000c3  OA1CTL1                                    
00000022  P1DIR                                      
00000025  P1IE                                       
00000024  P1IES                                      
00000023  P1IFG                                      
00000020  P1IN                                       
00000021  P1OUT                                      
00000027  P1REN                                      
00000026  P1SEL                                      
0000002a  P2DIR                                      
0000002d  P2IE                                       
0000002c  P2IES                                      
0000002b  P2IFG                                      
00000028  P2IN                                       
00000029  P2OUT                                      
0000002f  P2REN                                      
0000002e  P2SEL                                      
0000001a  P3DIR                                      
00000018  P3IN                                       
00000019  P3OUT                                      
00000010  P3REN                                      
0000001b  P3SEL                                      
0000001e  P4DIR                                      
0000001c  P4IN                                       
0000001d  P4OUT                                      
00000011  P4REN                                      
0000001f  P4SEL                                      
0000a57c  Spi_Init                                   
0000a06c  StepperCalibrator_Calibrate                
0000ad2a  StepperCalibrator_GetOnCalibrationDoneEvent
0000a1a6  StepperCalibrator_Init                     
00009a52  StepperMotor_Init                          
0000a994  TA0_ISR                                    
00000172  TACCR0                                     
00000174  TACCR1                                     
00000176  TACCR2                                     
00000162  TACCTL0                                    
00000164  TACCTL1                                    
00000166  TACCTL2                                    
00000160  TACTL                                      
0000012e  TAIV                                       
00000170  TAR                                        
00009eae  TB0_ISR                                    
00000192  TBCCR0                                     
00000194  TBCCR1                                     
00000196  TBCCR2                                     
00000182  TBCCTL0                                    
00000184  TBCCTL1                                    
00000186  TBCCTL2                                    
00000180  TBCTL                                      
0000011e  TBIV                                       
00000190  TBR                                        
0000acbc  TimeSource_Interrupt1MsSystemTick_Init     
0000ad16  TimerModule_GetPeriodEvent                 
0000a3ce  TimerModule_Init                           
0000a8cc  TimerModule_Run                            
0000a76e  Timer_OneShot_Init                         
0000a5b2  Timer_OneShot_Start                        
0000a91e  Timer_OneShot_Stop                         
0000acc6  Timer_OneShot_UpdateExpiryTicks            
0000a450  Timer_Periodic_Command                     
0000a6b6  Timer_Periodic_Init                        
0000a5e8  Timer_Periodic_Start                       
0000005d  UCA0ABCTL                                  
00000062  UCA0BR0                                    
00000063  UCA0BR1                                    
00000060  UCA0CTL0                                   
00000061  UCA0CTL1                                   
0000005f  UCA0IRRCTL                                 
0000005e  UCA0IRTCTL                                 
00000064  UCA0MCTL                                   
00000066  UCA0RXBUF                                  
00000065  UCA0STAT                                   
00000067  UCA0TXBUF                                  
0000006a  UCB0BR0                                    
0000006b  UCB0BR1                                    
00000068  UCB0CTL0                                   
00000069  UCB0CTL1                                   
0000006c  UCB0I2CIE                                  
00000118  UCB0I2COA                                  
0000011a  UCB0I2CSA                                  
0000006e  UCB0RXBUF                                  
0000006d  UCB0STAT                                   
0000006f  UCB0TXBUF                                  
00000120  WDTCTL                                     
0000a79a  WaveformGenerator_Init                     
0000acda  WaveformGenerator_SetAmplitudePercentage   
0000ac76  WaveformGenerator_SetFrequencyInHz         
0000aae8  WaveformGenerator_Start                    
0000ac84  WaveformGenerator_Stop                     
00000600  __STACK_END                                
00000050  __STACK_SIZE                               
UNDEFED   __TI_BINIT_Base                            
UNDEFED   __TI_BINIT_Limit                           
0000ae86  __TI_CINIT_Base                            
0000ae8a  __TI_CINIT_Limit                           
0000ae84  __TI_Handler_Table_Base                    
0000ae86  __TI_Handler_Table_Limit                   
UNDEFED   __TI_INITARRAY_Base                        
UNDEFED   __TI_INITARRAY_Limit                       
0000acfc  __TI_ISR_TRAP                              
00008572  __TI_frcaddd                               
0000ffe4  __TI_int02                                 
0000ffe6  __TI_int03                                 
0000ffea  __TI_int05                                 
0000ffec  __TI_int06                                 
0000ffee  __TI_int07                                 
0000fff0  __TI_int08                                 
0000fff2  __TI_int09                                 
0000fff4  __TI_int10                                 
0000fff8  __TI_int12                                 
0000fffa  __TI_int13                                 
0000fffc  __TI_int14                                 
ffffffff  __TI_pprof_out_hndl                        
ffffffff  __TI_prof_data_size                        
ffffffff  __TI_prof_data_start                       
00009882  __TI_renormd                               
0000ab88  __TI_zero_init                             
ffffffff  __c_args__                                 
00008000  __mspabi_addd                              
00009940  __mspabi_cvtdf                             
00009b56  __mspabi_cvtfd                             
0000a84a  __mspabi_divi                              
0000ab5e  __mspabi_divu                              
0000a27e  __mspabi_fixfu                             
0000a9b8  __mspabi_fltuf                             
0000ac48  __mspabi_func_epilog_1                     
0000ac46  __mspabi_func_epilog_2                     
0000ac44  __mspabi_func_epilog_3                     
0000ac42  __mspabi_func_epilog_4                     
0000ac40  __mspabi_func_epilog_5                     
0000ac3e  __mspabi_func_epilog_6                     
0000ac3c  __mspabi_func_epilog_7                     
00009700  __mspabi_mpyf                              
0000ab9c  __mspabi_mpyi                              
0000ab9c  __mspabi_mpyi_sw                           
0000a84a  __mspabi_remi                              
0000ab5e  __mspabi_remu                              
0000a876  __mspabi_slli                              
0000a89e  __mspabi_slli_1                            
0000a88c  __mspabi_slli_10                           
0000a88a  __mspabi_slli_11                           
0000a888  __mspabi_slli_12                           
0000a886  __mspabi_slli_13                           
0000a884  __mspabi_slli_14                           
0000a882  __mspabi_slli_15                           
0000a89c  __mspabi_slli_2                            
0000a89a  __mspabi_slli_3                            
0000a898  __mspabi_slli_4                            
0000a896  __mspabi_slli_5                            
0000a894  __mspabi_slli_6                            
0000a892  __mspabi_slli_7                            
0000a890  __mspabi_slli_8                            
0000a88e  __mspabi_slli_9                            
0000ac2c  __mspabi_slll                              
0000a506  __mspabi_slll_1                            
0000a4e2  __mspabi_slll_10                           
0000a4de  __mspabi_slll_11                           
0000a4da  __mspabi_slll_12                           
0000a4d6  __mspabi_slll_13                           
0000a4d2  __mspabi_slll_14                           
0000a4ce  __mspabi_slll_15                           
0000a502  __mspabi_slll_2                            
0000a4fe  __mspabi_slll_3                            
0000a4fa  __mspabi_slll_4                            
0000a4f6  __mspabi_slll_5                            
0000a4f2  __mspabi_slll_6                            
0000a4ee  __mspabi_slll_7                            
0000a4ea  __mspabi_slll_8                            
0000a4e6  __mspabi_slll_9                            
0000a81e  __mspabi_srai                              
0000a846  __mspabi_srai_1                            
0000a834  __mspabi_srai_10                           
0000a832  __mspabi_srai_11                           
0000a830  __mspabi_srai_12                           
0000a82e  __mspabi_srai_13                           
0000a82c  __mspabi_srai_14                           
0000a82a  __mspabi_srai_15                           
0000a844  __mspabi_srai_2                            
0000a842  __mspabi_srai_3                            
0000a840  __mspabi_srai_4                            
0000a83e  __mspabi_srai_5                            
0000a83c  __mspabi_srai_6                            
0000a83a  __mspabi_srai_7                            
0000a838  __mspabi_srai_8                            
0000a836  __mspabi_srai_9                            
0000ac1c  __mspabi_sral                              
0000a4c8  __mspabi_sral_1                            
0000a4a4  __mspabi_sral_10                           
0000a4a0  __mspabi_sral_11                           
0000a49c  __mspabi_sral_12                           
0000a498  __mspabi_sral_13                           
0000a494  __mspabi_sral_14                           
0000a490  __mspabi_sral_15                           
0000a4c4  __mspabi_sral_2                            
0000a4c0  __mspabi_sral_3                            
0000a4bc  __mspabi_sral_4                            
0000a4b8  __mspabi_sral_5                            
0000a4b4  __mspabi_sral_6                            
0000a4b0  __mspabi_sral_7                            
0000a4ac  __mspabi_sral_8                            
0000a4a8  __mspabi_sral_9                            
0000a15a  __mspabi_srli                              
0000a1a0  __mspabi_srli_1                            
0000a17c  __mspabi_srli_10                           
0000a178  __mspabi_srli_11                           
0000a174  __mspabi_srli_12                           
0000a170  __mspabi_srli_13                           
0000a16c  __mspabi_srli_14                           
0000a168  __mspabi_srli_15                           
0000a19c  __mspabi_srli_2                            
0000a198  __mspabi_srli_3                            
0000a194  __mspabi_srli_4                            
0000a190  __mspabi_srli_5                            
0000a18c  __mspabi_srli_6                            
0000a188  __mspabi_srli_7                            
0000a184  __mspabi_srli_8                            
0000a180  __mspabi_srli_9                            
0000abf8  __mspabi_srll                              
00009f5e  __mspabi_srll_1                            
00009f28  __mspabi_srll_10                           
00009f22  __mspabi_srll_11                           
00009f1c  __mspabi_srll_12                           
00009f16  __mspabi_srll_13                           
00009f10  __mspabi_srll_14                           
00009f0a  __mspabi_srll_15                           
00009f58  __mspabi_srll_2                            
00009f52  __mspabi_srll_3                            
00009f4c  __mspabi_srll_4                            
00009f46  __mspabi_srll_5                            
00009f40  __mspabi_srll_6                            
00009f3a  __mspabi_srll_7                            
00009f34  __mspabi_srll_8                            
00009f2e  __mspabi_srll_9                            
0000a714  __mspabi_subd                              
00009ca6  _auto_init                                 
0000ab02  _c_int00_noargs_noexit                     
0000fffe  _reset_vector                              
000005b0  _stack                                     
0000ad2c  _system_post_cinit                         
0000ad22  _system_pre_init                           
0000ad1c  abort                                      
00009f66  copy_in                                    
00008bf0  main                                       
0000ac0a  memcpy                                     
0000adc6  sineWave                                   
0000ae6b  sineWaveLookupSize                         
0000ae78  speedDisplaySensorInputApi                 


GLOBAL SYMBOLS: SORTED BY Symbol Address 

address   name                                       
-------   ----                                       
00000000  IE1                                        
00000001  IE2                                        
00000002  IFG1                                       
00000003  IFG2                                       
00000010  P3REN                                      
00000011  P4REN                                      
00000018  P3IN                                       
00000019  P3OUT                                      
0000001a  P3DIR                                      
0000001b  P3SEL                                      
0000001c  P4IN                                       
0000001d  P4OUT                                      
0000001e  P4DIR                                      
0000001f  P4SEL                                      
00000020  P1IN                                       
00000021  P1OUT                                      
00000022  P1DIR                                      
00000023  P1IFG                                      
00000024  P1IES                                      
00000025  P1IE                                       
00000026  P1SEL                                      
00000027  P1REN                                      
00000028  P2IN                                       
00000029  P2OUT                                      
0000002a  P2DIR                                      
0000002b  P2IFG                                      
0000002c  P2IES                                      
0000002d  P2IE                                       
0000002e  P2SEL                                      
0000002f  P2REN                                      
00000048  ADC10DTC0                                  
00000049  ADC10DTC1                                  
0000004a  ADC10AE0                                   
0000004b  ADC10AE1                                   
00000050  __STACK_SIZE                               
00000053  BCSCTL3                                    
00000056  DCOCTL                                     
00000057  BCSCTL1                                    
00000058  BCSCTL2                                    
0000005d  UCA0ABCTL                                  
0000005e  UCA0IRTCTL                                 
0000005f  UCA0IRRCTL                                 
00000060  UCA0CTL0                                   
00000061  UCA0CTL1                                   
00000062  UCA0BR0                                    
00000063  UCA0BR1                                    
00000064  UCA0MCTL                                   
00000065  UCA0STAT                                   
00000066  UCA0RXBUF                                  
00000067  UCA0TXBUF                                  
00000068  UCB0CTL0                                   
00000069  UCB0CTL1                                   
0000006a  UCB0BR0                                    
0000006b  UCB0BR1                                    
0000006c  UCB0I2CIE                                  
0000006d  UCB0STAT                                   
0000006e  UCB0RXBUF                                  
0000006f  UCB0TXBUF                                  
000000c0  OA0CTL0                                    
000000c1  OA0CTL1                                    
000000c2  OA1CTL0                                    
000000c3  OA1CTL1                                    
00000118  UCB0I2COA                                  
0000011a  UCB0I2CSA                                  
0000011e  TBIV                                       
00000120  WDTCTL                                     
00000128  FCTL1                                      
0000012a  FCTL2                                      
0000012c  FCTL3                                      
0000012e  TAIV                                       
00000160  TACTL                                      
00000162  TACCTL0                                    
00000164  TACCTL1                                    
00000166  TACCTL2                                    
00000170  TAR                                        
00000172  TACCR0                                     
00000174  TACCR1                                     
00000176  TACCR2                                     
00000180  TBCTL                                      
00000182  TBCCTL0                                    
00000184  TBCCTL1                                    
00000186  TBCCTL2                                    
00000190  TBR                                        
00000192  TBCCR0                                     
00000194  TBCCR1                                     
00000196  TBCCR2                                     
000001b0  ADC10CTL0                                  
000001b2  ADC10CTL1                                  
000001b4  ADC10MEM                                   
000001bc  ADC10SA                                    
000005b0  _stack                                     
00000600  __STACK_END                                
000010f8  CALDCO_16MHZ                               
000010f9  CALBC1_16MHZ                               
000010fa  CALDCO_12MHZ                               
000010fb  CALBC1_12MHZ                               
000010fc  CALDCO_8MHZ                                
000010fd  CALBC1_8MHZ                                
000010fe  CALDCO_1MHZ                                
000010ff  CALBC1_1MHZ                                
00008000  __mspabi_addd                              
000082e8  Application_Init                           
00008572  __TI_frcaddd                               
00008bf0  main                                       
000091c2  GpioGroup_Init                             
00009700  __mspabi_mpyf                              
00009882  __TI_renormd                               
00009940  __mspabi_cvtdf                             
00009a52  StepperMotor_Init                          
00009b56  __mspabi_cvtfd                             
00009c38  Input_TimedButtonPress_Init                
00009ca6  _auto_init                                 
00009d14  LcdDisplayParallel2Line_Init               
00009d80  Input_StepperMotorHomeSensor_Init          
00009e4c  DacController_SendInputCode                
00009eae  TB0_ISR                                    
00009f0a  __mspabi_srll_15                           
00009f10  __mspabi_srll_14                           
00009f16  __mspabi_srll_13                           
00009f1c  __mspabi_srll_12                           
00009f22  __mspabi_srll_11                           
00009f28  __mspabi_srll_10                           
00009f2e  __mspabi_srll_9                            
00009f34  __mspabi_srll_8                            
00009f3a  __mspabi_srll_7                            
00009f40  __mspabi_srll_6                            
00009f46  __mspabi_srll_5                            
00009f4c  __mspabi_srll_4                            
00009f52  __mspabi_srll_3                            
00009f58  __mspabi_srll_2                            
00009f5e  __mspabi_srll_1                            
00009f66  copy_in                                    
00009fc0  Input_Button_Init                          
0000a06c  StepperCalibrator_Calibrate                
0000a15a  __mspabi_srli                              
0000a168  __mspabi_srli_15                           
0000a16c  __mspabi_srli_14                           
0000a170  __mspabi_srli_13                           
0000a174  __mspabi_srli_12                           
0000a178  __mspabi_srli_11                           
0000a17c  __mspabi_srli_10                           
0000a180  __mspabi_srli_9                            
0000a184  __mspabi_srli_8                            
0000a188  __mspabi_srli_7                            
0000a18c  __mspabi_srli_6                            
0000a190  __mspabi_srli_5                            
0000a194  __mspabi_srli_4                            
0000a198  __mspabi_srli_3                            
0000a19c  __mspabi_srli_2                            
0000a1a0  __mspabi_srli_1                            
0000a1a6  StepperCalibrator_Init                     
0000a27e  __mspabi_fixfu                             
0000a3ce  TimerModule_Init                           
0000a410  HeartbeatLed_Init                          
0000a450  Timer_Periodic_Command                     
0000a490  __mspabi_sral_15                           
0000a494  __mspabi_sral_14                           
0000a498  __mspabi_sral_13                           
0000a49c  __mspabi_sral_12                           
0000a4a0  __mspabi_sral_11                           
0000a4a4  __mspabi_sral_10                           
0000a4a8  __mspabi_sral_9                            
0000a4ac  __mspabi_sral_8                            
0000a4b0  __mspabi_sral_7                            
0000a4b4  __mspabi_sral_6                            
0000a4b8  __mspabi_sral_5                            
0000a4bc  __mspabi_sral_4                            
0000a4c0  __mspabi_sral_3                            
0000a4c4  __mspabi_sral_2                            
0000a4c8  __mspabi_sral_1                            
0000a4ce  __mspabi_slll_15                           
0000a4d2  __mspabi_slll_14                           
0000a4d6  __mspabi_slll_13                           
0000a4da  __mspabi_slll_12                           
0000a4de  __mspabi_slll_11                           
0000a4e2  __mspabi_slll_10                           
0000a4e6  __mspabi_slll_9                            
0000a4ea  __mspabi_slll_8                            
0000a4ee  __mspabi_slll_7                            
0000a4f2  __mspabi_slll_6                            
0000a4f6  __mspabi_slll_5                            
0000a4fa  __mspabi_slll_4                            
0000a4fe  __mspabi_slll_3                            
0000a502  __mspabi_slll_2                            
0000a506  __mspabi_slll_1                            
0000a57c  Spi_Init                                   
0000a5b2  Timer_OneShot_Start                        
0000a5e8  Timer_Periodic_Start                       
0000a686  LinkedList_Remove                          
0000a6b6  Timer_Periodic_Init                        
0000a714  __mspabi_subd                              
0000a76e  Timer_OneShot_Init                         
0000a79a  WaveformGenerator_Init                     
0000a81e  __mspabi_srai                              
0000a82a  __mspabi_srai_15                           
0000a82c  __mspabi_srai_14                           
0000a82e  __mspabi_srai_13                           
0000a830  __mspabi_srai_12                           
0000a832  __mspabi_srai_11                           
0000a834  __mspabi_srai_10                           
0000a836  __mspabi_srai_9                            
0000a838  __mspabi_srai_8                            
0000a83a  __mspabi_srai_7                            
0000a83c  __mspabi_srai_6                            
0000a83e  __mspabi_srai_5                            
0000a840  __mspabi_srai_4                            
0000a842  __mspabi_srai_3                            
0000a844  __mspabi_srai_2                            
0000a846  __mspabi_srai_1                            
0000a84a  __mspabi_divi                              
0000a84a  __mspabi_remi                              
0000a876  __mspabi_slli                              
0000a882  __mspabi_slli_15                           
0000a884  __mspabi_slli_14                           
0000a886  __mspabi_slli_13                           
0000a888  __mspabi_slli_12                           
0000a88a  __mspabi_slli_11                           
0000a88c  __mspabi_slli_10                           
0000a88e  __mspabi_slli_9                            
0000a890  __mspabi_slli_8                            
0000a892  __mspabi_slli_7                            
0000a894  __mspabi_slli_6                            
0000a896  __mspabi_slli_5                            
0000a898  __mspabi_slli_4                            
0000a89a  __mspabi_slli_3                            
0000a89c  __mspabi_slli_2                            
0000a89e  __mspabi_slli_1                            
0000a8a2  LcdDisplayController_SetCursorIndex        
0000a8cc  TimerModule_Run                            
0000a8f6  Adc_10_Init                                
0000a91e  Timer_OneShot_Stop                         
0000a994  TA0_ISR                                    
0000a9b8  __mspabi_fltuf                             
0000a9dc  LinkedList_Insert                          
0000aa20  LinkedList_ForEach                         
0000aa7e  Interrupt_1MsSystemTick_Init               
0000aae8  WaveformGenerator_Start                    
0000ab02  _c_int00_noargs_noexit                     
0000ab1c  EventSubscriber_Synchronous_Init           
0000ab32  Event_Synchronous_Init                     
0000ab5e  __mspabi_divu                              
0000ab5e  __mspabi_remu                              
0000ab88  __TI_zero_init                             
0000ab9c  __mspabi_mpyi                              
0000ab9c  __mspabi_mpyi_sw                           
0000abf8  __mspabi_srll                              
0000ac0a  memcpy                                     
0000ac1c  __mspabi_sral                              
0000ac2c  __mspabi_slll                              
0000ac3c  __mspabi_func_epilog_7                     
0000ac3e  __mspabi_func_epilog_6                     
0000ac40  __mspabi_func_epilog_5                     
0000ac42  __mspabi_func_epilog_4                     
0000ac44  __mspabi_func_epilog_3                     
0000ac46  __mspabi_func_epilog_2                     
0000ac48  __mspabi_func_epilog_1                     
0000ac5a  DacController_Init                         
0000ac68  LcdDisplayController_WriteString           
0000ac76  WaveformGenerator_SetFrequencyInHz         
0000ac84  WaveformGenerator_Stop                     
0000aca8  LinkedListNode_Init                        
0000acbc  TimeSource_Interrupt1MsSystemTick_Init     
0000acc6  Timer_OneShot_UpdateExpiryTicks            
0000acda  WaveformGenerator_SetAmplitudePercentage   
0000acfc  __TI_ISR_TRAP                              
0000ad0a  LcdDisplayController_Init                  
0000ad10  LinkedList_Init                            
0000ad16  TimerModule_GetPeriodEvent                 
0000ad1c  C$$EXIT                                    
0000ad1c  abort                                      
0000ad22  _system_pre_init                           
0000ad26  Application_Run                            
0000ad2a  StepperCalibrator_GetOnCalibrationDoneEvent
0000ad2c  _system_post_cinit                         
0000adc6  sineWave                                   
0000ae6b  sineWaveLookupSize                         
0000ae78  speedDisplaySensorInputApi                 
0000ae84  __TI_Handler_Table_Base                    
0000ae86  __TI_CINIT_Base                            
0000ae86  __TI_Handler_Table_Limit                   
0000ae8a  __TI_CINIT_Limit                           
0000ffe4  __TI_int02                                 
0000ffe6  __TI_int03                                 
0000ffea  __TI_int05                                 
0000ffec  __TI_int06                                 
0000ffee  __TI_int07                                 
0000fff0  __TI_int08                                 
0000fff2  __TI_int09                                 
0000fff4  __TI_int10                                 
0000fff8  __TI_int12                                 
0000fffa  __TI_int13                                 
0000fffc  __TI_int14                                 
0000fffe  _reset_vector                              
ffffffff  __TI_pprof_out_hndl                        
ffffffff  __TI_prof_data_size                        
ffffffff  __TI_prof_data_start                       
ffffffff  __c_args__                                 
UNDEFED   __TI_BINIT_Base                            
UNDEFED   __TI_BINIT_Limit                           
UNDEFED   __TI_INITARRAY_Base                        
UNDEFED   __TI_INITARRAY_Limit                       

[301 symbols]
