<?xml version="1.0"?>
<link_info>
   <banner>MSP430 Linker Unix v16.9.6.LTS</banner>
   <copyright>Copyright (c) 2003-2017 Texas Instruments Incorporated</copyright>
   <link_time>0x5ac7fae0</link_time>
   <link_errors>0x0</link_errors>
   <output_file>FinalProject.out</output_file>
   <entry_point>
      <name>_c_int00_noargs_noexit</name>
      <address>0xac68</address>
   </entry_point>
   <input_file_list>
      <input_file id="fl-2">
         <path>./</path>
         <kind>object</kind>
         <file>Application.obj</file>
         <name>Application.obj</name>
      </input_file>
      <input_file id="fl-3">
         <path>./</path>
         <kind>object</kind>
         <file>main.obj</file>
         <name>main.obj</name>
      </input_file>
      <input_file id="fl-4">
         <path>./Controllers/</path>
         <kind>object</kind>
         <file>DacController.obj</file>
         <name>DacController.obj</name>
      </input_file>
      <input_file id="fl-5">
         <path>./Controllers/</path>
         <kind>object</kind>
         <file>LcdDisplayController.obj</file>
         <name>LcdDisplayController.obj</name>
      </input_file>
      <input_file id="fl-6">
         <path>./Controllers/</path>
         <kind>object</kind>
         <file>StepperCalibrator.obj</file>
         <name>StepperCalibrator.obj</name>
      </input_file>
      <input_file id="fl-7">
         <path>./DataStructures/</path>
         <kind>object</kind>
         <file>LinkedList.obj</file>
         <name>LinkedList.obj</name>
      </input_file>
      <input_file id="fl-8">
         <path>./DataStructures/</path>
         <kind>object</kind>
         <file>LinkedListNode.obj</file>
         <name>LinkedListNode.obj</name>
      </input_file>
      <input_file id="fl-9">
         <path>./Event/</path>
         <kind>object</kind>
         <file>EventSubscriber_Synchronous.obj</file>
         <name>EventSubscriber_Synchronous.obj</name>
      </input_file>
      <input_file id="fl-a">
         <path>./Event/</path>
         <kind>object</kind>
         <file>Event_Synchronous.obj</file>
         <name>Event_Synchronous.obj</name>
      </input_file>
      <input_file id="fl-b">
         <path>./HardwareAbstractions/</path>
         <kind>object</kind>
         <file>Adc_10.obj</file>
         <name>Adc_10.obj</name>
      </input_file>
      <input_file id="fl-c">
         <path>./HardwareAbstractions/</path>
         <kind>object</kind>
         <file>GpioGroup.obj</file>
         <name>GpioGroup.obj</name>
      </input_file>
      <input_file id="fl-d">
         <path>./HardwareAbstractions/</path>
         <kind>object</kind>
         <file>HeartbeatLed.obj</file>
         <name>HeartbeatLed.obj</name>
      </input_file>
      <input_file id="fl-e">
         <path>./HardwareAbstractions/</path>
         <kind>object</kind>
         <file>Interrupt_1MsSystemTick.obj</file>
         <name>Interrupt_1MsSystemTick.obj</name>
      </input_file>
      <input_file id="fl-f">
         <path>./HardwareAbstractions/</path>
         <kind>object</kind>
         <file>LcdDisplayParallel2Line.obj</file>
         <name>LcdDisplayParallel2Line.obj</name>
      </input_file>
      <input_file id="fl-10">
         <path>./HardwareAbstractions/</path>
         <kind>object</kind>
         <file>Spi.obj</file>
         <name>Spi.obj</name>
      </input_file>
      <input_file id="fl-11">
         <path>./HardwareAbstractions/</path>
         <kind>object</kind>
         <file>StepperMotor.obj</file>
         <name>StepperMotor.obj</name>
      </input_file>
      <input_file id="fl-12">
         <path>./HardwareAbstractions/</path>
         <kind>object</kind>
         <file>TimeSource_Interrupt1MsSystemTick.obj</file>
         <name>TimeSource_Interrupt1MsSystemTick.obj</name>
      </input_file>
      <input_file id="fl-13">
         <path>./HardwareAbstractions/</path>
         <kind>object</kind>
         <file>WaveformGenerator.obj</file>
         <name>WaveformGenerator.obj</name>
      </input_file>
      <input_file id="fl-14">
         <path>./Input/</path>
         <kind>object</kind>
         <file>Input_Button.obj</file>
         <name>Input_Button.obj</name>
      </input_file>
      <input_file id="fl-15">
         <path>./Input/</path>
         <kind>object</kind>
         <file>Input_Dial.obj</file>
         <name>Input_Dial.obj</name>
      </input_file>
      <input_file id="fl-16">
         <path>./Input/</path>
         <kind>object</kind>
         <file>Input_StepperMotorHomeSensor.obj</file>
         <name>Input_StepperMotorHomeSensor.obj</name>
      </input_file>
      <input_file id="fl-17">
         <path>./Input/</path>
         <kind>object</kind>
         <file>Input_TimedButtonPress.obj</file>
         <name>Input_TimedButtonPress.obj</name>
      </input_file>
      <input_file id="fl-18">
         <path>./Timer/</path>
         <kind>object</kind>
         <file>Timer_OneShot.obj</file>
         <name>Timer_OneShot.obj</name>
      </input_file>
      <input_file id="fl-19">
         <path>./Timer/</path>
         <kind>object</kind>
         <file>Timer_Periodic.obj</file>
         <name>Timer_Periodic.obj</name>
      </input_file>
      <input_file id="fl-1a">
         <path>./TimerModule/</path>
         <kind>object</kind>
         <file>TimerModule.obj</file>
         <name>TimerModule.obj</name>
      </input_file>
      <input_file id="fl-1f">
         <kind>object</kind>
         <file>&lt;internal&gt;</file>
         <name>&lt;internal&gt;</name>
      </input_file>
      <input_file id="fl-35">
         <path>/Applications/ti/ccsv7/tools/compiler/ti-cgt-msp430_16.9.6.LTS/lib/</path>
         <kind>archive</kind>
         <file>rts430_eabi.lib</file>
         <name>addd.obj</name>
      </input_file>
      <input_file id="fl-36">
         <path>/Applications/ti/ccsv7/tools/compiler/ti-cgt-msp430_16.9.6.LTS/lib/</path>
         <kind>archive</kind>
         <file>rts430_eabi.lib</file>
         <name>asr16.obj</name>
      </input_file>
      <input_file id="fl-37">
         <path>/Applications/ti/ccsv7/tools/compiler/ti-cgt-msp430_16.9.6.LTS/lib/</path>
         <kind>archive</kind>
         <file>rts430_eabi.lib</file>
         <name>boot.obj</name>
      </input_file>
      <input_file id="fl-38">
         <path>/Applications/ti/ccsv7/tools/compiler/ti-cgt-msp430_16.9.6.LTS/lib/</path>
         <kind>archive</kind>
         <file>rts430_eabi.lib</file>
         <name>boot_special.obj</name>
      </input_file>
      <input_file id="fl-39">
         <path>/Applications/ti/ccsv7/tools/compiler/ti-cgt-msp430_16.9.6.LTS/lib/</path>
         <kind>archive</kind>
         <file>rts430_eabi.lib</file>
         <name>cmpd.obj</name>
      </input_file>
      <input_file id="fl-3a">
         <path>/Applications/ti/ccsv7/tools/compiler/ti-cgt-msp430_16.9.6.LTS/lib/</path>
         <kind>archive</kind>
         <file>rts430_eabi.lib</file>
         <name>copy_decompress_lzss.obj</name>
      </input_file>
      <input_file id="fl-3b">
         <path>/Applications/ti/ccsv7/tools/compiler/ti-cgt-msp430_16.9.6.LTS/lib/</path>
         <kind>archive</kind>
         <file>rts430_eabi.lib</file>
         <name>copy_decompress_none.obj</name>
      </input_file>
      <input_file id="fl-3c">
         <path>/Applications/ti/ccsv7/tools/compiler/ti-cgt-msp430_16.9.6.LTS/lib/</path>
         <kind>archive</kind>
         <file>rts430_eabi.lib</file>
         <name>copy_zero_init.obj</name>
      </input_file>
      <input_file id="fl-3d">
         <path>/Applications/ti/ccsv7/tools/compiler/ti-cgt-msp430_16.9.6.LTS/lib/</path>
         <kind>archive</kind>
         <file>rts430_eabi.lib</file>
         <name>cvtdf.obj</name>
      </input_file>
      <input_file id="fl-3e">
         <path>/Applications/ti/ccsv7/tools/compiler/ti-cgt-msp430_16.9.6.LTS/lib/</path>
         <kind>archive</kind>
         <file>rts430_eabi.lib</file>
         <name>cvtfd.obj</name>
      </input_file>
      <input_file id="fl-3f">
         <path>/Applications/ti/ccsv7/tools/compiler/ti-cgt-msp430_16.9.6.LTS/lib/</path>
         <kind>archive</kind>
         <file>rts430_eabi.lib</file>
         <name>div16s.obj</name>
      </input_file>
      <input_file id="fl-40">
         <path>/Applications/ti/ccsv7/tools/compiler/ti-cgt-msp430_16.9.6.LTS/lib/</path>
         <kind>archive</kind>
         <file>rts430_eabi.lib</file>
         <name>div16u.obj</name>
      </input_file>
      <input_file id="fl-41">
         <path>/Applications/ti/ccsv7/tools/compiler/ti-cgt-msp430_16.9.6.LTS/lib/</path>
         <kind>archive</kind>
         <file>rts430_eabi.lib</file>
         <name>epilog.obj</name>
      </input_file>
      <input_file id="fl-42">
         <path>/Applications/ti/ccsv7/tools/compiler/ti-cgt-msp430_16.9.6.LTS/lib/</path>
         <kind>archive</kind>
         <file>rts430_eabi.lib</file>
         <name>exit.obj</name>
      </input_file>
      <input_file id="fl-43">
         <path>/Applications/ti/ccsv7/tools/compiler/ti-cgt-msp430_16.9.6.LTS/lib/</path>
         <kind>archive</kind>
         <file>rts430_eabi.lib</file>
         <name>exit_gvars.obj</name>
      </input_file>
      <input_file id="fl-44">
         <path>/Applications/ti/ccsv7/tools/compiler/ti-cgt-msp430_16.9.6.LTS/lib/</path>
         <kind>archive</kind>
         <file>rts430_eabi.lib</file>
         <name>frcaddd.obj</name>
      </input_file>
      <input_file id="fl-45">
         <path>/Applications/ti/ccsv7/tools/compiler/ti-cgt-msp430_16.9.6.LTS/lib/</path>
         <kind>archive</kind>
         <file>rts430_eabi.lib</file>
         <name>fs_cmp.obj</name>
      </input_file>
      <input_file id="fl-46">
         <path>/Applications/ti/ccsv7/tools/compiler/ti-cgt-msp430_16.9.6.LTS/lib/</path>
         <kind>archive</kind>
         <file>rts430_eabi.lib</file>
         <name>fs_mpy.obj</name>
      </input_file>
      <input_file id="fl-47">
         <path>/Applications/ti/ccsv7/tools/compiler/ti-cgt-msp430_16.9.6.LTS/lib/</path>
         <kind>archive</kind>
         <file>rts430_eabi.lib</file>
         <name>fs_tou.obj</name>
      </input_file>
      <input_file id="fl-48">
         <path>/Applications/ti/ccsv7/tools/compiler/ti-cgt-msp430_16.9.6.LTS/lib/</path>
         <kind>archive</kind>
         <file>rts430_eabi.lib</file>
         <name>fs_utof.obj</name>
      </input_file>
      <input_file id="fl-49">
         <path>/Applications/ti/ccsv7/tools/compiler/ti-cgt-msp430_16.9.6.LTS/lib/</path>
         <kind>archive</kind>
         <file>rts430_eabi.lib</file>
         <name>int02.obj</name>
      </input_file>
      <input_file id="fl-4a">
         <path>/Applications/ti/ccsv7/tools/compiler/ti-cgt-msp430_16.9.6.LTS/lib/</path>
         <kind>archive</kind>
         <file>rts430_eabi.lib</file>
         <name>int03.obj</name>
      </input_file>
      <input_file id="fl-4b">
         <path>/Applications/ti/ccsv7/tools/compiler/ti-cgt-msp430_16.9.6.LTS/lib/</path>
         <kind>archive</kind>
         <file>rts430_eabi.lib</file>
         <name>int05.obj</name>
      </input_file>
      <input_file id="fl-4c">
         <path>/Applications/ti/ccsv7/tools/compiler/ti-cgt-msp430_16.9.6.LTS/lib/</path>
         <kind>archive</kind>
         <file>rts430_eabi.lib</file>
         <name>int06.obj</name>
      </input_file>
      <input_file id="fl-4d">
         <path>/Applications/ti/ccsv7/tools/compiler/ti-cgt-msp430_16.9.6.LTS/lib/</path>
         <kind>archive</kind>
         <file>rts430_eabi.lib</file>
         <name>int07.obj</name>
      </input_file>
      <input_file id="fl-4e">
         <path>/Applications/ti/ccsv7/tools/compiler/ti-cgt-msp430_16.9.6.LTS/lib/</path>
         <kind>archive</kind>
         <file>rts430_eabi.lib</file>
         <name>int08.obj</name>
      </input_file>
      <input_file id="fl-4f">
         <path>/Applications/ti/ccsv7/tools/compiler/ti-cgt-msp430_16.9.6.LTS/lib/</path>
         <kind>archive</kind>
         <file>rts430_eabi.lib</file>
         <name>int10.obj</name>
      </input_file>
      <input_file id="fl-50">
         <path>/Applications/ti/ccsv7/tools/compiler/ti-cgt-msp430_16.9.6.LTS/lib/</path>
         <kind>archive</kind>
         <file>rts430_eabi.lib</file>
         <name>int12.obj</name>
      </input_file>
      <input_file id="fl-51">
         <path>/Applications/ti/ccsv7/tools/compiler/ti-cgt-msp430_16.9.6.LTS/lib/</path>
         <kind>archive</kind>
         <file>rts430_eabi.lib</file>
         <name>int14.obj</name>
      </input_file>
      <input_file id="fl-52">
         <path>/Applications/ti/ccsv7/tools/compiler/ti-cgt-msp430_16.9.6.LTS/lib/</path>
         <kind>archive</kind>
         <file>rts430_eabi.lib</file>
         <name>isr_trap.obj</name>
      </input_file>
      <input_file id="fl-53">
         <path>/Applications/ti/ccsv7/tools/compiler/ti-cgt-msp430_16.9.6.LTS/lib/</path>
         <kind>archive</kind>
         <file>rts430_eabi.lib</file>
         <name>lsl16.obj</name>
      </input_file>
      <input_file id="fl-54">
         <path>/Applications/ti/ccsv7/tools/compiler/ti-cgt-msp430_16.9.6.LTS/lib/</path>
         <kind>archive</kind>
         <file>rts430_eabi.lib</file>
         <name>lsl32.obj</name>
      </input_file>
      <input_file id="fl-55">
         <path>/Applications/ti/ccsv7/tools/compiler/ti-cgt-msp430_16.9.6.LTS/lib/</path>
         <kind>archive</kind>
         <file>rts430_eabi.lib</file>
         <name>lsr16.obj</name>
      </input_file>
      <input_file id="fl-56">
         <path>/Applications/ti/ccsv7/tools/compiler/ti-cgt-msp430_16.9.6.LTS/lib/</path>
         <kind>archive</kind>
         <file>rts430_eabi.lib</file>
         <name>lsr32.obj</name>
      </input_file>
      <input_file id="fl-57">
         <path>/Applications/ti/ccsv7/tools/compiler/ti-cgt-msp430_16.9.6.LTS/lib/</path>
         <kind>archive</kind>
         <file>rts430_eabi.lib</file>
         <name>lsr64.obj</name>
      </input_file>
      <input_file id="fl-58">
         <path>/Applications/ti/ccsv7/tools/compiler/ti-cgt-msp430_16.9.6.LTS/lib/</path>
         <kind>archive</kind>
         <file>rts430_eabi.lib</file>
         <name>memcpy.obj</name>
      </input_file>
      <input_file id="fl-59">
         <path>/Applications/ti/ccsv7/tools/compiler/ti-cgt-msp430_16.9.6.LTS/lib/</path>
         <kind>archive</kind>
         <file>rts430_eabi.lib</file>
         <name>mpu_init.obj</name>
      </input_file>
      <input_file id="fl-5a">
         <path>/Applications/ti/ccsv7/tools/compiler/ti-cgt-msp430_16.9.6.LTS/lib/</path>
         <kind>archive</kind>
         <file>rts430_eabi.lib</file>
         <name>pre_init.obj</name>
      </input_file>
      <input_file id="fl-5b">
         <path>/Applications/ti/ccsv7/tools/compiler/ti-cgt-msp430_16.9.6.LTS/lib/</path>
         <kind>archive</kind>
         <file>rts430_eabi.lib</file>
         <name>renormd.obj</name>
      </input_file>
      <input_file id="fl-5c">
         <path>/Applications/ti/ccsv7/tools/compiler/ti-cgt-msp430_16.9.6.LTS/lib/</path>
         <kind>archive</kind>
         <file>rts430_eabi.lib</file>
         <name>subd.obj</name>
      </input_file>
      <input_file id="fl-5d">
         <path>/Applications/ti/ccsv7/tools/compiler/ti-cgt-msp430_16.9.6.LTS/lib/</path>
         <kind>archive</kind>
         <file>rts430_eabi.lib</file>
         <name>_lock.obj</name>
      </input_file>
      <input_file id="fl-5e">
         <path>/Applications/ti/ccsv7/tools/compiler/ti-cgt-msp430_16.9.6.LTS/lib/</path>
         <kind>archive</kind>
         <file>rts430_eabi.lib</file>
         <name>args_main.obj</name>
      </input_file>
      <input_file id="fl-5f">
         <path>/Applications/ti/ccsv7/tools/compiler/ti-cgt-msp430_16.9.6.LTS/lib/</path>
         <kind>archive</kind>
         <file>rts430_eabi.lib</file>
         <name>asr32.obj</name>
      </input_file>
      <input_file id="fl-60">
         <path>/Applications/ti/ccsv7/tools/compiler/ti-cgt-msp430_16.9.6.LTS/lib/</path>
         <kind>archive</kind>
         <file>rts430_eabi.lib</file>
         <name>autoinit.obj</name>
      </input_file>
      <input_file id="fl-61">
         <path>/Applications/ti/ccsv7/tools/compiler/ti-cgt-msp430_16.9.6.LTS/lib/</path>
         <kind>archive</kind>
         <file>rts430_eabi.lib</file>
         <name>cpy_tbl.obj</name>
      </input_file>
      <input_file id="fl-62">
         <path>/Applications/ti/ccsv7/tools/compiler/ti-cgt-msp430_16.9.6.LTS/lib/</path>
         <kind>archive</kind>
         <file>rts430_eabi.lib</file>
         <name>mult16.obj</name>
      </input_file>
      <input_file id="fl-63">
         <path>/Applications/ti/ccsv7/tools/compiler/ti-cgt-msp430_16.9.6.LTS/lib/</path>
         <kind>archive</kind>
         <file>rts430_eabi.lib</file>
         <name>startup.obj</name>
      </input_file>
   </input_file_list>
   <object_component_list>
      <object_component id="oc-317">
         <name>.bss:instance</name>
         <uninitialized>true</uninitialized>
         <run_address>0x25c</run_address>
         <size>0x2</size>
         <input_file_ref idref="fl-b"/>
      </object_component>
      <object_component id="oc-2aa">
         <name>.bss:instance</name>
         <uninitialized>true</uninitialized>
         <run_address>0x25e</run_address>
         <size>0x2</size>
         <input_file_ref idref="fl-c"/>
      </object_component>
      <object_component id="oc-27a">
         <name>.bss:oneMsTick</name>
         <uninitialized>true</uninitialized>
         <run_address>0x264</run_address>
         <size>0x2</size>
         <input_file_ref idref="fl-e"/>
      </object_component>
      <object_component id="oc-17d">
         <name>.bss:onInterrupt</name>
         <uninitialized>true</uninitialized>
         <run_address>0x254</run_address>
         <size>0x4</size>
         <input_file_ref idref="fl-e"/>
      </object_component>
      <object_component id="oc-2b2">
         <name>.bss:instance</name>
         <uninitialized>true</uninitialized>
         <run_address>0x200</run_address>
         <size>0x3a</size>
         <input_file_ref idref="fl-f"/>
      </object_component>
      <object_component id="oc-31f">
         <name>.bss:instance</name>
         <uninitialized>true</uninitialized>
         <run_address>0x260</run_address>
         <size>0x2</size>
         <input_file_ref idref="fl-10"/>
      </object_component>
      <object_component id="oc-285">
         <name>.bss:interruptTimeSource</name>
         <uninitialized>true</uninitialized>
         <run_address>0x262</run_address>
         <size>0x2</size>
         <input_file_ref idref="fl-12"/>
      </object_component>
      <object_component id="oc-181">
         <name>.bss:instance</name>
         <uninitialized>true</uninitialized>
         <run_address>0x23a</run_address>
         <size>0xa</size>
         <input_file_ref idref="fl-13"/>
      </object_component>
      <object_component id="oc-28a">
         <name>.bss:timerModule</name>
         <uninitialized>true</uninitialized>
         <run_address>0x24c</run_address>
         <size>0x8</size>
         <input_file_ref idref="fl-1a"/>
      </object_component>
      <object_component id="oc-290">
         <name>.bss:timeSourceSubscriber</name>
         <uninitialized>true</uninitialized>
         <run_address>0x244</run_address>
         <size>0x8</size>
         <input_file_ref idref="fl-1a"/>
      </object_component>
      <object_component id="oc-28d">
         <name>.bss:onTimePeriod</name>
         <uninitialized>true</uninitialized>
         <run_address>0x258</run_address>
         <size>0x4</size>
         <input_file_ref idref="fl-1a"/>
      </object_component>
      <object_component id="oc-ec">
         <name>.stack</name>
         <uninitialized>true</uninitialized>
         <run_address>0x5b0</run_address>
         <size>0x2</size>
         <input_file_ref idref="fl-37"/>
      </object_component>
      <object_component id="oc-6c8">
         <name>.stack</name>
         <uninitialized>true</uninitialized>
         <run_address>0x5b0</run_address>
         <size>0x0</size>
      </object_component>
      <object_component id="oc-500">
         <name>.text:__mspabi_addd</name>
         <load_address>0x8000</load_address>
         <run_address>0x8000</run_address>
         <size>0x2e8</size>
         <input_file_ref idref="fl-35"/>
      </object_component>
      <object_component id="oc-1fb">
         <name>.text:Application_Init</name>
         <load_address>0x82e8</load_address>
         <run_address>0x82e8</run_address>
         <size>0x28a</size>
         <input_file_ref idref="fl-2"/>
      </object_component>
      <object_component id="oc-5e5">
         <name>.text:__TI_frcaddd</name>
         <load_address>0x8572</load_address>
         <run_address>0x8572</run_address>
         <size>0x260</size>
         <input_file_ref idref="fl-44"/>
      </object_component>
      <object_component id="oc-2de">
         <name>.text:DoStepSubCycle</name>
         <load_address>0x87d2</load_address>
         <run_address>0x87d2</run_address>
         <size>0x230</size>
         <input_file_ref idref="fl-11"/>
      </object_component>
      <object_component id="oc-2a1">
         <name>.text:SetState</name>
         <load_address>0x8a02</load_address>
         <run_address>0x8a02</run_address>
         <size>0x1ee</size>
         <input_file_ref idref="fl-c"/>
      </object_component>
      <object_component id="oc-14f">
         <name>.text:main</name>
         <load_address>0x8bf0</load_address>
         <run_address>0x8bf0</run_address>
         <size>0x1c6</size>
         <input_file_ref idref="fl-3"/>
      </object_component>
      <object_component id="oc-448">
         <name>.text:SendByteOut</name>
         <load_address>0x8db6</load_address>
         <run_address>0x8db6</run_address>
         <size>0x18a</size>
         <input_file_ref idref="fl-f"/>
      </object_component>
      <object_component id="oc-42c">
         <name>.text:GetState</name>
         <load_address>0x8f40</load_address>
         <run_address>0x8f40</run_address>
         <size>0x14a</size>
         <input_file_ref idref="fl-c"/>
      </object_component>
      <object_component id="oc-621">
         <name>.text:BeginNormalOperation</name>
         <load_address>0x908a</load_address>
         <run_address>0x908a</run_address>
         <size>0x138</size>
         <input_file_ref idref="fl-2"/>
      </object_component>
      <object_component id="oc-348">
         <name>.text:DecreaseStepperOutput</name>
         <load_address>0x91c2</load_address>
         <run_address>0x91c2</run_address>
         <size>0x122</size>
         <input_file_ref idref="fl-2"/>
      </object_component>
      <object_component id="oc-342">
         <name>.text:IncreaseStepperOutput</name>
         <load_address>0x92e4</load_address>
         <run_address>0x92e4</run_address>
         <size>0x122</size>
         <input_file_ref idref="fl-2"/>
      </object_component>
      <object_component id="oc-1d1">
         <name>.text:GpioGroup_Init</name>
         <load_address>0x9406</load_address>
         <run_address>0x9406</run_address>
         <size>0x11e</size>
         <input_file_ref idref="fl-c"/>
      </object_component>
      <object_component id="oc-373">
         <name>.text:StartCalibrationCycle</name>
         <load_address>0x9524</load_address>
         <run_address>0x9524</run_address>
         <size>0x118</size>
         <input_file_ref idref="fl-2"/>
      </object_component>
      <object_component id="oc-360">
         <name>.text:UpdateLcd</name>
         <load_address>0x963c</load_address>
         <run_address>0x963c</run_address>
         <size>0x104</size>
         <input_file_ref idref="fl-2"/>
      </object_component>
      <object_component id="oc-50d">
         <name>.text:__mspabi_cmpd</name>
         <load_address>0x9740</load_address>
         <run_address>0x9740</run_address>
         <size>0xdc</size>
         <input_file_ref idref="fl-39"/>
      </object_component>
      <object_component id="oc-189">
         <name>.text</name>
         <load_address>0x981c</load_address>
         <run_address>0x981c</run_address>
         <size>0xc4</size>
         <input_file_ref idref="fl-46"/>
      </object_component>
      <object_component id="oc-33c">
         <name>.text:ToggleWaveState</name>
         <load_address>0x98e0</load_address>
         <run_address>0x98e0</run_address>
         <size>0xbe</size>
         <input_file_ref idref="fl-2"/>
      </object_component>
      <object_component id="oc-662">
         <name>.text:__TI_renormd</name>
         <load_address>0x999e</load_address>
         <run_address>0x999e</run_address>
         <size>0xbe</size>
         <input_file_ref idref="fl-5b"/>
      </object_component>
      <object_component id="oc-506">
         <name>.text:__mspabi_cvtdf</name>
         <load_address>0x9a5c</load_address>
         <run_address>0x9a5c</run_address>
         <size>0x8c</size>
         <input_file_ref idref="fl-3d"/>
      </object_component>
      <object_component id="oc-559">
         <name>.text:CalibrateStepperTwo</name>
         <load_address>0x9ae8</load_address>
         <run_address>0x9ae8</run_address>
         <size>0x86</size>
         <input_file_ref idref="fl-2"/>
      </object_component>
      <object_component id="oc-1dd">
         <name>.text:StepperMotor_Init</name>
         <load_address>0x9b6e</load_address>
         <run_address>0x9b6e</run_address>
         <size>0x84</size>
         <input_file_ref idref="fl-11"/>
      </object_component>
      <object_component id="oc-591">
         <name>.text:Busy</name>
         <load_address>0x9bf2</load_address>
         <run_address>0x9bf2</run_address>
         <size>0x80</size>
         <input_file_ref idref="fl-f"/>
      </object_component>
      <object_component id="oc-4fa">
         <name>.text:__mspabi_cvtfd</name>
         <load_address>0x9c72</load_address>
         <run_address>0x9c72</run_address>
         <size>0x72</size>
         <input_file_ref idref="fl-3e"/>
      </object_component>
      <object_component id="oc-545">
         <name>.text:AttempToMoveToHomePosition</name>
         <load_address>0x9ce4</load_address>
         <run_address>0x9ce4</run_address>
         <size>0x70</size>
         <input_file_ref idref="fl-6"/>
      </object_component>
      <object_component id="oc-324">
         <name>.text:Input_TimedButtonPress_Init</name>
         <load_address>0x9d54</load_address>
         <run_address>0x9d54</run_address>
         <size>0x6e</size>
         <input_file_ref idref="fl-17"/>
      </object_component>
      <object_component id="oc-135">
         <name>.text:_auto_init</name>
         <load_address>0x9dc2</load_address>
         <run_address>0x9dc2</run_address>
         <size>0x6e</size>
         <input_file_ref idref="fl-60"/>
      </object_component>
      <object_component id="oc-1d7">
         <name>.text:LcdDisplayParallel2Line_Init</name>
         <load_address>0x9e30</load_address>
         <run_address>0x9e30</run_address>
         <size>0x6c</size>
         <input_file_ref idref="fl-f"/>
      </object_component>
      <object_component id="oc-1e9">
         <name>.text:Input_StepperMotorHomeSensor_Init</name>
         <load_address>0x9e9c</load_address>
         <run_address>0x9e9c</run_address>
         <size>0x66</size>
         <input_file_ref idref="fl-16"/>
      </object_component>
      <object_component id="oc-2c6">
         <name>.text:TurnAllPwmsOff</name>
         <load_address>0x9f02</load_address>
         <run_address>0x9f02</run_address>
         <size>0x66</size>
         <input_file_ref idref="fl-11"/>
      </object_component>
      <object_component id="oc-193">
         <name>.text:DacController_SendInputCode</name>
         <load_address>0x9f68</load_address>
         <run_address>0x9f68</run_address>
         <size>0x62</size>
         <input_file_ref idref="fl-4"/>
      </object_component>
      <object_component id="oc-122">
         <name>.text:TB0_ISR</name>
         <load_address>0x9fca</load_address>
         <run_address>0x9fca</run_address>
         <size>0x5c</size>
         <input_file_ref idref="fl-13"/>
      </object_component>
      <object_component id="oc-681">
         <name>.text:l_lsr_const</name>
         <load_address>0xa026</load_address>
         <run_address>0xa026</run_address>
         <size>0x5c</size>
         <input_file_ref idref="fl-56"/>
      </object_component>
      <object_component id="oc-19d">
         <name>.text:copy_in</name>
         <load_address>0xa082</load_address>
         <run_address>0xa082</run_address>
         <size>0x5a</size>
         <input_file_ref idref="fl-61"/>
      </object_component>
      <object_component id="oc-1e3">
         <name>.text:Input_Button_Init</name>
         <load_address>0xa0dc</load_address>
         <run_address>0xa0dc</run_address>
         <size>0x56</size>
         <input_file_ref idref="fl-14"/>
      </object_component>
      <object_component id="oc-52b">
         <name>.text:Uint8To3LenghtString</name>
         <load_address>0xa132</load_address>
         <run_address>0xa132</run_address>
         <size>0x56</size>
         <input_file_ref idref="fl-2"/>
      </object_component>
      <object_component id="oc-565">
         <name>.text:StepperCalibrator_Calibrate</name>
         <load_address>0xa188</load_address>
         <run_address>0xa188</run_address>
         <size>0x52</size>
         <input_file_ref idref="fl-6"/>
      </object_component>
      <object_component id="oc-54b">
         <name>.text:StopStepperMotor</name>
         <load_address>0xa1da</load_address>
         <run_address>0xa1da</run_address>
         <size>0x50</size>
         <input_file_ref idref="fl-6"/>
      </object_component>
      <object_component id="oc-473">
         <name>.text:CallTimerCallback</name>
         <load_address>0xa22a</load_address>
         <run_address>0xa22a</run_address>
         <size>0x4c</size>
         <input_file_ref idref="fl-18"/>
      </object_component>
      <object_component id="oc-f5">
         <name>.text</name>
         <load_address>0xa276</load_address>
         <run_address>0xa276</run_address>
         <size>0x4c</size>
         <input_file_ref idref="fl-55"/>
      </object_component>
      <object_component id="oc-36c">
         <name>.text:StepperCalibrator_Init</name>
         <load_address>0xa2c2</load_address>
         <run_address>0xa2c2</run_address>
         <size>0x4a</size>
         <input_file_ref idref="fl-6"/>
      </object_component>
      <object_component id="oc-4f5">
         <name>.text</name>
         <load_address>0xa30c</load_address>
         <run_address>0xa30c</run_address>
         <size>0x4a</size>
         <input_file_ref idref="fl-45"/>
      </object_component>
      <object_component id="oc-615">
         <name>.text:WriteToSecondLcdLine</name>
         <load_address>0xa356</load_address>
         <run_address>0xa356</run_address>
         <size>0x48</size>
         <input_file_ref idref="fl-2"/>
      </object_component>
      <object_component id="oc-551">
         <name>.text:PublishCalibrationDoneEvent</name>
         <load_address>0xa39e</load_address>
         <run_address>0xa39e</run_address>
         <size>0x46</size>
         <input_file_ref idref="fl-6"/>
      </object_component>
      <object_component id="oc-18e">
         <name>.text</name>
         <load_address>0xa3e4</load_address>
         <run_address>0xa3e4</run_address>
         <size>0x46</size>
         <input_file_ref idref="fl-47"/>
      </object_component>
      <object_component id="oc-531">
         <name>.text:GetTimeAsString</name>
         <load_address>0xa42a</load_address>
         <run_address>0xa42a</run_address>
         <size>0x44</size>
         <input_file_ref idref="fl-2"/>
      </object_component>
      <object_component id="oc-53d">
         <name>.text:MoveCursorToSecondLcdLine</name>
         <load_address>0xa46e</load_address>
         <run_address>0xa46e</run_address>
         <size>0x42</size>
         <input_file_ref idref="fl-2"/>
      </object_component>
      <object_component id="oc-2ef">
         <name>.text:PollInput</name>
         <load_address>0xa4b0</load_address>
         <run_address>0xa4b0</run_address>
         <size>0x42</size>
         <input_file_ref idref="fl-14"/>
      </object_component>
      <object_component id="oc-34e">
         <name>.text:SwitchBetweenStepperOneOrTwoControl</name>
         <load_address>0xa4f2</load_address>
         <run_address>0xa4f2</run_address>
         <size>0x42</size>
         <input_file_ref idref="fl-2"/>
      </object_component>
      <object_component id="oc-1cb">
         <name>.text:TimerModule_Init</name>
         <load_address>0xa534</load_address>
         <run_address>0xa534</run_address>
         <size>0x42</size>
         <input_file_ref idref="fl-1a"/>
      </object_component>
      <object_component id="oc-354">
         <name>.text:HeartbeatLed_Init</name>
         <load_address>0xa576</load_address>
         <run_address>0xa576</run_address>
         <size>0x40</size>
         <input_file_ref idref="fl-d"/>
      </object_component>
      <object_component id="oc-46c">
         <name>.text:Timer_Periodic_Command</name>
         <load_address>0xa5b6</load_address>
         <run_address>0xa5b6</run_address>
         <size>0x40</size>
         <input_file_ref idref="fl-19"/>
      </object_component>
      <object_component id="oc-5d9">
         <name>.text:l_asr_const</name>
         <load_address>0xa5f6</load_address>
         <run_address>0xa5f6</run_address>
         <size>0x3e</size>
         <input_file_ref idref="fl-5f"/>
      </object_component>
      <object_component id="oc-5f2">
         <name>.text:l_lsl_const</name>
         <load_address>0xa634</load_address>
         <run_address>0xa634</run_address>
         <size>0x3e</size>
         <input_file_ref idref="fl-54"/>
      </object_component>
      <object_component id="oc-47d">
         <name>.text:CallTimerCallback</name>
         <load_address>0xa672</load_address>
         <run_address>0xa672</run_address>
         <size>0x38</size>
         <input_file_ref idref="fl-19"/>
      </object_component>
      <object_component id="oc-451">
         <name>.text:DoStep</name>
         <load_address>0xa6aa</load_address>
         <run_address>0xa6aa</run_address>
         <size>0x38</size>
         <input_file_ref idref="fl-11"/>
      </object_component>
      <object_component id="oc-1f5">
         <name>.text:Spi_Init</name>
         <load_address>0xa6e2</load_address>
         <run_address>0xa6e2</run_address>
         <size>0x36</size>
         <input_file_ref idref="fl-10"/>
      </object_component>
      <object_component id="oc-30c">
         <name>.text:Timer_OneShot_Start</name>
         <load_address>0xa718</load_address>
         <run_address>0xa718</run_address>
         <size>0x36</size>
         <input_file_ref idref="fl-18"/>
      </object_component>
      <object_component id="oc-2f5">
         <name>.text:Timer_Periodic_Start</name>
         <load_address>0xa74e</load_address>
         <run_address>0xa74e</run_address>
         <size>0x36</size>
         <input_file_ref idref="fl-19"/>
      </object_component>
      <object_component id="oc-607">
         <name>.text:Uint8To2LenghtString</name>
         <load_address>0xa784</load_address>
         <run_address>0xa784</run_address>
         <size>0x36</size>
         <input_file_ref idref="fl-2"/>
      </object_component>
      <object_component id="oc-4cd">
         <name>.text:StartTimedPressTimer</name>
         <load_address>0xa7ba</load_address>
         <run_address>0xa7ba</run_address>
         <size>0x32</size>
         <input_file_ref idref="fl-17"/>
      </object_component>
      <object_component id="oc-640">
         <name>.text:LinkedList_Remove</name>
         <load_address>0xa7ec</load_address>
         <run_address>0xa7ec</run_address>
         <size>0x30</size>
         <input_file_ref idref="fl-7"/>
      </object_component>
      <object_component id="oc-2e4">
         <name>.text:Timer_Periodic_Init</name>
         <load_address>0xa81c</load_address>
         <run_address>0xa81c</run_address>
         <size>0x30</size>
         <input_file_ref idref="fl-19"/>
      </object_component>
      <object_component id="oc-300">
         <name>.text:PollSensor</name>
         <load_address>0xa84c</load_address>
         <run_address>0xa84c</run_address>
         <size>0x2e</size>
         <input_file_ref idref="fl-16"/>
      </object_component>
      <object_component id="oc-513">
         <name>.text:__mspabi_subd</name>
         <load_address>0xa87a</load_address>
         <run_address>0xa87a</run_address>
         <size>0x2e</size>
         <input_file_ref idref="fl-5c"/>
      </object_component>
      <object_component id="oc-457">
         <name>.text:Stop</name>
         <load_address>0xa8a8</load_address>
         <run_address>0xa8a8</run_address>
         <size>0x2c</size>
         <input_file_ref idref="fl-11"/>
      </object_component>
      <object_component id="oc-2d2">
         <name>.text:Timer_OneShot_Init</name>
         <load_address>0xa8d4</load_address>
         <run_address>0xa8d4</run_address>
         <size>0x2c</size>
         <input_file_ref idref="fl-18"/>
      </object_component>
      <object_component id="oc-330">
         <name>.text:WaveformGenerator_Init</name>
         <load_address>0xa900</load_address>
         <run_address>0xa900</run_address>
         <size>0x2c</size>
         <input_file_ref idref="fl-13"/>
      </object_component>
      <object_component id="oc-2b6">
         <name>.text:WriteCommand</name>
         <load_address>0xa92c</load_address>
         <run_address>0xa92c</run_address>
         <size>0x2c</size>
         <input_file_ref idref="fl-f"/>
      </object_component>
      <object_component id="oc-438">
         <name>.text:WriteData</name>
         <load_address>0xa958</load_address>
         <run_address>0xa958</run_address>
         <size>0x2c</size>
         <input_file_ref idref="fl-f"/>
      </object_component>
      <object_component id="oc-58a">
         <name>.text</name>
         <load_address>0xa984</load_address>
         <run_address>0xa984</run_address>
         <size>0x2c</size>
         <input_file_ref idref="fl-36"/>
      </object_component>
      <object_component id="oc-601">
         <name>.text</name>
         <load_address>0xa9b0</load_address>
         <run_address>0xa9b0</run_address>
         <size>0x2c</size>
         <input_file_ref idref="fl-3f"/>
      </object_component>
      <object_component id="oc-f0">
         <name>.text</name>
         <load_address>0xa9dc</load_address>
         <run_address>0xa9dc</run_address>
         <size>0x2c</size>
         <input_file_ref idref="fl-53"/>
      </object_component>
      <object_component id="oc-60f">
         <name>.text:LcdDisplayController_SetCursorIndex</name>
         <load_address>0xaa08</load_address>
         <run_address>0xaa08</run_address>
         <size>0x2a</size>
         <input_file_ref idref="fl-5"/>
      </object_component>
      <object_component id="oc-201">
         <name>.text:TimerModule_Run</name>
         <load_address>0xaa32</load_address>
         <run_address>0xaa32</run_address>
         <size>0x2a</size>
         <input_file_ref idref="fl-1a"/>
      </object_component>
      <object_component id="oc-1ef">
         <name>.text:Adc_10_Init</name>
         <load_address>0xaa5c</load_address>
         <run_address>0xaa5c</run_address>
         <size>0x28</size>
         <input_file_ref idref="fl-b"/>
      </object_component>
      <object_component id="oc-5a0">
         <name>.text:Timer_OneShot_Stop</name>
         <load_address>0xaa84</load_address>
         <run_address>0xaa84</run_address>
         <size>0x28</size>
         <input_file_ref idref="fl-18"/>
      </object_component>
      <object_component id="oc-366">
         <name>.text:ToggleWorkoutLed</name>
         <load_address>0xaaac</load_address>
         <run_address>0xaaac</run_address>
         <size>0x28</size>
         <input_file_ref idref="fl-2"/>
      </object_component>
      <object_component id="oc-51b">
         <name>.text:ToggleLed</name>
         <load_address>0xaad4</load_address>
         <run_address>0xaad4</run_address>
         <size>0x26</size>
         <input_file_ref idref="fl-d"/>
      </object_component>
      <object_component id="oc-11c">
         <name>.text:TA0_ISR</name>
         <load_address>0xaafa</load_address>
         <run_address>0xaafa</run_address>
         <size>0x24</size>
         <input_file_ref idref="fl-e"/>
      </object_component>
      <object_component id="oc-184">
         <name>.text</name>
         <load_address>0xab1e</load_address>
         <run_address>0xab1e</run_address>
         <size>0x24</size>
         <input_file_ref idref="fl-48"/>
      </object_component>
      <object_component id="oc-639">
         <name>.text:LinkedList_Insert</name>
         <load_address>0xab42</load_address>
         <run_address>0xab42</run_address>
         <size>0x22</size>
         <input_file_ref idref="fl-7"/>
      </object_component>
      <object_component id="oc-48d">
         <name>.text:Read</name>
         <load_address>0xab64</load_address>
         <run_address>0xab64</run_address>
         <size>0x22</size>
         <input_file_ref idref="fl-14"/>
      </object_component>
      <object_component id="oc-632">
         <name>.text:LinkedList_ForEach</name>
         <load_address>0xab86</load_address>
         <run_address>0xab86</run_address>
         <size>0x20</size>
         <input_file_ref idref="fl-7"/>
      </object_component>
      <object_component id="oc-576">
         <name>.text:Subscribe</name>
         <load_address>0xaba6</load_address>
         <run_address>0xaba6</run_address>
         <size>0x20</size>
         <input_file_ref idref="fl-a"/>
      </object_component>
      <object_component id="oc-2cc">
         <name>.text:StopSteps</name>
         <load_address>0xabc6</load_address>
         <run_address>0xabc6</run_address>
         <size>0x1e</size>
         <input_file_ref idref="fl-11"/>
      </object_component>
      <object_component id="oc-1bf">
         <name>.text:Interrupt_1MsSystemTick_Init</name>
         <load_address>0xabe4</load_address>
         <run_address>0xabe4</run_address>
         <size>0x1c</size>
         <input_file_ref idref="fl-e"/>
      </object_component>
      <object_component id="oc-525">
         <name>.text:GetHr</name>
         <load_address>0xac00</load_address>
         <run_address>0xac00</run_address>
         <size>0x1a</size>
         <input_file_ref idref="fl-2"/>
      </object_component>
      <object_component id="oc-43e">
         <name>.text:IsBusy</name>
         <load_address>0xac1a</load_address>
         <run_address>0xac1a</run_address>
         <size>0x1a</size>
         <input_file_ref idref="fl-f"/>
      </object_component>
      <object_component id="oc-2d8">
         <name>.text:PublishStepsDoneEvent</name>
         <load_address>0xac34</load_address>
         <run_address>0xac34</run_address>
         <size>0x1a</size>
         <input_file_ref idref="fl-11"/>
      </object_component>
      <object_component id="oc-4df">
         <name>.text:WaveformGenerator_Start</name>
         <load_address>0xac4e</load_address>
         <run_address>0xac4e</run_address>
         <size>0x1a</size>
         <input_file_ref idref="fl-13"/>
      </object_component>
      <object_component id="oc-67">
         <name>.text:_c_int00_noargs_noexit</name>
         <load_address>0xac68</load_address>
         <run_address>0xac68</run_address>
         <size>0x1a</size>
         <input_file_ref idref="fl-38"/>
      </object_component>
      <object_component id="oc-299">
         <name>.text:EventSubscriber_Synchronous_Init</name>
         <load_address>0xac82</load_address>
         <run_address>0xac82</run_address>
         <size>0x16</size>
         <input_file_ref idref="fl-9"/>
      </object_component>
      <object_component id="oc-274">
         <name>.text:Event_Synchronous_Init</name>
         <load_address>0xac98</load_address>
         <run_address>0xac98</run_address>
         <size>0x16</size>
         <input_file_ref idref="fl-a"/>
      </object_component>
      <object_component id="oc-27d">
         <name>.text:TimerA0_Init</name>
         <load_address>0xacae</load_address>
         <run_address>0xacae</run_address>
         <size>0x16</size>
         <input_file_ref idref="fl-e"/>
      </object_component>
      <object_component id="oc-5cf">
         <name>.text</name>
         <load_address>0xacc4</load_address>
         <run_address>0xacc4</run_address>
         <size>0x16</size>
         <input_file_ref idref="fl-40"/>
      </object_component>
      <object_component id="oc-4b8">
         <name>.text:SendByte</name>
         <load_address>0xacda</load_address>
         <run_address>0xacda</run_address>
         <size>0x14</size>
         <input_file_ref idref="fl-10"/>
      </object_component>
      <object_component id="oc-49">
         <name>.text:decompress:ZI:__TI_zero_init</name>
         <load_address>0xacee</load_address>
         <run_address>0xacee</run_address>
         <size>0x14</size>
         <input_file_ref idref="fl-3c"/>
      </object_component>
      <object_component id="oc-245">
         <name>.text</name>
         <load_address>0xad02</load_address>
         <run_address>0xad02</run_address>
         <size>0x14</size>
         <input_file_ref idref="fl-62"/>
      </object_component>
      <object_component id="oc-570">
         <name>.text:Publish</name>
         <load_address>0xad16</load_address>
         <run_address>0xad16</run_address>
         <size>0x12</size>
         <input_file_ref idref="fl-a"/>
      </object_component>
      <object_component id="oc-4c7">
         <name>.text:PublishOnTimedPressEvent</name>
         <load_address>0xad28</load_address>
         <run_address>0xad28</run_address>
         <size>0x12</size>
         <input_file_ref idref="fl-17"/>
      </object_component>
      <object_component id="oc-672">
         <name>.text:ReturnCursor</name>
         <load_address>0xad3a</load_address>
         <run_address>0xad3a</run_address>
         <size>0x12</size>
         <input_file_ref idref="fl-2"/>
      </object_component>
      <object_component id="oc-57c">
         <name>.text:Unsubscribe</name>
         <load_address>0xad4c</load_address>
         <run_address>0xad4c</run_address>
         <size>0x12</size>
         <input_file_ref idref="fl-a"/>
      </object_component>
      <object_component id="oc-658">
         <name>.text:l_lsr</name>
         <load_address>0xad5e</load_address>
         <run_address>0xad5e</run_address>
         <size>0x12</size>
         <input_file_ref idref="fl-56"/>
      </object_component>
      <object_component id="oc-10a">
         <name>.text:memcpy</name>
         <load_address>0xad70</load_address>
         <run_address>0xad70</run_address>
         <size>0x12</size>
         <input_file_ref idref="fl-58"/>
      </object_component>
      <object_component id="oc-65d">
         <name>.text:l_asr</name>
         <load_address>0xad82</load_address>
         <run_address>0xad82</run_address>
         <size>0x10</size>
         <input_file_ref idref="fl-5f"/>
      </object_component>
      <object_component id="oc-653">
         <name>.text:l_lsl</name>
         <load_address>0xad92</load_address>
         <run_address>0xad92</run_address>
         <size>0x10</size>
         <input_file_ref idref="fl-54"/>
      </object_component>
      <object_component id="oc-fa">
         <name>.text</name>
         <load_address>0xada2</load_address>
         <run_address>0xada2</run_address>
         <size>0x10</size>
         <input_file_ref idref="fl-41"/>
      </object_component>
      <object_component id="oc-62c">
         <name>.text:CallSubscriberCallback</name>
         <load_address>0xadb2</load_address>
         <run_address>0xadb2</run_address>
         <size>0xe</size>
         <input_file_ref idref="fl-a"/>
      </object_component>
      <object_component id="oc-32a">
         <name>.text:DacController_Init</name>
         <load_address>0xadc0</load_address>
         <run_address>0xadc0</run_address>
         <size>0xe</size>
         <input_file_ref idref="fl-4"/>
      </object_component>
      <object_component id="oc-537">
         <name>.text:LcdDisplayController_WriteString</name>
         <load_address>0xadce</load_address>
         <run_address>0xadce</run_address>
         <size>0xe</size>
         <input_file_ref idref="fl-5"/>
      </object_component>
      <object_component id="oc-4e5">
         <name>.text:WaveformGenerator_SetFrequencyInHz</name>
         <load_address>0xaddc</load_address>
         <run_address>0xaddc</run_address>
         <size>0xe</size>
         <input_file_ref idref="fl-13"/>
      </object_component>
      <object_component id="oc-4eb">
         <name>.text:WaveformGenerator_Stop</name>
         <load_address>0xadea</load_address>
         <run_address>0xadea</run_address>
         <size>0xe</size>
         <input_file_ref idref="fl-13"/>
      </object_component>
      <object_component id="oc-4ac">
         <name>.text:GetAdcCounts</name>
         <load_address>0xadf8</load_address>
         <run_address>0xadf8</run_address>
         <size>0xc</size>
         <input_file_ref idref="fl-b"/>
      </object_component>
      <object_component id="oc-487">
         <name>.text:GetOnChangeEvent</name>
         <load_address>0xae04</load_address>
         <run_address>0xae04</run_address>
         <size>0xa</size>
         <input_file_ref idref="fl-14"/>
      </object_component>
      <object_component id="oc-421">
         <name>.text:LinkedListNode_Init</name>
         <load_address>0xae0e</load_address>
         <run_address>0xae0e</run_address>
         <size>0xa</size>
         <input_file_ref idref="fl-8"/>
      </object_component>
      <object_component id="oc-306">
         <name>.text:StartPolling</name>
         <load_address>0xae18</load_address>
         <run_address>0xae18</run_address>
         <size>0xa</size>
         <input_file_ref idref="fl-16"/>
      </object_component>
      <object_component id="oc-1c5">
         <name>.text:TimeSource_Interrupt1MsSystemTick_Init</name>
         <load_address>0xae22</load_address>
         <run_address>0xae22</run_address>
         <size>0xa</size>
         <input_file_ref idref="fl-12"/>
      </object_component>
      <object_component id="oc-599">
         <name>.text:Timer_OneShot_UpdateExpiryTicks</name>
         <load_address>0xae2c</load_address>
         <run_address>0xae2c</run_address>
         <size>0xa</size>
         <input_file_ref idref="fl-18"/>
      </object_component>
      <object_component id="oc-293">
         <name>.text:UpdateCount</name>
         <load_address>0xae36</load_address>
         <run_address>0xae36</run_address>
         <size>0xa</size>
         <input_file_ref idref="fl-1a"/>
      </object_component>
      <object_component id="oc-336">
         <name>.text:WaveformGenerator_SetAmplitudePercentage</name>
         <load_address>0xae40</load_address>
         <run_address>0xae40</run_address>
         <size>0xa</size>
         <input_file_ref idref="fl-13"/>
      </object_component>
      <object_component id="oc-49f">
         <name>.text:GetOnChangeEvent</name>
         <load_address>0xae4a</load_address>
         <run_address>0xae4a</run_address>
         <size>0x8</size>
         <input_file_ref idref="fl-16"/>
      </object_component>
      <object_component id="oc-5b6">
         <name>.text:GetOnChangeEvent</name>
         <load_address>0xae52</load_address>
         <run_address>0xae52</run_address>
         <size>0x8</size>
         <input_file_ref idref="fl-17"/>
      </object_component>
      <object_component id="oc-45d">
         <name>.text:GetOnStepDoneEvent</name>
         <load_address>0xae5a</load_address>
         <run_address>0xae5a</run_address>
         <size>0x8</size>
         <input_file_ref idref="fl-11"/>
      </object_component>
      <object_component id="oc-117">
         <name>.text:_isr:__TI_ISR_TRAP</name>
         <load_address>0xae62</load_address>
         <run_address>0xae62</run_address>
         <size>0x8</size>
         <input_file_ref idref="fl-52"/>
      </object_component>
      <object_component id="oc-463">
         <name>.text:IsBusy</name>
         <load_address>0xae6a</load_address>
         <run_address>0xae6a</run_address>
         <size>0x6</size>
         <input_file_ref idref="fl-11"/>
      </object_component>
      <object_component id="oc-35a">
         <name>.text:LcdDisplayController_Init</name>
         <load_address>0xae70</load_address>
         <run_address>0xae70</run_address>
         <size>0x6</size>
         <input_file_ref idref="fl-5"/>
      </object_component>
      <object_component id="oc-406">
         <name>.text:LinkedList_Init</name>
         <load_address>0xae76</load_address>
         <run_address>0xae76</run_address>
         <size>0x6</size>
         <input_file_ref idref="fl-7"/>
      </object_component>
      <object_component id="oc-496">
         <name>.text:TimerModule_GetPeriodEvent</name>
         <load_address>0xae7c</load_address>
         <run_address>0xae7c</run_address>
         <size>0x6</size>
         <input_file_ref idref="fl-1a"/>
      </object_component>
      <object_component id="oc-157">
         <name>.text:abort</name>
         <load_address>0xae82</load_address>
         <run_address>0xae82</run_address>
         <size>0x6</size>
         <input_file_ref idref="fl-42"/>
      </object_component>
      <object_component id="oc-12f">
         <name>.text:_system_pre_init</name>
         <load_address>0xae88</load_address>
         <run_address>0xae88</run_address>
         <size>0x4</size>
         <input_file_ref idref="fl-5a"/>
      </object_component>
      <object_component id="oc-207">
         <name>.text:Application_Run</name>
         <load_address>0xae8c</load_address>
         <run_address>0xae8c</run_address>
         <size>0x2</size>
         <input_file_ref idref="fl-2"/>
      </object_component>
      <object_component id="oc-5bc">
         <name>.text:Read</name>
         <load_address>0xae8e</load_address>
         <run_address>0xae8e</run_address>
         <size>0x2</size>
         <input_file_ref idref="fl-17"/>
      </object_component>
      <object_component id="oc-55f">
         <name>.text:StepperCalibrator_GetOnCalibrationDoneEvent</name>
         <load_address>0xae90</load_address>
         <run_address>0xae90</run_address>
         <size>0x2</size>
         <input_file_ref idref="fl-6"/>
      </object_component>
      <object_component id="oc-1a3">
         <name>.text:_system_post_cinit</name>
         <load_address>0xae92</load_address>
         <run_address>0xae92</run_address>
         <size>0x2</size>
         <input_file_ref idref="fl-63"/>
      </object_component>
      <object_component id="oc-6c7">
         <name>.cinit..bss.load</name>
         <load_address>0xafe8</load_address>
         <run_address>0xafe8</run_address>
         <size>0x4</size>
      </object_component>
      <object_component id="oc-6c5">
         <name>__TI_handler_table</name>
         <load_address>0xafec</load_address>
         <run_address>0xafec</run_address>
         <size>0x2</size>
      </object_component>
      <object_component id="oc-6c6">
         <name>__TI_cinit_table</name>
         <load_address>0xafee</load_address>
         <run_address>0xafee</run_address>
         <size>0x4</size>
      </object_component>
      <object_component id="oc-372">
         <name>.const:.string</name>
         <load_address>0xae94</load_address>
         <run_address>0xae94</run_address>
         <size>0x9a</size>
         <input_file_ref idref="fl-2"/>
      </object_component>
      <object_component id="oc-4d9">
         <name>.const:sineWave</name>
         <load_address>0xaf2e</load_address>
         <run_address>0xaf2e</run_address>
         <size>0x78</size>
         <input_file_ref idref="fl-2"/>
      </object_component>
      <object_component id="oc-4f2">
         <name>.const:.string:stepperStepsPerSubdivision</name>
         <load_address>0xafa6</load_address>
         <run_address>0xafa6</run_address>
         <size>0x14</size>
         <input_file_ref idref="fl-2"/>
      </object_component>
      <object_component id="oc-2c3">
         <name>.const:api</name>
         <load_address>0xafba</load_address>
         <run_address>0xafba</run_address>
         <size>0x8</size>
         <input_file_ref idref="fl-11"/>
      </object_component>
      <object_component id="oc-40c">
         <name>.const:eventSynchronousApi</name>
         <load_address>0xafc2</load_address>
         <run_address>0xafc2</run_address>
         <size>0x6</size>
         <input_file_ref idref="fl-a"/>
      </object_component>
      <object_component id="oc-2af">
         <name>.const:lcdDisplayParallel2LineAlarmClockApi</name>
         <load_address>0xafc8</load_address>
         <run_address>0xafc8</run_address>
         <size>0x6</size>
         <input_file_ref idref="fl-f"/>
      </object_component>
      <object_component id="oc-2b5">
         <name>.const:.string:initCommands$1</name>
         <load_address>0xafce</load_address>
         <run_address>0xafce</run_address>
         <size>0x5</size>
         <input_file_ref idref="fl-f"/>
      </object_component>
      <object_component id="oc-4dc">
         <name>.const</name>
         <load_address>0xafd3</load_address>
         <run_address>0xafd3</run_address>
         <size>0x1</size>
         <input_file_ref idref="fl-2"/>
      </object_component>
      <object_component id="oc-4c4">
         <name>.const:api</name>
         <load_address>0xafd4</load_address>
         <run_address>0xafd4</run_address>
         <size>0x4</size>
         <input_file_ref idref="fl-17"/>
      </object_component>
      <object_component id="oc-2a7">
         <name>.const:gpioGroupApi</name>
         <load_address>0xafd8</load_address>
         <run_address>0xafd8</run_address>
         <size>0x4</size>
         <input_file_ref idref="fl-c"/>
      </object_component>
      <object_component id="oc-2ec">
         <name>.const:inputButtonApi</name>
         <load_address>0xafdc</load_address>
         <run_address>0xafdc</run_address>
         <size>0x4</size>
         <input_file_ref idref="fl-14"/>
      </object_component>
      <object_component id="oc-2fd">
         <name>.const:speedDisplaySensorInputApi</name>
         <load_address>0xafe0</load_address>
         <run_address>0xafe0</run_address>
         <size>0x4</size>
         <input_file_ref idref="fl-16"/>
      </object_component>
      <object_component id="oc-314">
         <name>.const:adc10Api</name>
         <load_address>0xafe4</load_address>
         <run_address>0xafe4</run_address>
         <size>0x2</size>
         <input_file_ref idref="fl-b"/>
      </object_component>
      <object_component id="oc-31c">
         <name>.const:api</name>
         <load_address>0xafe6</load_address>
         <run_address>0xafe6</run_address>
         <size>0x2</size>
         <input_file_ref idref="fl-10"/>
      </object_component>
      <object_component id="oc-68f">
         <name>.binit</name>
         <load_address>0x8000</load_address>
         <run_address>0x8000</run_address>
         <size>0x0</size>
      </object_component>
      <object_component id="oc-3e">
         <name>.int02</name>
         <load_address>0xffe4</load_address>
         <run_address>0xffe4</run_address>
         <size>0x2</size>
         <input_file_ref idref="fl-49"/>
      </object_component>
      <object_component id="oc-3f">
         <name>.int03</name>
         <load_address>0xffe6</load_address>
         <run_address>0xffe6</run_address>
         <size>0x2</size>
         <input_file_ref idref="fl-4a"/>
      </object_component>
      <object_component id="oc-40">
         <name>.int05</name>
         <load_address>0xffea</load_address>
         <run_address>0xffea</run_address>
         <size>0x2</size>
         <input_file_ref idref="fl-4b"/>
      </object_component>
      <object_component id="oc-41">
         <name>.int06</name>
         <load_address>0xffec</load_address>
         <run_address>0xffec</run_address>
         <size>0x2</size>
         <input_file_ref idref="fl-4c"/>
      </object_component>
      <object_component id="oc-42">
         <name>.int07</name>
         <load_address>0xffee</load_address>
         <run_address>0xffee</run_address>
         <size>0x2</size>
         <input_file_ref idref="fl-4d"/>
      </object_component>
      <object_component id="oc-43">
         <name>.int08</name>
         <load_address>0xfff0</load_address>
         <run_address>0xfff0</run_address>
         <size>0x2</size>
         <input_file_ref idref="fl-4e"/>
      </object_component>
      <object_component id="oc-44">
         <name>.int09</name>
         <load_address>0xfff2</load_address>
         <run_address>0xfff2</run_address>
         <size>0x2</size>
         <input_file_ref idref="fl-e"/>
      </object_component>
      <object_component id="oc-45">
         <name>.int10</name>
         <load_address>0xfff4</load_address>
         <run_address>0xfff4</run_address>
         <size>0x2</size>
         <input_file_ref idref="fl-4f"/>
      </object_component>
      <object_component id="oc-46">
         <name>.int12</name>
         <load_address>0xfff8</load_address>
         <run_address>0xfff8</run_address>
         <size>0x2</size>
         <input_file_ref idref="fl-50"/>
      </object_component>
      <object_component id="oc-47">
         <name>.int13</name>
         <load_address>0xfffa</load_address>
         <run_address>0xfffa</run_address>
         <size>0x2</size>
         <input_file_ref idref="fl-13"/>
      </object_component>
      <object_component id="oc-48">
         <name>.int14</name>
         <load_address>0xfffc</load_address>
         <run_address>0xfffc</run_address>
         <size>0x2</size>
         <input_file_ref idref="fl-51"/>
      </object_component>
      <object_component id="oc-ef">
         <name>.reset</name>
         <load_address>0xfffe</load_address>
         <run_address>0xfffe</run_address>
         <size>0x2</size>
         <input_file_ref idref="fl-37"/>
      </object_component>
      <object_component id="oc-37a">
         <name>.debug_info</name>
         <load_address>0x0</load_address>
         <run_address>0x0</run_address>
         <size>0xa82</size>
         <input_file_ref idref="fl-2"/>
      </object_component>
      <object_component id="oc-4dd">
         <name>.debug_info</name>
         <load_address>0xa82</load_address>
         <run_address>0xa82</run_address>
         <size>0xf0</size>
         <input_file_ref idref="fl-2"/>
      </object_component>
      <object_component id="oc-4da">
         <name>.debug_info</name>
         <load_address>0xb72</load_address>
         <run_address>0xb72</run_address>
         <size>0xdc</size>
         <input_file_ref idref="fl-2"/>
      </object_component>
      <object_component id="oc-4f3">
         <name>.debug_info</name>
         <load_address>0xc4e</load_address>
         <run_address>0xc4e</run_address>
         <size>0xff</size>
         <input_file_ref idref="fl-2"/>
      </object_component>
      <object_component id="oc-52c">
         <name>.debug_info</name>
         <load_address>0xd4d</load_address>
         <run_address>0xd4d</run_address>
         <size>0x200</size>
         <input_file_ref idref="fl-2"/>
      </object_component>
      <object_component id="oc-608">
         <name>.debug_info</name>
         <load_address>0xf4d</load_address>
         <run_address>0xf4d</run_address>
         <size>0x1c5</size>
         <input_file_ref idref="fl-2"/>
      </object_component>
      <object_component id="oc-673">
         <name>.debug_info</name>
         <load_address>0x1112</load_address>
         <run_address>0x1112</run_address>
         <size>0x18c</size>
         <input_file_ref idref="fl-2"/>
      </object_component>
      <object_component id="oc-616">
         <name>.debug_info</name>
         <load_address>0x129e</load_address>
         <run_address>0x129e</run_address>
         <size>0x1cc</size>
         <input_file_ref idref="fl-2"/>
      </object_component>
      <object_component id="oc-53e">
         <name>.debug_info</name>
         <load_address>0x146a</load_address>
         <run_address>0x146a</run_address>
         <size>0x1d9</size>
         <input_file_ref idref="fl-2"/>
      </object_component>
      <object_component id="oc-526">
         <name>.debug_info</name>
         <load_address>0x1643</load_address>
         <run_address>0x1643</run_address>
         <size>0x160</size>
         <input_file_ref idref="fl-2"/>
      </object_component>
      <object_component id="oc-532">
         <name>.debug_info</name>
         <load_address>0x17a3</load_address>
         <run_address>0x17a3</run_address>
         <size>0x201</size>
         <input_file_ref idref="fl-2"/>
      </object_component>
      <object_component id="oc-361">
         <name>.debug_info</name>
         <load_address>0x19a4</load_address>
         <run_address>0x19a4</run_address>
         <size>0x247</size>
         <input_file_ref idref="fl-2"/>
      </object_component>
      <object_component id="oc-33d">
         <name>.debug_info</name>
         <load_address>0x1beb</load_address>
         <run_address>0x1beb</run_address>
         <size>0x281</size>
         <input_file_ref idref="fl-2"/>
      </object_component>
      <object_component id="oc-343">
         <name>.debug_info</name>
         <load_address>0x1e6c</load_address>
         <run_address>0x1e6c</run_address>
         <size>0x284</size>
         <input_file_ref idref="fl-2"/>
      </object_component>
      <object_component id="oc-349">
         <name>.debug_info</name>
         <load_address>0x20f0</load_address>
         <run_address>0x20f0</run_address>
         <size>0x299</size>
         <input_file_ref idref="fl-2"/>
      </object_component>
      <object_component id="oc-34f">
         <name>.debug_info</name>
         <load_address>0x2389</load_address>
         <run_address>0x2389</run_address>
         <size>0x1d9</size>
         <input_file_ref idref="fl-2"/>
      </object_component>
      <object_component id="oc-622">
         <name>.debug_info</name>
         <load_address>0x2562</load_address>
         <run_address>0x2562</run_address>
         <size>0x296</size>
         <input_file_ref idref="fl-2"/>
      </object_component>
      <object_component id="oc-55a">
         <name>.debug_info</name>
         <load_address>0x27f8</load_address>
         <run_address>0x27f8</run_address>
         <size>0x2a3</size>
         <input_file_ref idref="fl-2"/>
      </object_component>
      <object_component id="oc-374">
         <name>.debug_info</name>
         <load_address>0x2a9b</load_address>
         <run_address>0x2a9b</run_address>
         <size>0x26a</size>
         <input_file_ref idref="fl-2"/>
      </object_component>
      <object_component id="oc-367">
         <name>.debug_info</name>
         <load_address>0x2d05</load_address>
         <run_address>0x2d05</run_address>
         <size>0x174</size>
         <input_file_ref idref="fl-2"/>
      </object_component>
      <object_component id="oc-208">
         <name>.debug_info</name>
         <load_address>0x2e79</load_address>
         <run_address>0x2e79</run_address>
         <size>0x13e</size>
         <input_file_ref idref="fl-2"/>
      </object_component>
      <object_component id="oc-1fc">
         <name>.debug_info</name>
         <load_address>0x2fb7</load_address>
         <run_address>0x2fb7</run_address>
         <size>0x6c7</size>
         <input_file_ref idref="fl-2"/>
      </object_component>
      <object_component id="oc-2be">
         <name>.debug_info</name>
         <load_address>0x367e</load_address>
         <run_address>0x367e</run_address>
         <size>0xc3</size>
         <input_file_ref idref="fl-2"/>
      </object_component>
      <object_component id="oc-387">
         <name>.debug_info</name>
         <load_address>0x3741</load_address>
         <run_address>0x3741</run_address>
         <size>0x101</size>
         <input_file_ref idref="fl-2"/>
      </object_component>
      <object_component id="oc-39b">
         <name>.debug_info</name>
         <load_address>0x3842</load_address>
         <run_address>0x3842</run_address>
         <size>0xde</size>
         <input_file_ref idref="fl-2"/>
      </object_component>
      <object_component id="oc-3b6">
         <name>.debug_info</name>
         <load_address>0x3920</load_address>
         <run_address>0x3920</run_address>
         <size>0x96</size>
         <input_file_ref idref="fl-2"/>
      </object_component>
      <object_component id="oc-396">
         <name>.debug_info</name>
         <load_address>0x39b6</load_address>
         <run_address>0x39b6</run_address>
         <size>0x5e</size>
         <input_file_ref idref="fl-2"/>
      </object_component>
      <object_component id="oc-3cf">
         <name>.debug_info</name>
         <load_address>0x3a14</load_address>
         <run_address>0x3a14</run_address>
         <size>0x79</size>
         <input_file_ref idref="fl-2"/>
      </object_component>
      <object_component id="oc-391">
         <name>.debug_info</name>
         <load_address>0x3a8d</load_address>
         <run_address>0x3a8d</run_address>
         <size>0x72</size>
         <input_file_ref idref="fl-2"/>
      </object_component>
      <object_component id="oc-3b1">
         <name>.debug_info</name>
         <load_address>0x3aff</load_address>
         <run_address>0x3aff</run_address>
         <size>0x6b</size>
         <input_file_ref idref="fl-2"/>
      </object_component>
      <object_component id="oc-37d">
         <name>.debug_info</name>
         <load_address>0x3b6a</load_address>
         <run_address>0x3b6a</run_address>
         <size>0x86</size>
         <input_file_ref idref="fl-2"/>
      </object_component>
      <object_component id="oc-38c">
         <name>.debug_info</name>
         <load_address>0x3bf0</load_address>
         <run_address>0x3bf0</run_address>
         <size>0xbb</size>
         <input_file_ref idref="fl-2"/>
      </object_component>
      <object_component id="oc-3bb">
         <name>.debug_info</name>
         <load_address>0x3cab</load_address>
         <run_address>0x3cab</run_address>
         <size>0xa1</size>
         <input_file_ref idref="fl-2"/>
      </object_component>
      <object_component id="oc-3aa">
         <name>.debug_info</name>
         <load_address>0x3d4c</load_address>
         <run_address>0x3d4c</run_address>
         <size>0x8d</size>
         <input_file_ref idref="fl-2"/>
      </object_component>
      <object_component id="oc-3f2">
         <name>.debug_info</name>
         <load_address>0x3dd9</load_address>
         <run_address>0x3dd9</run_address>
         <size>0x57</size>
         <input_file_ref idref="fl-2"/>
      </object_component>
      <object_component id="oc-22f">
         <name>.debug_info</name>
         <load_address>0x3e30</load_address>
         <run_address>0x3e30</run_address>
         <size>0x5e</size>
         <input_file_ref idref="fl-2"/>
      </object_component>
      <object_component id="oc-3a5">
         <name>.debug_info</name>
         <load_address>0x3e8e</load_address>
         <run_address>0x3e8e</run_address>
         <size>0x9a</size>
         <input_file_ref idref="fl-2"/>
      </object_component>
      <object_component id="oc-3c5">
         <name>.debug_info</name>
         <load_address>0x3f28</load_address>
         <run_address>0x3f28</run_address>
         <size>0xae</size>
         <input_file_ref idref="fl-2"/>
      </object_component>
      <object_component id="oc-382">
         <name>.debug_info</name>
         <load_address>0x3fd6</load_address>
         <run_address>0x3fd6</run_address>
         <size>0x5e</size>
         <input_file_ref idref="fl-2"/>
      </object_component>
      <object_component id="oc-3a0">
         <name>.debug_info</name>
         <load_address>0x4034</load_address>
         <run_address>0x4034</run_address>
         <size>0xc2</size>
         <input_file_ref idref="fl-2"/>
      </object_component>
      <object_component id="oc-236">
         <name>.debug_info</name>
         <load_address>0x40f6</load_address>
         <run_address>0x40f6</run_address>
         <size>0x9a</size>
         <input_file_ref idref="fl-2"/>
      </object_component>
      <object_component id="oc-3ca">
         <name>.debug_info</name>
         <load_address>0x4190</load_address>
         <run_address>0x4190</run_address>
         <size>0x86</size>
         <input_file_ref idref="fl-2"/>
      </object_component>
      <object_component id="oc-213">
         <name>.debug_info</name>
         <load_address>0x4216</load_address>
         <run_address>0x4216</run_address>
         <size>0x32f</size>
         <input_file_ref idref="fl-2"/>
      </object_component>
      <object_component id="oc-3c0">
         <name>.debug_info</name>
         <load_address>0x4545</load_address>
         <run_address>0x4545</run_address>
         <size>0x4a</size>
         <input_file_ref idref="fl-2"/>
      </object_component>
      <object_component id="oc-3ed">
         <name>.debug_info</name>
         <load_address>0x458f</load_address>
         <run_address>0x458f</run_address>
         <size>0x62</size>
         <input_file_ref idref="fl-2"/>
      </object_component>
      <object_component id="oc-20e">
         <name>.debug_info</name>
         <load_address>0x45f1</load_address>
         <run_address>0x45f1</run_address>
         <size>0x8b</size>
         <input_file_ref idref="fl-2"/>
      </object_component>
      <object_component id="oc-240">
         <name>.debug_info</name>
         <load_address>0x467c</load_address>
         <run_address>0x467c</run_address>
         <size>0x18b</size>
         <input_file_ref idref="fl-2"/>
      </object_component>
      <object_component id="oc-227">
         <name>.debug_info</name>
         <load_address>0x4807</load_address>
         <run_address>0x4807</run_address>
         <size>0x8a4</size>
         <input_file_ref idref="fl-3"/>
      </object_component>
      <object_component id="oc-150">
         <name>.debug_info</name>
         <load_address>0x50ab</load_address>
         <run_address>0x50ab</run_address>
         <size>0x4b1</size>
         <input_file_ref idref="fl-3"/>
      </object_component>
      <object_component id="oc-3d4">
         <name>.debug_info</name>
         <load_address>0x555c</load_address>
         <run_address>0x555c</run_address>
         <size>0x4a</size>
         <input_file_ref idref="fl-3"/>
      </object_component>
      <object_component id="oc-3d9">
         <name>.debug_info</name>
         <load_address>0x55a6</load_address>
         <run_address>0x55a6</run_address>
         <size>0x4a</size>
         <input_file_ref idref="fl-3"/>
      </object_component>
      <object_component id="oc-222">
         <name>.debug_info</name>
         <load_address>0x55f0</load_address>
         <run_address>0x55f0</run_address>
         <size>0xc2</size>
         <input_file_ref idref="fl-3"/>
      </object_component>
      <object_component id="oc-21d">
         <name>.debug_info</name>
         <load_address>0x56b2</load_address>
         <run_address>0x56b2</run_address>
         <size>0xc2</size>
         <input_file_ref idref="fl-3"/>
      </object_component>
      <object_component id="oc-3de">
         <name>.debug_info</name>
         <load_address>0x5774</load_address>
         <run_address>0x5774</run_address>
         <size>0x4a</size>
         <input_file_ref idref="fl-3"/>
      </object_component>
      <object_component id="oc-3e3">
         <name>.debug_info</name>
         <load_address>0x57be</load_address>
         <run_address>0x57be</run_address>
         <size>0x19e</size>
         <input_file_ref idref="fl-3"/>
      </object_component>
      <object_component id="oc-3e8">
         <name>.debug_info</name>
         <load_address>0x595c</load_address>
         <run_address>0x595c</run_address>
         <size>0x4a</size>
         <input_file_ref idref="fl-3"/>
      </object_component>
      <object_component id="oc-218">
         <name>.debug_info</name>
         <load_address>0x59a6</load_address>
         <run_address>0x59a6</run_address>
         <size>0x165</size>
         <input_file_ref idref="fl-3"/>
      </object_component>
      <object_component id="oc-23f">
         <name>.debug_info</name>
         <load_address>0x5b0b</load_address>
         <run_address>0x5b0b</run_address>
         <size>0x1d3</size>
         <input_file_ref idref="fl-4"/>
      </object_component>
      <object_component id="oc-194">
         <name>.debug_info</name>
         <load_address>0x5cde</load_address>
         <run_address>0x5cde</run_address>
         <size>0x20e</size>
         <input_file_ref idref="fl-4"/>
      </object_component>
      <object_component id="oc-32b">
         <name>.debug_info</name>
         <load_address>0x5eec</load_address>
         <run_address>0x5eec</run_address>
         <size>0x232</size>
         <input_file_ref idref="fl-4"/>
      </object_component>
      <object_component id="oc-105">
         <name>.debug_info</name>
         <load_address>0x611e</load_address>
         <run_address>0x611e</run_address>
         <size>0x84</size>
         <input_file_ref idref="fl-4"/>
      </object_component>
      <object_component id="oc-524">
         <name>.debug_info</name>
         <load_address>0x61a2</load_address>
         <run_address>0x61a2</run_address>
         <size>0x1ee</size>
         <input_file_ref idref="fl-5"/>
      </object_component>
      <object_component id="oc-610">
         <name>.debug_info</name>
         <load_address>0x6390</load_address>
         <run_address>0x6390</run_address>
         <size>0x222</size>
         <input_file_ref idref="fl-5"/>
      </object_component>
      <object_component id="oc-538">
         <name>.debug_info</name>
         <load_address>0x65b2</load_address>
         <run_address>0x65b2</run_address>
         <size>0x1ec</size>
         <input_file_ref idref="fl-5"/>
      </object_component>
      <object_component id="oc-35b">
         <name>.debug_info</name>
         <load_address>0x679e</load_address>
         <run_address>0x679e</run_address>
         <size>0x1d5</size>
         <input_file_ref idref="fl-5"/>
      </object_component>
      <object_component id="oc-558">
         <name>.debug_info</name>
         <load_address>0x6973</load_address>
         <run_address>0x6973</run_address>
         <size>0x3fa</size>
         <input_file_ref idref="fl-6"/>
      </object_component>
      <object_component id="oc-552">
         <name>.debug_info</name>
         <load_address>0x6d6d</load_address>
         <run_address>0x6d6d</run_address>
         <size>0x1e3</size>
         <input_file_ref idref="fl-6"/>
      </object_component>
      <object_component id="oc-546">
         <name>.debug_info</name>
         <load_address>0x6f50</load_address>
         <run_address>0x6f50</run_address>
[...]
      </symbol>
      <symbol id="sm-67f">
         <name>_c_int00_noargs_noexit</name>
         <value>0xac68</value>
         <object_component_ref idref="oc-67"/>
      </symbol>
      <symbol id="sm-699">
         <name>__mspabi_cmpd</name>
         <value>0x9740</value>
         <object_component_ref idref="oc-50d"/>
      </symbol>
      <symbol id="sm-6ae">
         <name>__TI_zero_init</name>
         <value>0xacee</value>
         <object_component_ref idref="oc-49"/>
      </symbol>
      <symbol id="sm-6c6">
         <name>__mspabi_cvtdf</name>
         <value>0x9a5c</value>
         <object_component_ref idref="oc-506"/>
      </symbol>
      <symbol id="sm-6d7">
         <name>__mspabi_cvtfd</name>
         <value>0x9c72</value>
         <object_component_ref idref="oc-4fa"/>
      </symbol>
      <symbol id="sm-6e3">
         <name>__mspabi_remi</name>
         <value>0xa9b0</value>
         <object_component_ref idref="oc-601"/>
      </symbol>
      <symbol id="sm-6e4">
         <name>__mspabi_divi</name>
         <value>0xa9b0</value>
         <object_component_ref idref="oc-601"/>
      </symbol>
      <symbol id="sm-6ee">
         <name>__mspabi_remu</name>
         <value>0xacc4</value>
         <object_component_ref idref="oc-5cf"/>
      </symbol>
      <symbol id="sm-6ef">
         <name>__mspabi_divu</name>
         <value>0xacc4</value>
         <object_component_ref idref="oc-5cf"/>
      </symbol>
      <symbol id="sm-6f8">
         <name>__mspabi_func_epilog_2</name>
         <value>0xadac</value>
         <object_component_ref idref="oc-fa"/>
      </symbol>
      <symbol id="sm-6f9">
         <name>__mspabi_func_epilog_3</name>
         <value>0xadaa</value>
         <object_component_ref idref="oc-fa"/>
      </symbol>
      <symbol id="sm-6fa">
         <name>__mspabi_func_epilog_1</name>
         <value>0xadae</value>
         <object_component_ref idref="oc-fa"/>
      </symbol>
      <symbol id="sm-6fb">
         <name>__mspabi_func_epilog_6</name>
         <value>0xada4</value>
         <object_component_ref idref="oc-fa"/>
      </symbol>
      <symbol id="sm-6fc">
         <name>__mspabi_func_epilog_7</name>
         <value>0xada2</value>
         <object_component_ref idref="oc-fa"/>
      </symbol>
      <symbol id="sm-6fd">
         <name>__mspabi_func_epilog_4</name>
         <value>0xada8</value>
         <object_component_ref idref="oc-fa"/>
      </symbol>
      <symbol id="sm-6fe">
         <name>__mspabi_func_epilog_5</name>
         <value>0xada6</value>
         <object_component_ref idref="oc-fa"/>
      </symbol>
      <symbol id="sm-708">
         <name>C$$EXIT</name>
         <value>0xae82</value>
         <object_component_ref idref="oc-157"/>
      </symbol>
      <symbol id="sm-709">
         <name>abort</name>
         <value>0xae82</value>
         <object_component_ref idref="oc-157"/>
      </symbol>
      <symbol id="sm-72b">
         <name>__TI_frcaddd</name>
         <value>0x8572</value>
         <object_component_ref idref="oc-5e5"/>
      </symbol>
      <symbol id="sm-73b">
         <name>__mspabi_cmpf</name>
         <value>0xa30c</value>
         <object_component_ref idref="oc-4f5"/>
      </symbol>
      <symbol id="sm-752">
         <name>__mspabi_mpyf</name>
         <value>0x981c</value>
         <object_component_ref idref="oc-189"/>
      </symbol>
      <symbol id="sm-761">
         <name>__mspabi_fixfu</name>
         <value>0xa3e4</value>
         <object_component_ref idref="oc-18e"/>
      </symbol>
      <symbol id="sm-76c">
         <name>__mspabi_fltuf</name>
         <value>0xab1e</value>
         <object_component_ref idref="oc-184"/>
      </symbol>
      <symbol id="sm-76f">
         <name>__TI_int02</name>
         <value>0xffe4</value>
         <object_component_ref idref="oc-3e"/>
      </symbol>
      <symbol id="sm-772">
         <name>__TI_int03</name>
         <value>0xffe6</value>
         <object_component_ref idref="oc-3f"/>
      </symbol>
      <symbol id="sm-775">
         <name>__TI_int05</name>
         <value>0xffea</value>
         <object_component_ref idref="oc-40"/>
      </symbol>
      <symbol id="sm-778">
         <name>__TI_int06</name>
         <value>0xffec</value>
         <object_component_ref idref="oc-41"/>
      </symbol>
      <symbol id="sm-77b">
         <name>__TI_int07</name>
         <value>0xffee</value>
         <object_component_ref idref="oc-42"/>
      </symbol>
      <symbol id="sm-77e">
         <name>__TI_int08</name>
         <value>0xfff0</value>
         <object_component_ref idref="oc-43"/>
      </symbol>
      <symbol id="sm-781">
         <name>__TI_int10</name>
         <value>0xfff4</value>
         <object_component_ref idref="oc-45"/>
      </symbol>
      <symbol id="sm-784">
         <name>__TI_int12</name>
         <value>0xfff8</value>
         <object_component_ref idref="oc-46"/>
      </symbol>
      <symbol id="sm-787">
         <name>__TI_int14</name>
         <value>0xfffc</value>
         <object_component_ref idref="oc-48"/>
      </symbol>
      <symbol id="sm-78f">
         <name>__TI_ISR_TRAP</name>
         <value>0xae62</value>
         <object_component_ref idref="oc-117"/>
      </symbol>
      <symbol id="sm-797">
         <name>__mspabi_slli</name>
         <value>0xa9dc</value>
         <object_component_ref idref="oc-f0"/>
      </symbol>
      <symbol id="sm-798">
         <name>__mspabi_slli_9</name>
         <value>0xa9f4</value>
         <object_component_ref idref="oc-f0"/>
      </symbol>
      <symbol id="sm-799">
         <name>__mspabi_slli_8</name>
         <value>0xa9f6</value>
         <object_component_ref idref="oc-f0"/>
      </symbol>
      <symbol id="sm-79a">
         <name>__mspabi_slli_7</name>
         <value>0xa9f8</value>
         <object_component_ref idref="oc-f0"/>
      </symbol>
      <symbol id="sm-79b">
         <name>__mspabi_slli_6</name>
         <value>0xa9fa</value>
         <object_component_ref idref="oc-f0"/>
      </symbol>
      <symbol id="sm-79c">
         <name>__mspabi_slli_5</name>
         <value>0xa9fc</value>
         <object_component_ref idref="oc-f0"/>
      </symbol>
      <symbol id="sm-79d">
         <name>__mspabi_slli_4</name>
         <value>0xa9fe</value>
         <object_component_ref idref="oc-f0"/>
      </symbol>
      <symbol id="sm-79e">
         <name>__mspabi_slli_3</name>
         <value>0xaa00</value>
         <object_component_ref idref="oc-f0"/>
      </symbol>
      <symbol id="sm-79f">
         <name>__mspabi_slli_2</name>
         <value>0xaa02</value>
         <object_component_ref idref="oc-f0"/>
      </symbol>
      <symbol id="sm-7a0">
         <name>__mspabi_slli_1</name>
         <value>0xaa04</value>
         <object_component_ref idref="oc-f0"/>
      </symbol>
      <symbol id="sm-7a1">
         <name>__mspabi_slli_15</name>
         <value>0xa9e8</value>
         <object_component_ref idref="oc-f0"/>
      </symbol>
      <symbol id="sm-7a2">
         <name>__mspabi_slli_14</name>
         <value>0xa9ea</value>
         <object_component_ref idref="oc-f0"/>
      </symbol>
      <symbol id="sm-7a3">
         <name>__mspabi_slli_13</name>
         <value>0xa9ec</value>
         <object_component_ref idref="oc-f0"/>
      </symbol>
      <symbol id="sm-7a4">
         <name>__mspabi_slli_12</name>
         <value>0xa9ee</value>
         <object_component_ref idref="oc-f0"/>
      </symbol>
      <symbol id="sm-7a5">
         <name>__mspabi_slli_11</name>
         <value>0xa9f0</value>
         <object_component_ref idref="oc-f0"/>
      </symbol>
      <symbol id="sm-7a6">
         <name>__mspabi_slli_10</name>
         <value>0xa9f2</value>
         <object_component_ref idref="oc-f0"/>
      </symbol>
      <symbol id="sm-7b6">
         <name>__mspabi_slll_9</name>
         <value>0xa64c</value>
         <object_component_ref idref="oc-5f2"/>
      </symbol>
      <symbol id="sm-7b7">
         <name>__mspabi_slll_8</name>
         <value>0xa650</value>
         <object_component_ref idref="oc-5f2"/>
      </symbol>
      <symbol id="sm-7b8">
         <name>__mspabi_slll_7</name>
         <value>0xa654</value>
         <object_component_ref idref="oc-5f2"/>
      </symbol>
      <symbol id="sm-7b9">
         <name>__mspabi_slll_6</name>
         <value>0xa658</value>
         <object_component_ref idref="oc-5f2"/>
      </symbol>
      <symbol id="sm-7ba">
         <name>__mspabi_slll_5</name>
         <value>0xa65c</value>
         <object_component_ref idref="oc-5f2"/>
      </symbol>
      <symbol id="sm-7bb">
         <name>__mspabi_slll_4</name>
         <value>0xa660</value>
         <object_component_ref idref="oc-5f2"/>
      </symbol>
      <symbol id="sm-7bc">
         <name>__mspabi_slll_3</name>
         <value>0xa664</value>
         <object_component_ref idref="oc-5f2"/>
      </symbol>
      <symbol id="sm-7bd">
         <name>__mspabi_slll_2</name>
         <value>0xa668</value>
         <object_component_ref idref="oc-5f2"/>
      </symbol>
      <symbol id="sm-7be">
         <name>__mspabi_slll_1</name>
         <value>0xa66c</value>
         <object_component_ref idref="oc-5f2"/>
      </symbol>
      <symbol id="sm-7bf">
         <name>__mspabi_slll</name>
         <value>0xad92</value>
         <object_component_ref idref="oc-653"/>
      </symbol>
      <symbol id="sm-7c0">
         <name>__mspabi_slll_15</name>
         <value>0xa634</value>
         <object_component_ref idref="oc-5f2"/>
      </symbol>
      <symbol id="sm-7c1">
         <name>__mspabi_slll_14</name>
         <value>0xa638</value>
         <object_component_ref idref="oc-5f2"/>
      </symbol>
      <symbol id="sm-7c2">
         <name>__mspabi_slll_13</name>
         <value>0xa63c</value>
         <object_component_ref idref="oc-5f2"/>
      </symbol>
      <symbol id="sm-7c3">
         <name>__mspabi_slll_12</name>
         <value>0xa640</value>
         <object_component_ref idref="oc-5f2"/>
      </symbol>
      <symbol id="sm-7c4">
         <name>__mspabi_slll_11</name>
         <value>0xa644</value>
         <object_component_ref idref="oc-5f2"/>
      </symbol>
      <symbol id="sm-7c5">
         <name>__mspabi_slll_10</name>
         <value>0xa648</value>
         <object_component_ref idref="oc-5f2"/>
      </symbol>
      <symbol id="sm-7cd">
         <name>__mspabi_srli_8</name>
         <value>0xa2a0</value>
         <object_component_ref idref="oc-f5"/>
      </symbol>
      <symbol id="sm-7ce">
         <name>__mspabi_srli_9</name>
         <value>0xa29c</value>
         <object_component_ref idref="oc-f5"/>
      </symbol>
      <symbol id="sm-7cf">
         <name>__mspabi_srli_6</name>
         <value>0xa2a8</value>
         <object_component_ref idref="oc-f5"/>
      </symbol>
      <symbol id="sm-7d0">
         <name>__mspabi_srli_7</name>
         <value>0xa2a4</value>
         <object_component_ref idref="oc-f5"/>
      </symbol>
      <symbol id="sm-7d1">
         <name>__mspabi_srli_4</name>
         <value>0xa2b0</value>
         <object_component_ref idref="oc-f5"/>
      </symbol>
      <symbol id="sm-7d2">
         <name>__mspabi_srli_5</name>
         <value>0xa2ac</value>
         <object_component_ref idref="oc-f5"/>
      </symbol>
      <symbol id="sm-7d3">
         <name>__mspabi_srli_2</name>
         <value>0xa2b8</value>
         <object_component_ref idref="oc-f5"/>
      </symbol>
      <symbol id="sm-7d4">
         <name>__mspabi_srli_3</name>
         <value>0xa2b4</value>
         <object_component_ref idref="oc-f5"/>
      </symbol>
      <symbol id="sm-7d5">
         <name>__mspabi_srli_1</name>
         <value>0xa2bc</value>
         <object_component_ref idref="oc-f5"/>
      </symbol>
      <symbol id="sm-7d6">
         <name>__mspabi_srli</name>
         <value>0xa276</value>
         <object_component_ref idref="oc-f5"/>
      </symbol>
      <symbol id="sm-7d7">
         <name>__mspabi_srli_15</name>
         <value>0xa284</value>
         <object_component_ref idref="oc-f5"/>
      </symbol>
      <symbol id="sm-7d8">
         <name>__mspabi_srli_14</name>
         <value>0xa288</value>
         <object_component_ref idref="oc-f5"/>
      </symbol>
      <symbol id="sm-7d9">
         <name>__mspabi_srli_13</name>
         <value>0xa28c</value>
         <object_component_ref idref="oc-f5"/>
      </symbol>
      <symbol id="sm-7da">
         <name>__mspabi_srli_12</name>
         <value>0xa290</value>
         <object_component_ref idref="oc-f5"/>
      </symbol>
      <symbol id="sm-7db">
         <name>__mspabi_srli_11</name>
         <value>0xa294</value>
         <object_component_ref idref="oc-f5"/>
      </symbol>
      <symbol id="sm-7dc">
         <name>__mspabi_srli_10</name>
         <value>0xa298</value>
         <object_component_ref idref="oc-f5"/>
      </symbol>
      <symbol id="sm-7ec">
         <name>__mspabi_srll_8</name>
         <value>0xa050</value>
         <object_component_ref idref="oc-681"/>
      </symbol>
      <symbol id="sm-7ed">
         <name>__mspabi_srll_9</name>
         <value>0xa04a</value>
         <object_component_ref idref="oc-681"/>
      </symbol>
      <symbol id="sm-7ee">
         <name>__mspabi_srll_6</name>
         <value>0xa05c</value>
         <object_component_ref idref="oc-681"/>
      </symbol>
      <symbol id="sm-7ef">
         <name>__mspabi_srll_7</name>
         <value>0xa056</value>
         <object_component_ref idref="oc-681"/>
      </symbol>
      <symbol id="sm-7f0">
         <name>__mspabi_srll_4</name>
         <value>0xa068</value>
         <object_component_ref idref="oc-681"/>
      </symbol>
      <symbol id="sm-7f1">
         <name>__mspabi_srll_5</name>
         <value>0xa062</value>
         <object_component_ref idref="oc-681"/>
      </symbol>
      <symbol id="sm-7f2">
         <name>__mspabi_srll_2</name>
         <value>0xa074</value>
         <object_component_ref idref="oc-681"/>
      </symbol>
      <symbol id="sm-7f3">
         <name>__mspabi_srll_3</name>
         <value>0xa06e</value>
         <object_component_ref idref="oc-681"/>
      </symbol>
      <symbol id="sm-7f4">
         <name>__mspabi_srll_1</name>
         <value>0xa07a</value>
         <object_component_ref idref="oc-681"/>
      </symbol>
      <symbol id="sm-7f5">
         <name>__mspabi_srll_15</name>
         <value>0xa026</value>
         <object_component_ref idref="oc-681"/>
      </symbol>
      <symbol id="sm-7f6">
         <name>__mspabi_srll_14</name>
         <value>0xa02c</value>
         <object_component_ref idref="oc-681"/>
      </symbol>
      <symbol id="sm-7f7">
         <name>__mspabi_srll_13</name>
         <value>0xa032</value>
         <object_component_ref idref="oc-681"/>
      </symbol>
      <symbol id="sm-7f8">
         <name>__mspabi_srll_12</name>
         <value>0xa038</value>
         <object_component_ref idref="oc-681"/>
      </symbol>
      <symbol id="sm-7f9">
         <name>__mspabi_srll_11</name>
         <value>0xa03e</value>
         <object_component_ref idref="oc-681"/>
      </symbol>
      <symbol id="sm-7fa">
         <name>__mspabi_srll_10</name>
         <value>0xa044</value>
         <object_component_ref idref="oc-681"/>
      </symbol>
      <symbol id="sm-7fb">
         <name>__mspabi_srll</name>
         <value>0xad5e</value>
         <object_component_ref idref="oc-658"/>
      </symbol>
      <symbol id="sm-80a">
         <name>memcpy</name>
         <value>0xad70</value>
         <object_component_ref idref="oc-10a"/>
      </symbol>
      <symbol id="sm-814">
         <name>_system_pre_init</name>
         <value>0xae88</value>
         <object_component_ref idref="oc-12f"/>
      </symbol>
      <symbol id="sm-827">
         <name>__TI_renormd</name>
         <value>0x999e</value>
         <object_component_ref idref="oc-662"/>
      </symbol>
      <symbol id="sm-830">
         <name>__mspabi_subd</name>
         <value>0xa87a</value>
         <object_component_ref idref="oc-513"/>
      </symbol>
      <symbol id="sm-842">
         <name>__mspabi_sral</name>
         <value>0xad82</value>
         <object_component_ref idref="oc-65d"/>
      </symbol>
      <symbol id="sm-843">
         <name>__mspabi_sral_15</name>
         <value>0xa5f6</value>
         <object_component_ref idref="oc-5d9"/>
      </symbol>
      <symbol id="sm-844">
         <name>__mspabi_sral_14</name>
         <value>0xa5fa</value>
         <object_component_ref idref="oc-5d9"/>
      </symbol>
      <symbol id="sm-845">
         <name>__mspabi_sral_13</name>
         <value>0xa5fe</value>
         <object_component_ref idref="oc-5d9"/>
      </symbol>
      <symbol id="sm-846">
         <name>__mspabi_sral_12</name>
         <value>0xa602</value>
         <object_component_ref idref="oc-5d9"/>
      </symbol>
      <symbol id="sm-847">
         <name>__mspabi_sral_11</name>
         <value>0xa606</value>
         <object_component_ref idref="oc-5d9"/>
      </symbol>
      <symbol id="sm-848">
         <name>__mspabi_sral_10</name>
         <value>0xa60a</value>
         <object_component_ref idref="oc-5d9"/>
      </symbol>
      <symbol id="sm-849">
         <name>__mspabi_sral_8</name>
         <value>0xa612</value>
         <object_component_ref idref="oc-5d9"/>
      </symbol>
      <symbol id="sm-84a">
         <name>__mspabi_sral_9</name>
         <value>0xa60e</value>
         <object_component_ref idref="oc-5d9"/>
      </symbol>
      <symbol id="sm-84b">
         <name>__mspabi_sral_6</name>
         <value>0xa61a</value>
         <object_component_ref idref="oc-5d9"/>
      </symbol>
      <symbol id="sm-84c">
         <name>__mspabi_sral_7</name>
         <value>0xa616</value>
         <object_component_ref idref="oc-5d9"/>
      </symbol>
      <symbol id="sm-84d">
         <name>__mspabi_sral_4</name>
         <value>0xa622</value>
         <object_component_ref idref="oc-5d9"/>
      </symbol>
      <symbol id="sm-84e">
         <name>__mspabi_sral_5</name>
         <value>0xa61e</value>
         <object_component_ref idref="oc-5d9"/>
      </symbol>
      <symbol id="sm-84f">
         <name>__mspabi_sral_2</name>
         <value>0xa62a</value>
         <object_component_ref idref="oc-5d9"/>
      </symbol>
      <symbol id="sm-850">
         <name>__mspabi_sral_3</name>
         <value>0xa626</value>
         <object_component_ref idref="oc-5d9"/>
      </symbol>
      <symbol id="sm-851">
         <name>__mspabi_sral_1</name>
         <value>0xa62e</value>
         <object_component_ref idref="oc-5d9"/>
      </symbol>
      <symbol id="sm-86d">
         <name>_auto_init</name>
         <value>0x9dc2</value>
         <object_component_ref idref="oc-135"/>
      </symbol>
      <symbol id="sm-883">
         <name>copy_in</name>
         <value>0xa082</value>
         <object_component_ref idref="oc-19d"/>
      </symbol>
      <symbol id="sm-88d">
         <name>__mspabi_mpyi_sw</name>
         <value>0xad02</value>
         <object_component_ref idref="oc-245"/>
      </symbol>
      <symbol id="sm-88e">
         <name>__mspabi_mpyi</name>
         <value>0xad02</value>
         <object_component_ref idref="oc-245"/>
      </symbol>
      <symbol id="sm-897">
         <name>_system_post_cinit</name>
         <value>0xae92</value>
         <object_component_ref idref="oc-1a3"/>
      </symbol>
      <symbol id="sm-89a">
         <name>__TI_BINIT_Base</name>
         <value>0x0</value>
      </symbol>
      <symbol id="sm-89b">
         <name>__TI_BINIT_Limit</name>
         <value>0x0</value>
      </symbol>
      <symbol id="sm-89c">
         <name>__TI_INITARRAY_Base</name>
         <value>0x0</value>
      </symbol>
      <symbol id="sm-89d">
         <name>__TI_INITARRAY_Limit</name>
         <value>0x0</value>
      </symbol>
   </symbol_table>
   <title>Link successful</title>
</link_info>
