******************************************************************************
                  MSP430 Linker Unix v16.9.6                   
******************************************************************************
>> Linked Thu Apr  5 20:49:33 2018

OUTPUT FILE NAME:   <FinalProject.out>
ENTRY POINT SYMBOL: "_c_int00_noargs_noexit"  address: 00009af0


MEMORY CONFIGURATION

         name            origin    length      used     unused   attr    fill
----------------------  --------  ---------  --------  --------  ----  --------
  SFR                   00000000   00000010  00000000  00000010  RWIX
  PERIPHERALS_8BIT      00000010   000000f0  00000000  000000f0  RWIX
  PERIPHERALS_16BIT     00000100   00000100  00000000  00000100  RWIX
  RAM                   00000200   00000400  000000b4  0000034c  RWIX
  INFOD                 00001000   00000040  00000000  00000040  RWIX
  INFOC                 00001040   00000040  00000000  00000040  RWIX
  INFOB                 00001080   00000040  00000000  00000040  RWIX
  INFOA                 000010c0   00000040  00000000  00000040  RWIX
  FLASH                 00008000   00007fde  00001dba  00006224  RWIX
  BSLSIGNATURE          0000ffde   00000002  00000002  00000000  RWIX  ffff 
  INT00                 0000ffe0   00000002  00000000  00000002  RWIX
  INT01                 0000ffe2   00000002  00000000  00000002  RWIX
  INT02                 0000ffe4   00000002  00000002  00000000  RWIX
  INT03                 0000ffe6   00000002  00000002  00000000  RWIX
  INT04                 0000ffe8   00000002  00000000  00000002  RWIX
  INT05                 0000ffea   00000002  00000002  00000000  RWIX
  INT06                 0000ffec   00000002  00000002  00000000  RWIX
  INT07                 0000ffee   00000002  00000002  00000000  RWIX
  INT08                 0000fff0   00000002  00000002  00000000  RWIX
  INT09                 0000fff2   00000002  00000002  00000000  RWIX
  INT10                 0000fff4   00000002  00000002  00000000  RWIX
  INT11                 0000fff6   00000002  00000000  00000002  RWIX
  INT12                 0000fff8   00000002  00000002  00000000  RWIX
  INT13                 0000fffa   00000002  00000002  00000000  RWIX
  INT14                 0000fffc   00000002  00000002  00000000  RWIX
  RESET                 0000fffe   00000002  00000002  00000000  RWIX


SECTION ALLOCATION MAP

 output                                  attributes/
section   page    origin      length       input sections
--------  ----  ----------  ----------   ----------------
.bss       0    00000200    00000064     UNINITIALIZED
                  00000200    0000003a     LcdDisplayParallel2Line.obj (.bss:instance)
                  0000023a    00000008     WaveformGenerator.obj (.bss:instance)
                  00000242    00000008     TimerModule.obj (.bss:timeSourceSubscriber)
                  0000024a    00000008     TimerModule.obj (.bss:timerModule)
                  00000252    00000004     Interrupt_1MsSystemTick.obj (.bss:onInterrupt)
                  00000256    00000004     TimerModule.obj (.bss:onTimePeriod)
                  0000025a    00000002     Adc_10.obj (.bss:instance)
                  0000025c    00000002     GpioGroup.obj (.bss:instance)
                  0000025e    00000002     Spi.obj (.bss:instance)
                  00000260    00000002     TimeSource_Interrupt1MsSystemTick.obj (.bss:interruptTimeSource)
                  00000262    00000002     Interrupt_1MsSystemTick.obj (.bss:oneMsTick)

.stack     0    000005b0    00000050     UNINITIALIZED
                  000005b0    00000002     rts430_eabi.lib : boot.obj (.stack)
                  000005b2    0000004e     --HOLE--

.text      0    00008000    00001cdc     
                  00008000    00000230     StepperMotor.obj (.text:DoStepSubCycle)
                  00008230    000001ee     GpioGroup.obj (.text:SetState)
                  0000841e    000001c6     main.obj (.text:main)
                  000085e4    0000018a     LcdDisplayParallel2Line.obj (.text:SendByteOut)
                  0000876e    00000176     Application.obj (.text:Application_Init)
                  000088e4    0000014a     GpioGroup.obj (.text:GetState)
                  00008a2e    0000011e     GpioGroup.obj (.text:GpioGroup_Init)
                  00008b4c    000000b6     Application.obj (.text:IncreaseStepperOutput)
                  00008c02    000000ac     Application.obj (.text:BeginNormalOperation)
                  00008cae    000000ac     Application.obj (.text:DecreaseStepperOutput)
                  00008d5a    00000098     Application.obj (.text:CalibrateStepperTwo)
                  00008df2    00000084     StepperMotor.obj (.text:StepperMotor_Init)
                  00008e76    00000080     LcdDisplayParallel2Line.obj (.text:Busy)
                  00008ef6    00000074     Application.obj (.text:Uint16ToString)
                  00008f6a    00000070     StepperCalibrator.obj (.text:AttempToMoveToHomePosition)
                  00008fda    0000006e     rts430_eabi.lib : autoinit.obj (.text:_auto_init)
                  00009048    0000006c     LcdDisplayParallel2Line.obj (.text:LcdDisplayParallel2Line_Init)
                  000090b4    00000066     Input_StepperMotorHomeSensor.obj (.text:Input_StepperMotorHomeSensor_Init)
                  0000911a    00000066     StepperMotor.obj (.text:TurnAllPwmsOff)
                  00009180    00000062     DacController.obj (.text:DacController_SendInputCode)
                  000091e2    0000005a     Application.obj (.text:WriteToSecondLcdLine)
                  0000923c    0000005a     rts430_eabi.lib : cpy_tbl.obj (.text:copy_in)
                  00009296    00000056     Input_Button.obj (.text:Input_Button_Init)
                  000092ec    00000052     StepperCalibrator.obj (.text:StepperCalibrator_Calibrate)
                  0000933e    00000050     StepperCalibrator.obj (.text:StopStepperMotor)
                  0000938e    00000050     WaveformGenerator.obj (.text:TB0_ISR)
                  000093de    0000004c     Timer_OneShot.obj (.text:CallTimerCallback)
                  0000942a    0000004a     StepperCalibrator.obj (.text:StepperCalibrator_Init)
                  00009474    00000046     StepperCalibrator.obj (.text:PublishCalibrationDoneEvent)
                  000094ba    00000046     Application.obj (.text:UpdateLcd)
                  00009500    00000042     Application.obj (.text:MoveCursorToSecondLcdLine)
                  00009542    00000042     Input_Button.obj (.text:PollInput)
                  00009584    00000042     TimerModule.obj (.text:TimerModule_Init)
                  000095c6    00000040     HeartbeatLed.obj (.text:HeartbeatLed_Init)
                  00009606    00000040     Timer_Periodic.obj (.text:Timer_Periodic_Command)
                  00009646    0000003a     Input_StepperMotorHomeSensor.obj (.text:PollSensor)
                  00009680    00000038     Timer_Periodic.obj (.text:CallTimerCallback)
                  000096b8    00000038     StepperMotor.obj (.text:DoStep)
                  000096f0    00000036     Spi.obj (.text:Spi_Init)
                  00009726    00000036     Timer_OneShot.obj (.text:Timer_OneShot_Start)
                  0000975c    00000036     Timer_Periodic.obj (.text:Timer_Periodic_Start)
                  00009792    00000030     LinkedList.obj (.text:LinkedList_Remove)
                  000097c2    00000030     Timer_Periodic.obj (.text:Timer_Periodic_Init)
                  000097f2    0000002c     StepperMotor.obj (.text:Stop)
                  0000981e    0000002c     Timer_OneShot.obj (.text:Timer_OneShot_Init)
                  0000984a    0000002c     LcdDisplayParallel2Line.obj (.text:WriteCommand)
                  00009876    0000002c     LcdDisplayParallel2Line.obj (.text:WriteData)
                  000098a2    0000002c     rts430_eabi.lib : asr16.obj (.text)
                  000098ce    0000002a     LcdDisplayController.obj (.text:LcdDisplayController_SetCursorIndex)
                  000098f8    0000002a     TimerModule.obj (.text:TimerModule_Run)
                  00009922    00000028     Adc_10.obj (.text:Adc_10_Init)
                  0000994a    00000028     Timer_OneShot.obj (.text:Timer_OneShot_Stop)
                  00009972    00000028     WaveformGenerator.obj (.text:WaveformGenerator_Init)
                  0000999a    00000026     HeartbeatLed.obj (.text:ToggleLed)
                  000099c0    00000024     Interrupt_1MsSystemTick.obj (.text:TA0_ISR)
                  000099e4    00000022     LinkedList.obj (.text:LinkedList_Insert)
                  00009a06    00000022     Input_Button.obj (.text:Read)
                  00009a28    00000020     LinkedList.obj (.text:LinkedList_ForEach)
                  00009a48    00000020     Event_Synchronous.obj (.text:Subscribe)
                  00009a68    0000001e     StepperMotor.obj (.text:StopSteps)
                  00009a86    0000001c     Interrupt_1MsSystemTick.obj (.text:Interrupt_1MsSystemTick_Init)
                  00009aa2    0000001a     LcdDisplayParallel2Line.obj (.text:IsBusy)
                  00009abc    0000001a     StepperMotor.obj (.text:PublishStepsDoneEvent)
                  00009ad6    0000001a     WaveformGenerator.obj (.text:WaveformGenerator_Start)
                  00009af0    0000001a     rts430_eabi.lib : boot_special.obj (.text:_c_int00_noargs_noexit)
                  00009b0a    00000016     EventSubscriber_Synchronous.obj (.text:EventSubscriber_Synchronous_Init)
                  00009b20    00000016     Event_Synchronous.obj (.text:Event_Synchronous_Init)
                  00009b36    00000016     Application.obj (.text:SwitchBetweenStepperOneOrTwoControl)
                  00009b4c    00000016     Interrupt_1MsSystemTick.obj (.text:TimerA0_Init)
                  00009b62    00000016     rts430_eabi.lib : div16u.obj (.text)
                  00009b78    00000014     Spi.obj (.text:SendByte)
                  00009b8c    00000014     rts430_eabi.lib : copy_zero_init.obj (.text:decompress:ZI:__TI_zero_init)
                  00009ba0    00000014                     : mult16.obj (.text)
                  00009bb4    00000012     Event_Synchronous.obj (.text:Publish)
                  00009bc6    00000012     Application.obj (.text:ReturnCursor)
                  00009bd8    00000012     Event_Synchronous.obj (.text:Unsubscribe)
                  00009bea    00000012     rts430_eabi.lib : memcpy.obj (.text:memcpy)
                  00009bfc    00000010     WaveformGenerator.obj (.text:WaveformGenerator_Stop)
                  00009c0c    00000010     rts430_eabi.lib : epilog.obj (.text)
                  00009c1c    0000000e     Event_Synchronous.obj (.text:CallSubscriberCallback)
                  00009c2a    0000000e     DacController.obj (.text:DacController_Init)
                  00009c38    0000000e     LcdDisplayController.obj (.text:LcdDisplayController_WriteString)
                  00009c46    0000000e     WaveformGenerator.obj (.text:WaveformGenerator_SetFrequencyInHz)
                  00009c54    0000000c     Adc_10.obj (.text:GetAdcCounts)
                  00009c60    0000000a     Input_Button.obj (.text:GetOnChangeEvent)
                  00009c6a    0000000a     LinkedListNode.obj (.text:LinkedListNode_Init)
                  00009c74    0000000a     Input_StepperMotorHomeSensor.obj (.text:StartPolling)
                  00009c7e    0000000a     TimeSource_Interrupt1MsSystemTick.obj (.text:TimeSource_Interrupt1MsSystemTick_Init)
                  00009c88    0000000a     Timer_OneShot.obj (.text:Timer_OneShot_UpdateExpiryTicks)
                  00009c92    0000000a     TimerModule.obj (.text:UpdateCount)
                  00009c9c    00000008     Input_StepperMotorHomeSensor.obj (.text:GetOnChangeEvent)
                  00009ca4    00000008     StepperMotor.obj (.text:GetOnStepDoneEvent)
                  00009cac    00000008     rts430_eabi.lib : isr_trap.obj (.text:_isr:__TI_ISR_TRAP)
                  00009cb4    00000006     StepperMotor.obj (.text:IsBusy)
                  00009cba    00000006     LcdDisplayController.obj (.text:LcdDisplayController_Init)
                  00009cc0    00000006     LinkedList.obj (.text:LinkedList_Init)
                  00009cc6    00000006     TimerModule.obj (.text:TimerModule_GetPeriodEvent)
                  00009ccc    00000006     rts430_eabi.lib : exit.obj (.text:abort)
                  00009cd2    00000004                     : pre_init.obj (.text:_system_pre_init)
                  00009cd6    00000002     Application.obj (.text:Application_Run)
                  00009cd8    00000002     StepperCalibrator.obj (.text:StepperCalibrator_GetOnCalibrationDoneEvent)
                  00009cda    00000002     rts430_eabi.lib : startup.obj (.text:_system_post_cinit)

.const     0    00009cdc    000000d4     
                  00009cdc    00000078     Application.obj (.const:sineWave)
                  00009d54    0000001e     Application.obj (.const:.string)
                  00009d72    00000014     Application.obj (.const:.string:stepperOneStepsPerSubdivision)
                  00009d86    00000008     StepperMotor.obj (.const:api)
                  00009d8e    00000006     Event_Synchronous.obj (.const:eventSynchronousApi)
                  00009d94    00000006     LcdDisplayParallel2Line.obj (.const:lcdDisplayParallel2LineAlarmClockApi)
                  00009d9a    00000005     LcdDisplayParallel2Line.obj (.const:.string:initCommands$1)
                  00009d9f    00000001     --HOLE-- [fill = 0]
                  00009da0    00000004     GpioGroup.obj (.const:gpioGroupApi)
                  00009da4    00000004     Input_Button.obj (.const:inputButtonApi)
                  00009da8    00000004     Input_StepperMotorHomeSensor.obj (.const:speedDisplaySensorInputApi)
                  00009dac    00000002     Adc_10.obj (.const:adc10Api)
                  00009dae    00000002     Spi.obj (.const:api)

.cinit     0    00009db0    0000000a     
                  00009db0    00000004     (.cinit..bss.load) [load image, compression = zero_init]
                  00009db4    00000002     (__TI_handler_table)
                  00009db6    00000004     (__TI_cinit_table)

.binit     0    00008000    00000000     

.init_array 
*          0    00008000    00000000     UNINITIALIZED

PORT1      0    0000ffe4    00000002     
                  0000ffe4    00000002     rts430_eabi.lib : int02.obj (.int02)

PORT2      0    0000ffe6    00000002     
                  0000ffe6    00000002     rts430_eabi.lib : int03.obj (.int03)

ADC10      0    0000ffea    00000002     
                  0000ffea    00000002     rts430_eabi.lib : int05.obj (.int05)

USCIAB0TX 
*          0    0000ffec    00000002     
                  0000ffec    00000002     rts430_eabi.lib : int06.obj (.int06)

USCIAB0RX 
*          0    0000ffee    00000002     
                  0000ffee    00000002     rts430_eabi.lib : int07.obj (.int07)

TIMERA1    0    0000fff0    00000002     
                  0000fff0    00000002     rts430_eabi.lib : int08.obj (.int08)

TIMERA0    0    0000fff2    00000002     
                  0000fff2    00000002     Interrupt_1MsSystemTick.obj (.int09)

WDT        0    0000fff4    00000002     
                  0000fff4    00000002     rts430_eabi.lib : int10.obj (.int10)

TIMERB1    0    0000fff8    00000002     
                  0000fff8    00000002     rts430_eabi.lib : int12.obj (.int12)

TIMERB0    0    0000fffa    00000002     
                  0000fffa    00000002     WaveformGenerator.obj (.int13)

NMI        0    0000fffc    00000002     
                  0000fffc    00000002     rts430_eabi.lib : int14.obj (.int14)

.reset     0    0000fffe    00000002     
                  0000fffe    00000002     rts430_eabi.lib : boot.obj (.reset)

$fill000   0    0000ffde    00000002     
                  0000ffde    00000002     --HOLE-- [fill = ffff]

MODULE SUMMARY

       Module                                  code   ro data   rw data
       ------                                  ----   -------   -------
    ./
       Application.obj                         1436   170       0      
       main.obj                                454    0         0      
    +--+---------------------------------------+------+---------+---------+
       Total:                                  1890   170       0      
                                                                       
    ./Controllers/
       StepperCalibrator.obj                   420    0         0      
       DacController.obj                       112    0         0      
       LcdDisplayController.obj                62     0         0      
    +--+---------------------------------------+------+---------+---------+
       Total:                                  594    0         0      
                                                                       
    ./DataStructures/
       LinkedList.obj                          120    0         0      
       LinkedListNode.obj                      10     0         0      
    +--+---------------------------------------+------+---------+---------+
       Total:                                  130    0         0      
                                                                       
    ./Event/
       Event_Synchronous.obj                   104    6         0      
       EventSubscriber_Synchronous.obj         22     0         0      
    +--+---------------------------------------+------+---------+---------+
       Total:                                  126    6         0      
                                                                       
    ./HardwareAbstractions/
       GpioGroup.obj                           1110   4         2      
       StepperMotor.obj                        964    8         0      
       LcdDisplayParallel2Line.obj             744    11        58     
       WaveformGenerator.obj                   176    2         8      
       HeartbeatLed.obj                        102    0         0      
       Interrupt_1MsSystemTick.obj             86     2         6      
       Spi.obj                                 74     2         2      
       Adc_10.obj                              52     2         2      
       TimeSource_Interrupt1MsSystemTick.obj   10     0         2      
    +--+---------------------------------------+------+---------+---------+
       Total:                                  3318   31        80     
                                                                       
    ./Input/
       Input_Button.obj                        196    4         0      
       Input_StepperMotorHomeSensor.obj        178    4         0      
    +--+---------------------------------------+------+---------+---------+
       Total:                                  374    8         0      
                                                                       
    ./Timer/
       Timer_OneShot.obj                       224    0         0      
       Timer_Periodic.obj                      222    0         0      
    +--+---------------------------------------+------+---------+---------+
       Total:                                  446    0         0      
                                                                       
    ./TimerModule/
       TimerModule.obj                         124    0         20     
    +--+---------------------------------------+------+---------+---------+
       Total:                                  124    0         20     
                                                                       
    /Applications/ti/ccsv7/tools/compiler/ti-cgt-msp430_16.9.6.LTS/lib/rts430_eabi.lib
       autoinit.obj                            110    0         0      
       cpy_tbl.obj                             90     0         0      
       asr16.obj                               44     0         0      
       boot_special.obj                        26     0         0      
       div16u.obj                              22     0         0      
       copy_zero_init.obj                      20     0         0      
       mult16.obj                              20     0         0      
       memcpy.obj                              18     0         0      
       epilog.obj                              16     0         0      
       isr_trap.obj                            8      0         0      
       exit.obj                                6      0         0      
       pre_init.obj                            4      0         0      
       boot.obj                                0      2         0      
       int02.obj                               0      2         0      
       int03.obj                               0      2         0      
       int05.obj                               0      2         0      
       int06.obj                               0      2         0      
       int07.obj                               0      2         0      
       int08.obj                               0      2         0      
       int10.obj                               0      2         0      
       int12.obj                               0      2         0      
       int14.obj                               0      2         0      
       startup.obj                             2      0         0      
    +--+---------------------------------------+------+---------+---------+
       Total:                                  386    20        0      
                                                                       
       Stack:                                  0      0         80     
       Linker Generated:                       0      10        0      
    +--+---------------------------------------+------+---------+---------+
       Grand Total:                            7388   245       180    


LINKER GENERATED COPY TABLES

__TI_cinit_table @ 00009db6 records: 1, size/record: 4, table size: 4
	.bss: load addr=00009db0, load size=00000004 bytes, run addr=00000200, run size=00000064 bytes, compression=zero_init


LINKER GENERATED HANDLER TABLE

__TI_handler_table @ 00009db4 records: 1, size/record: 2, table size: 2
	index: 0, handler: __TI_zero_init


GLOBAL SYMBOLS: SORTED ALPHABETICALLY BY Name 

address   name                                       
-------   ----                                       
0000004a  ADC10AE0                                   
0000004b  ADC10AE1                                   
000001b0  ADC10CTL0                                  
000001b2  ADC10CTL1                                  
00000048  ADC10DTC0                                  
00000049  ADC10DTC1                                  
000001b4  ADC10MEM                                   
000001bc  ADC10SA                                    
00009922  Adc_10_Init                                
0000876e  Application_Init                           
00009cd6  Application_Run                            
00000057  BCSCTL1                                    
00000058  BCSCTL2                                    
00000053  BCSCTL3                                    
00009ccc  C$$EXIT                                    
000010fb  CALBC1_12MHZ                               
000010f9  CALBC1_16MHZ                               
000010ff  CALBC1_1MHZ                                
000010fd  CALBC1_8MHZ                                
000010fa  CALDCO_12MHZ                               
000010f8  CALDCO_16MHZ                               
000010fe  CALDCO_1MHZ                                
000010fc  CALDCO_8MHZ                                
00000056  DCOCTL                                     
00009c2a  DacController_Init                         
00009180  DacController_SendInputCode                
00009b0a  EventSubscriber_Synchronous_Init           
00009b20  Event_Synchronous_Init                     
00000128  FCTL1                                      
0000012a  FCTL2                                      
0000012c  FCTL3                                      
00008a2e  GpioGroup_Init                             
000095c6  HeartbeatLed_Init                          
00000000  IE1                                        
00000001  IE2                                        
00000002  IFG1                                       
00000003  IFG2                                       
00009296  Input_Button_Init                          
000090b4  Input_StepperMotorHomeSensor_Init          
00009a86  Interrupt_1MsSystemTick_Init               
00009cba  LcdDisplayController_Init                  
000098ce  LcdDisplayController_SetCursorIndex        
00009c38  LcdDisplayController_WriteString           
00009048  LcdDisplayParallel2Line_Init               
00009c6a  LinkedListNode_Init                        
00009a28  LinkedList_ForEach                         
00009cc0  LinkedList_Init                            
000099e4  LinkedList_Insert                          
00009792  LinkedList_Remove                          
000000c0  OA0CTL0                                    
000000c1  OA0CTL1                                    
000000c2  OA1CTL0                                    
000000c3  OA1CTL1                                    
00000022  P1DIR                                      
00000025  P1IE                                       
00000024  P1IES                                      
00000023  P1IFG                                      
00000020  P1IN                                       
00000021  P1OUT                                      
00000027  P1REN                                      
00000026  P1SEL                                      
0000002a  P2DIR                                      
0000002d  P2IE                                       
0000002c  P2IES                                      
0000002b  P2IFG                                      
00000028  P2IN                                       
00000029  P2OUT                                      
0000002f  P2REN                                      
0000002e  P2SEL                                      
0000001a  P3DIR                                      
00000018  P3IN                                       
00000019  P3OUT                                      
00000010  P3REN                                      
0000001b  P3SEL                                      
0000001e  P4DIR                                      
0000001c  P4IN                                       
0000001d  P4OUT                                      
00000011  P4REN                                      
0000001f  P4SEL                                      
000096f0  Spi_Init                                   
000092ec  StepperCalibrator_Calibrate                
00009cd8  StepperCalibrator_GetOnCalibrationDoneEvent
0000942a  StepperCalibrator_Init                     
00008df2  StepperMotor_Init                          
000099c0  TA0_ISR                                    
00000172  TACCR0                                     
00000174  TACCR1                                     
00000176  TACCR2                                     
00000162  TACCTL0                                    
00000164  TACCTL1                                    
00000166  TACCTL2                                    
00000160  TACTL                                      
0000012e  TAIV                                       
00000170  TAR                                        
0000938e  TB0_ISR                                    
00000192  TBCCR0                                     
00000194  TBCCR1                                     
00000196  TBCCR2                                     
00000182  TBCCTL0                                    
00000184  TBCCTL1                                    
00000186  TBCCTL2                                    
00000180  TBCTL                                      
0000011e  TBIV                                       
00000190  TBR                                        
00009c7e  TimeSource_Interrupt1MsSystemTick_Init     
00009cc6  TimerModule_GetPeriodEvent                 
00009584  TimerModule_Init                           
000098f8  TimerModule_Run                            
0000981e  Timer_OneShot_Init                         
00009726  Timer_OneShot_Start                        
0000994a  Timer_OneShot_Stop                         
00009c88  Timer_OneShot_UpdateExpiryTicks            
00009606  Timer_Periodic_Command                     
000097c2  Timer_Periodic_Init                        
0000975c  Timer_Periodic_Start                       
0000005d  UCA0ABCTL                                  
00000062  UCA0BR0                                    
00000063  UCA0BR1                                    
00000060  UCA0CTL0                                   
00000061  UCA0CTL1                                   
0000005f  UCA0IRRCTL                                 
0000005e  UCA0IRTCTL                                 
00000064  UCA0MCTL                                   
00000066  UCA0RXBUF                                  
00000065  UCA0STAT                                   
00000067  UCA0TXBUF                                  
0000006a  UCB0BR0                                    
0000006b  UCB0BR1                                    
00000068  UCB0CTL0                                   
00000069  UCB0CTL1                                   
0000006c  UCB0I2CIE                                  
00000118  UCB0I2COA                                  
0000011a  UCB0I2CSA                                  
0000006e  UCB0RXBUF                                  
0000006d  UCB0STAT                                   
0000006f  UCB0TXBUF                                  
00008ef6  Uint16ToString                             
00000120  WDTCTL                                     
00009972  WaveformGenerator_Init                     
00009c46  WaveformGenerator_SetFrequencyInHz         
00009ad6  WaveformGenerator_Start                    
00009bfc  WaveformGenerator_Stop                     
00000600  __STACK_END                                
00000050  __STACK_SIZE                               
UNDEFED   __TI_BINIT_Base                            
UNDEFED   __TI_BINIT_Limit                           
00009db6  __TI_CINIT_Base                            
00009dba  __TI_CINIT_Limit                           
00009db4  __TI_Handler_Table_Base                    
00009db6  __TI_Handler_Table_Limit                   
UNDEFED   __TI_INITARRAY_Base                        
UNDEFED   __TI_INITARRAY_Limit                       
00009cac  __TI_ISR_TRAP                              
0000ffe4  __TI_int02                                 
0000ffe6  __TI_int03                                 
0000ffea  __TI_int05                                 
0000ffec  __TI_int06                                 
0000ffee  __TI_int07                                 
0000fff0  __TI_int08                                 
0000fff2  __TI_int09                                 
0000fff4  __TI_int10                                 
0000fff8  __TI_int12                                 
0000fffa  __TI_int13                                 
0000fffc  __TI_int14                                 
ffffffff  __TI_pprof_out_hndl                        
ffffffff  __TI_prof_data_size                        
ffffffff  __TI_prof_data_start                       
00009b8c  __TI_zero_init                             
ffffffff  __c_args__                                 
00009b62  __mspabi_divu                              
00009c18  __mspabi_func_epilog_1                     
00009c16  __mspabi_func_epilog_2                     
00009c14  __mspabi_func_epilog_3                     
00009c12  __mspabi_func_epilog_4                     
00009c10  __mspabi_func_epilog_5                     
00009c0e  __mspabi_func_epilog_6                     
00009c0c  __mspabi_func_epilog_7                     
00009ba0  __mspabi_mpyi                              
00009ba0  __mspabi_mpyi_sw                           
00009b62  __mspabi_remu                              
000098a2  __mspabi_srai                              
000098ca  __mspabi_srai_1                            
000098b8  __mspabi_srai_10                           
000098b6  __mspabi_srai_11                           
000098b4  __mspabi_srai_12                           
000098b2  __mspabi_srai_13                           
000098b0  __mspabi_srai_14                           
000098ae  __mspabi_srai_15                           
000098c8  __mspabi_srai_2                            
000098c6  __mspabi_srai_3                            
000098c4  __mspabi_srai_4                            
000098c2  __mspabi_srai_5                            
000098c0  __mspabi_srai_6                            
000098be  __mspabi_srai_7                            
000098bc  __mspabi_srai_8                            
000098ba  __mspabi_srai_9                            
00008fda  _auto_init                                 
00009af0  _c_int00_noargs_noexit                     
0000fffe  _reset_vector                              
000005b0  _stack                                     
00009cda  _system_post_cinit                         
00009cd2  _system_pre_init                           
00009ccc  abort                                      
0000923c  copy_in                                    
0000841e  main                                       
00009bea  memcpy                                     
00009cdc  sineWave                                   
00009da8  speedDisplaySensorInputApi                 


GLOBAL SYMBOLS: SORTED BY Symbol Address 

address   name                                       
-------   ----                                       
00000000  IE1                                        
00000001  IE2                                        
00000002  IFG1                                       
00000003  IFG2                                       
00000010  P3REN                                      
00000011  P4REN                                      
00000018  P3IN                                       
00000019  P3OUT                                      
0000001a  P3DIR                                      
0000001b  P3SEL                                      
0000001c  P4IN                                       
0000001d  P4OUT                                      
0000001e  P4DIR                                      
0000001f  P4SEL                                      
00000020  P1IN                                       
00000021  P1OUT                                      
00000022  P1DIR                                      
00000023  P1IFG                                      
00000024  P1IES                                      
00000025  P1IE                                       
00000026  P1SEL                                      
00000027  P1REN                                      
00000028  P2IN                                       
00000029  P2OUT                                      
0000002a  P2DIR                                      
0000002b  P2IFG                                      
0000002c  P2IES                                      
0000002d  P2IE                                       
0000002e  P2SEL                                      
0000002f  P2REN                                      
00000048  ADC10DTC0                                  
00000049  ADC10DTC1                                  
0000004a  ADC10AE0                                   
0000004b  ADC10AE1                                   
00000050  __STACK_SIZE                               
00000053  BCSCTL3                                    
00000056  DCOCTL                                     
00000057  BCSCTL1                                    
00000058  BCSCTL2                                    
0000005d  UCA0ABCTL                                  
0000005e  UCA0IRTCTL                                 
0000005f  UCA0IRRCTL                                 
00000060  UCA0CTL0                                   
00000061  UCA0CTL1                                   
00000062  UCA0BR0                                    
00000063  UCA0BR1                                    
00000064  UCA0MCTL                                   
00000065  UCA0STAT                                   
00000066  UCA0RXBUF                                  
00000067  UCA0TXBUF                                  
00000068  UCB0CTL0                                   
00000069  UCB0CTL1                                   
0000006a  UCB0BR0                                    
0000006b  UCB0BR1                                    
0000006c  UCB0I2CIE                                  
0000006d  UCB0STAT                                   
0000006e  UCB0RXBUF                                  
0000006f  UCB0TXBUF                                  
000000c0  OA0CTL0                                    
000000c1  OA0CTL1                                    
000000c2  OA1CTL0                                    
000000c3  OA1CTL1                                    
00000118  UCB0I2COA                                  
0000011a  UCB0I2CSA                                  
0000011e  TBIV                                       
00000120  WDTCTL                                     
00000128  FCTL1                                      
0000012a  FCTL2                                      
0000012c  FCTL3                                      
0000012e  TAIV                                       
00000160  TACTL                                      
00000162  TACCTL0                                    
00000164  TACCTL1                                    
00000166  TACCTL2                                    
00000170  TAR                                        
00000172  TACCR0                                     
00000174  TACCR1                                     
00000176  TACCR2                                     
00000180  TBCTL                                      
00000182  TBCCTL0                                    
00000184  TBCCTL1                                    
00000186  TBCCTL2                                    
00000190  TBR                                        
00000192  TBCCR0                                     
00000194  TBCCR1                                     
00000196  TBCCR2                                     
000001b0  ADC10CTL0                                  
000001b2  ADC10CTL1                                  
000001b4  ADC10MEM                                   
000001bc  ADC10SA                                    
000005b0  _stack                                     
00000600  __STACK_END                                
000010f8  CALDCO_16MHZ                               
000010f9  CALBC1_16MHZ                               
000010fa  CALDCO_12MHZ                               
000010fb  CALBC1_12MHZ                               
000010fc  CALDCO_8MHZ                                
000010fd  CALBC1_8MHZ                                
000010fe  CALDCO_1MHZ                                
000010ff  CALBC1_1MHZ                                
0000841e  main                                       
0000876e  Application_Init                           
00008a2e  GpioGroup_Init                             
00008df2  StepperMotor_Init                          
00008ef6  Uint16ToString                             
00008fda  _auto_init                                 
00009048  LcdDisplayParallel2Line_Init               
000090b4  Input_StepperMotorHomeSensor_Init          
00009180  DacController_SendInputCode                
0000923c  copy_in                                    
00009296  Input_Button_Init                          
000092ec  StepperCalibrator_Calibrate                
0000938e  TB0_ISR                                    
0000942a  StepperCalibrator_Init                     
00009584  TimerModule_Init                           
000095c6  HeartbeatLed_Init                          
00009606  Timer_Periodic_Command                     
000096f0  Spi_Init                                   
00009726  Timer_OneShot_Start                        
0000975c  Timer_Periodic_Start                       
00009792  LinkedList_Remove                          
000097c2  Timer_Periodic_Init                        
0000981e  Timer_OneShot_Init                         
000098a2  __mspabi_srai                              
000098ae  __mspabi_srai_15                           
000098b0  __mspabi_srai_14                           
000098b2  __mspabi_srai_13                           
000098b4  __mspabi_srai_12                           
000098b6  __mspabi_srai_11                           
000098b8  __mspabi_srai_10                           
000098ba  __mspabi_srai_9                            
000098bc  __mspabi_srai_8                            
000098be  __mspabi_srai_7                            
000098c0  __mspabi_srai_6                            
000098c2  __mspabi_srai_5                            
000098c4  __mspabi_srai_4                            
000098c6  __mspabi_srai_3                            
000098c8  __mspabi_srai_2                            
000098ca  __mspabi_srai_1                            
000098ce  LcdDisplayController_SetCursorIndex        
000098f8  TimerModule_Run                            
00009922  Adc_10_Init                                
0000994a  Timer_OneShot_Stop                         
00009972  WaveformGenerator_Init                     
000099c0  TA0_ISR                                    
000099e4  LinkedList_Insert                          
00009a28  LinkedList_ForEach                         
00009a86  Interrupt_1MsSystemTick_Init               
00009ad6  WaveformGenerator_Start                    
00009af0  _c_int00_noargs_noexit                     
00009b0a  EventSubscriber_Synchronous_Init           
00009b20  Event_Synchronous_Init                     
00009b62  __mspabi_divu                              
00009b62  __mspabi_remu                              
00009b8c  __TI_zero_init                             
00009ba0  __mspabi_mpyi                              
00009ba0  __mspabi_mpyi_sw                           
00009bea  memcpy                                     
00009bfc  WaveformGenerator_Stop                     
00009c0c  __mspabi_func_epilog_7                     
00009c0e  __mspabi_func_epilog_6                     
00009c10  __mspabi_func_epilog_5                     
00009c12  __mspabi_func_epilog_4                     
00009c14  __mspabi_func_epilog_3                     
00009c16  __mspabi_func_epilog_2                     
00009c18  __mspabi_func_epilog_1                     
00009c2a  DacController_Init                         
00009c38  LcdDisplayController_WriteString           
00009c46  WaveformGenerator_SetFrequencyInHz         
00009c6a  LinkedListNode_Init                        
00009c7e  TimeSource_Interrupt1MsSystemTick_Init     
00009c88  Timer_OneShot_UpdateExpiryTicks            
00009cac  __TI_ISR_TRAP                              
00009cba  LcdDisplayController_Init                  
00009cc0  LinkedList_Init                            
00009cc6  TimerModule_GetPeriodEvent                 
00009ccc  C$$EXIT                                    
00009ccc  abort                                      
00009cd2  _system_pre_init                           
00009cd6  Application_Run                            
00009cd8  StepperCalibrator_GetOnCalibrationDoneEvent
00009cda  _system_post_cinit                         
00009cdc  sineWave                                   
00009da8  speedDisplaySensorInputApi                 
00009db4  __TI_Handler_Table_Base                    
00009db6  __TI_CINIT_Base                            
00009db6  __TI_Handler_Table_Limit                   
00009dba  __TI_CINIT_Limit                           
0000ffe4  __TI_int02                                 
0000ffe6  __TI_int03                                 
0000ffea  __TI_int05                                 
0000ffec  __TI_int06                                 
0000ffee  __TI_int07                                 
0000fff0  __TI_int08                                 
0000fff2  __TI_int09                                 
0000fff4  __TI_int10                                 
0000fff8  __TI_int12                                 
0000fffa  __TI_int13                                 
0000fffc  __TI_int14                                 
0000fffe  _reset_vector                              
ffffffff  __TI_pprof_out_hndl                        
ffffffff  __TI_prof_data_size                        
ffffffff  __TI_prof_data_start                       
ffffffff  __c_args__                                 
UNDEFED   __TI_BINIT_Base                            
UNDEFED   __TI_BINIT_Limit                           
UNDEFED   __TI_INITARRAY_Base                        
UNDEFED   __TI_INITARRAY_Limit                       

[208 symbols]
