<?xml version="1.0"?>
<link_info>
   <banner>MSP430 Linker Unix v16.9.6.LTS</banner>
   <copyright>Copyright (c) 2003-2017 Texas Instruments Incorporated</copyright>
   <link_time>0x5ac6c41d</link_time>
   <link_errors>0x0</link_errors>
   <output_file>FinalProject.out</output_file>
   <entry_point>
      <name>_c_int00_noargs_noexit</name>
      <address>0x9af0</address>
   </entry_point>
   <input_file_list>
      <input_file id="fl-2">
         <path>./</path>
         <kind>object</kind>
         <file>Application.obj</file>
         <name>Application.obj</name>
      </input_file>
      <input_file id="fl-3">
         <path>./</path>
         <kind>object</kind>
         <file>main.obj</file>
         <name>main.obj</name>
      </input_file>
      <input_file id="fl-4">
         <path>./Controllers/</path>
         <kind>object</kind>
         <file>DacController.obj</file>
         <name>DacController.obj</name>
      </input_file>
      <input_file id="fl-5">
         <path>./Controllers/</path>
         <kind>object</kind>
         <file>LcdDisplayController.obj</file>
         <name>LcdDisplayController.obj</name>
      </input_file>
      <input_file id="fl-6">
         <path>./Controllers/</path>
         <kind>object</kind>
         <file>StepperCalibrator.obj</file>
         <name>StepperCalibrator.obj</name>
      </input_file>
      <input_file id="fl-7">
         <path>./DataStructures/</path>
         <kind>object</kind>
         <file>LinkedList.obj</file>
         <name>LinkedList.obj</name>
      </input_file>
      <input_file id="fl-8">
         <path>./DataStructures/</path>
         <kind>object</kind>
         <file>LinkedListNode.obj</file>
         <name>LinkedListNode.obj</name>
      </input_file>
      <input_file id="fl-9">
         <path>./Event/</path>
         <kind>object</kind>
         <file>EventSubscriber_Synchronous.obj</file>
         <name>EventSubscriber_Synchronous.obj</name>
      </input_file>
      <input_file id="fl-a">
         <path>./Event/</path>
         <kind>object</kind>
         <file>Event_Synchronous.obj</file>
         <name>Event_Synchronous.obj</name>
      </input_file>
      <input_file id="fl-b">
         <path>./HardwareAbstractions/</path>
         <kind>object</kind>
         <file>Adc_10.obj</file>
         <name>Adc_10.obj</name>
      </input_file>
      <input_file id="fl-c">
         <path>./HardwareAbstractions/</path>
         <kind>object</kind>
         <file>GpioGroup.obj</file>
         <name>GpioGroup.obj</name>
      </input_file>
      <input_file id="fl-d">
         <path>./HardwareAbstractions/</path>
         <kind>object</kind>
         <file>HeartbeatLed.obj</file>
         <name>HeartbeatLed.obj</name>
      </input_file>
      <input_file id="fl-e">
         <path>./HardwareAbstractions/</path>
         <kind>object</kind>
         <file>Interrupt_1MsSystemTick.obj</file>
         <name>Interrupt_1MsSystemTick.obj</name>
      </input_file>
      <input_file id="fl-f">
         <path>./HardwareAbstractions/</path>
         <kind>object</kind>
         <file>LcdDisplayParallel2Line.obj</file>
         <name>LcdDisplayParallel2Line.obj</name>
      </input_file>
      <input_file id="fl-10">
         <path>./HardwareAbstractions/</path>
         <kind>object</kind>
         <file>Spi.obj</file>
         <name>Spi.obj</name>
      </input_file>
      <input_file id="fl-11">
         <path>./HardwareAbstractions/</path>
         <kind>object</kind>
         <file>StepperMotor.obj</file>
         <name>StepperMotor.obj</name>
      </input_file>
      <input_file id="fl-12">
         <path>./HardwareAbstractions/</path>
         <kind>object</kind>
         <file>TimeSource_Interrupt1MsSystemTick.obj</file>
         <name>TimeSource_Interrupt1MsSystemTick.obj</name>
      </input_file>
      <input_file id="fl-13">
         <path>./HardwareAbstractions/</path>
         <kind>object</kind>
         <file>WaveformGenerator.obj</file>
         <name>WaveformGenerator.obj</name>
      </input_file>
      <input_file id="fl-14">
         <path>./Input/</path>
         <kind>object</kind>
         <file>Input_Button.obj</file>
         <name>Input_Button.obj</name>
      </input_file>
      <input_file id="fl-15">
         <path>./Input/</path>
         <kind>object</kind>
         <file>Input_Dial.obj</file>
         <name>Input_Dial.obj</name>
      </input_file>
      <input_file id="fl-16">
         <path>./Input/</path>
         <kind>object</kind>
         <file>Input_StepperMotorHomeSensor.obj</file>
         <name>Input_StepperMotorHomeSensor.obj</name>
      </input_file>
      <input_file id="fl-17">
         <path>./Input/</path>
         <kind>object</kind>
         <file>Input_TwoButtonTimedPress.obj</file>
         <name>Input_TwoButtonTimedPress.obj</name>
      </input_file>
      <input_file id="fl-18">
         <path>./Timer/</path>
         <kind>object</kind>
         <file>Timer_OneShot.obj</file>
         <name>Timer_OneShot.obj</name>
      </input_file>
      <input_file id="fl-19">
         <path>./Timer/</path>
         <kind>object</kind>
         <file>Timer_Periodic.obj</file>
         <name>Timer_Periodic.obj</name>
      </input_file>
      <input_file id="fl-1a">
         <path>./TimerModule/</path>
         <kind>object</kind>
         <file>TimerModule.obj</file>
         <name>TimerModule.obj</name>
      </input_file>
      <input_file id="fl-1f">
         <kind>object</kind>
         <file>&lt;internal&gt;</file>
         <name>&lt;internal&gt;</name>
      </input_file>
      <input_file id="fl-35">
         <path>/Applications/ti/ccsv7/tools/compiler/ti-cgt-msp430_16.9.6.LTS/lib/</path>
         <kind>archive</kind>
         <file>rts430_eabi.lib</file>
         <name>asr16.obj</name>
      </input_file>
      <input_file id="fl-36">
         <path>/Applications/ti/ccsv7/tools/compiler/ti-cgt-msp430_16.9.6.LTS/lib/</path>
         <kind>archive</kind>
         <file>rts430_eabi.lib</file>
         <name>boot.obj</name>
      </input_file>
      <input_file id="fl-37">
         <path>/Applications/ti/ccsv7/tools/compiler/ti-cgt-msp430_16.9.6.LTS/lib/</path>
         <kind>archive</kind>
         <file>rts430_eabi.lib</file>
         <name>boot_special.obj</name>
      </input_file>
      <input_file id="fl-38">
         <path>/Applications/ti/ccsv7/tools/compiler/ti-cgt-msp430_16.9.6.LTS/lib/</path>
         <kind>archive</kind>
         <file>rts430_eabi.lib</file>
         <name>copy_decompress_lzss.obj</name>
      </input_file>
      <input_file id="fl-39">
         <path>/Applications/ti/ccsv7/tools/compiler/ti-cgt-msp430_16.9.6.LTS/lib/</path>
         <kind>archive</kind>
         <file>rts430_eabi.lib</file>
         <name>copy_decompress_none.obj</name>
      </input_file>
      <input_file id="fl-3a">
         <path>/Applications/ti/ccsv7/tools/compiler/ti-cgt-msp430_16.9.6.LTS/lib/</path>
         <kind>archive</kind>
         <file>rts430_eabi.lib</file>
         <name>copy_zero_init.obj</name>
      </input_file>
      <input_file id="fl-3b">
         <path>/Applications/ti/ccsv7/tools/compiler/ti-cgt-msp430_16.9.6.LTS/lib/</path>
         <kind>archive</kind>
         <file>rts430_eabi.lib</file>
         <name>div16u.obj</name>
      </input_file>
      <input_file id="fl-3c">
         <path>/Applications/ti/ccsv7/tools/compiler/ti-cgt-msp430_16.9.6.LTS/lib/</path>
         <kind>archive</kind>
         <file>rts430_eabi.lib</file>
         <name>epilog.obj</name>
      </input_file>
      <input_file id="fl-3d">
         <path>/Applications/ti/ccsv7/tools/compiler/ti-cgt-msp430_16.9.6.LTS/lib/</path>
         <kind>archive</kind>
         <file>rts430_eabi.lib</file>
         <name>exit.obj</name>
      </input_file>
      <input_file id="fl-3e">
         <path>/Applications/ti/ccsv7/tools/compiler/ti-cgt-msp430_16.9.6.LTS/lib/</path>
         <kind>archive</kind>
         <file>rts430_eabi.lib</file>
         <name>exit_gvars.obj</name>
      </input_file>
      <input_file id="fl-3f">
         <path>/Applications/ti/ccsv7/tools/compiler/ti-cgt-msp430_16.9.6.LTS/lib/</path>
         <kind>archive</kind>
         <file>rts430_eabi.lib</file>
         <name>int02.obj</name>
      </input_file>
      <input_file id="fl-40">
         <path>/Applications/ti/ccsv7/tools/compiler/ti-cgt-msp430_16.9.6.LTS/lib/</path>
         <kind>archive</kind>
         <file>rts430_eabi.lib</file>
         <name>int03.obj</name>
      </input_file>
      <input_file id="fl-41">
         <path>/Applications/ti/ccsv7/tools/compiler/ti-cgt-msp430_16.9.6.LTS/lib/</path>
         <kind>archive</kind>
         <file>rts430_eabi.lib</file>
         <name>int05.obj</name>
      </input_file>
      <input_file id="fl-42">
         <path>/Applications/ti/ccsv7/tools/compiler/ti-cgt-msp430_16.9.6.LTS/lib/</path>
         <kind>archive</kind>
         <file>rts430_eabi.lib</file>
         <name>int06.obj</name>
      </input_file>
      <input_file id="fl-43">
         <path>/Applications/ti/ccsv7/tools/compiler/ti-cgt-msp430_16.9.6.LTS/lib/</path>
         <kind>archive</kind>
         <file>rts430_eabi.lib</file>
         <name>int07.obj</name>
      </input_file>
      <input_file id="fl-44">
         <path>/Applications/ti/ccsv7/tools/compiler/ti-cgt-msp430_16.9.6.LTS/lib/</path>
         <kind>archive</kind>
         <file>rts430_eabi.lib</file>
         <name>int08.obj</name>
      </input_file>
      <input_file id="fl-45">
         <path>/Applications/ti/ccsv7/tools/compiler/ti-cgt-msp430_16.9.6.LTS/lib/</path>
         <kind>archive</kind>
         <file>rts430_eabi.lib</file>
         <name>int10.obj</name>
      </input_file>
      <input_file id="fl-46">
         <path>/Applications/ti/ccsv7/tools/compiler/ti-cgt-msp430_16.9.6.LTS/lib/</path>
         <kind>archive</kind>
         <file>rts430_eabi.lib</file>
         <name>int12.obj</name>
      </input_file>
      <input_file id="fl-47">
         <path>/Applications/ti/ccsv7/tools/compiler/ti-cgt-msp430_16.9.6.LTS/lib/</path>
         <kind>archive</kind>
         <file>rts430_eabi.lib</file>
         <name>int14.obj</name>
      </input_file>
      <input_file id="fl-48">
         <path>/Applications/ti/ccsv7/tools/compiler/ti-cgt-msp430_16.9.6.LTS/lib/</path>
         <kind>archive</kind>
         <file>rts430_eabi.lib</file>
         <name>isr_trap.obj</name>
      </input_file>
      <input_file id="fl-49">
         <path>/Applications/ti/ccsv7/tools/compiler/ti-cgt-msp430_16.9.6.LTS/lib/</path>
         <kind>archive</kind>
         <file>rts430_eabi.lib</file>
         <name>lsl16.obj</name>
      </input_file>
      <input_file id="fl-4a">
         <path>/Applications/ti/ccsv7/tools/compiler/ti-cgt-msp430_16.9.6.LTS/lib/</path>
         <kind>archive</kind>
         <file>rts430_eabi.lib</file>
         <name>lsr16.obj</name>
      </input_file>
      <input_file id="fl-4b">
         <path>/Applications/ti/ccsv7/tools/compiler/ti-cgt-msp430_16.9.6.LTS/lib/</path>
         <kind>archive</kind>
         <file>rts430_eabi.lib</file>
         <name>memcpy.obj</name>
      </input_file>
      <input_file id="fl-4c">
         <path>/Applications/ti/ccsv7/tools/compiler/ti-cgt-msp430_16.9.6.LTS/lib/</path>
         <kind>archive</kind>
         <file>rts430_eabi.lib</file>
         <name>mpu_init.obj</name>
      </input_file>
      <input_file id="fl-4d">
         <path>/Applications/ti/ccsv7/tools/compiler/ti-cgt-msp430_16.9.6.LTS/lib/</path>
         <kind>archive</kind>
         <file>rts430_eabi.lib</file>
         <name>pre_init.obj</name>
      </input_file>
      <input_file id="fl-4e">
         <path>/Applications/ti/ccsv7/tools/compiler/ti-cgt-msp430_16.9.6.LTS/lib/</path>
         <kind>archive</kind>
         <file>rts430_eabi.lib</file>
         <name>_lock.obj</name>
      </input_file>
      <input_file id="fl-4f">
         <path>/Applications/ti/ccsv7/tools/compiler/ti-cgt-msp430_16.9.6.LTS/lib/</path>
         <kind>archive</kind>
         <file>rts430_eabi.lib</file>
         <name>args_main.obj</name>
      </input_file>
      <input_file id="fl-50">
         <path>/Applications/ti/ccsv7/tools/compiler/ti-cgt-msp430_16.9.6.LTS/lib/</path>
         <kind>archive</kind>
         <file>rts430_eabi.lib</file>
         <name>autoinit.obj</name>
      </input_file>
      <input_file id="fl-51">
         <path>/Applications/ti/ccsv7/tools/compiler/ti-cgt-msp430_16.9.6.LTS/lib/</path>
         <kind>archive</kind>
         <file>rts430_eabi.lib</file>
         <name>cpy_tbl.obj</name>
      </input_file>
      <input_file id="fl-52">
         <path>/Applications/ti/ccsv7/tools/compiler/ti-cgt-msp430_16.9.6.LTS/lib/</path>
         <kind>archive</kind>
         <file>rts430_eabi.lib</file>
         <name>mult16.obj</name>
      </input_file>
      <input_file id="fl-53">
         <path>/Applications/ti/ccsv7/tools/compiler/ti-cgt-msp430_16.9.6.LTS/lib/</path>
         <kind>archive</kind>
         <file>rts430_eabi.lib</file>
         <name>startup.obj</name>
      </input_file>
   </input_file_list>
   <object_component_list>
      <object_component id="oc-30b">
         <name>.bss:instance</name>
         <uninitialized>true</uninitialized>
         <run_address>0x25a</run_address>
         <size>0x2</size>
         <input_file_ref idref="fl-b"/>
      </object_component>
      <object_component id="oc-29e">
         <name>.bss:instance</name>
         <uninitialized>true</uninitialized>
         <run_address>0x25c</run_address>
         <size>0x2</size>
         <input_file_ref idref="fl-c"/>
      </object_component>
      <object_component id="oc-26e">
         <name>.bss:oneMsTick</name>
         <uninitialized>true</uninitialized>
         <run_address>0x262</run_address>
         <size>0x2</size>
         <input_file_ref idref="fl-e"/>
      </object_component>
      <object_component id="oc-17d">
         <name>.bss:onInterrupt</name>
         <uninitialized>true</uninitialized>
         <run_address>0x252</run_address>
         <size>0x4</size>
         <input_file_ref idref="fl-e"/>
      </object_component>
      <object_component id="oc-2a6">
         <name>.bss:instance</name>
         <uninitialized>true</uninitialized>
         <run_address>0x200</run_address>
         <size>0x3a</size>
         <input_file_ref idref="fl-f"/>
      </object_component>
      <object_component id="oc-313">
         <name>.bss:instance</name>
         <uninitialized>true</uninitialized>
         <run_address>0x25e</run_address>
         <size>0x2</size>
         <input_file_ref idref="fl-10"/>
      </object_component>
      <object_component id="oc-279">
         <name>.bss:interruptTimeSource</name>
         <uninitialized>true</uninitialized>
         <run_address>0x260</run_address>
         <size>0x2</size>
         <input_file_ref idref="fl-12"/>
      </object_component>
      <object_component id="oc-181">
         <name>.bss:instance</name>
         <uninitialized>true</uninitialized>
         <run_address>0x23a</run_address>
         <size>0x8</size>
         <input_file_ref idref="fl-13"/>
      </object_component>
      <object_component id="oc-27e">
         <name>.bss:timerModule</name>
         <uninitialized>true</uninitialized>
         <run_address>0x24a</run_address>
         <size>0x8</size>
         <input_file_ref idref="fl-1a"/>
      </object_component>
      <object_component id="oc-284">
         <name>.bss:timeSourceSubscriber</name>
         <uninitialized>true</uninitialized>
         <run_address>0x242</run_address>
         <size>0x8</size>
         <input_file_ref idref="fl-1a"/>
      </object_component>
      <object_component id="oc-281">
         <name>.bss:onTimePeriod</name>
         <uninitialized>true</uninitialized>
         <run_address>0x256</run_address>
         <size>0x4</size>
         <input_file_ref idref="fl-1a"/>
      </object_component>
      <object_component id="oc-ec">
         <name>.stack</name>
         <uninitialized>true</uninitialized>
         <run_address>0x5b0</run_address>
         <size>0x2</size>
         <input_file_ref idref="fl-36"/>
      </object_component>
      <object_component id="oc-5d6">
         <name>.stack</name>
         <uninitialized>true</uninitialized>
         <run_address>0x5b0</run_address>
         <size>0x0</size>
      </object_component>
      <object_component id="oc-2d2">
         <name>.text:DoStepSubCycle</name>
         <load_address>0x8000</load_address>
         <run_address>0x8000</run_address>
         <size>0x230</size>
         <input_file_ref idref="fl-11"/>
      </object_component>
      <object_component id="oc-295">
         <name>.text:SetState</name>
         <load_address>0x8230</load_address>
         <run_address>0x8230</run_address>
         <size>0x1ee</size>
         <input_file_ref idref="fl-c"/>
      </object_component>
      <object_component id="oc-14f">
         <name>.text:main</name>
         <load_address>0x841e</load_address>
         <run_address>0x841e</run_address>
         <size>0x1c6</size>
         <input_file_ref idref="fl-3"/>
      </object_component>
      <object_component id="oc-42a">
         <name>.text:SendByteOut</name>
         <load_address>0x85e4</load_address>
         <run_address>0x85e4</run_address>
         <size>0x18a</size>
         <input_file_ref idref="fl-f"/>
      </object_component>
      <object_component id="oc-1f1">
         <name>.text:Application_Init</name>
         <load_address>0x876e</load_address>
         <run_address>0x876e</run_address>
         <size>0x176</size>
         <input_file_ref idref="fl-2"/>
      </object_component>
      <object_component id="oc-40e">
         <name>.text:GetState</name>
         <load_address>0x88e4</load_address>
         <run_address>0x88e4</run_address>
         <size>0x14a</size>
         <input_file_ref idref="fl-c"/>
      </object_component>
      <object_component id="oc-1c7">
         <name>.text:GpioGroup_Init</name>
         <load_address>0x8a2e</load_address>
         <run_address>0x8a2e</run_address>
         <size>0x11e</size>
         <input_file_ref idref="fl-c"/>
      </object_component>
      <object_component id="oc-324">
         <name>.text:IncreaseStepperOutput</name>
         <load_address>0x8b4c</load_address>
         <run_address>0x8b4c</run_address>
         <size>0xb6</size>
         <input_file_ref idref="fl-2"/>
      </object_component>
      <object_component id="oc-4f0">
         <name>.text:BeginNormalOperation</name>
         <load_address>0x8c02</load_address>
         <run_address>0x8c02</run_address>
         <size>0xac</size>
         <input_file_ref idref="fl-2"/>
      </object_component>
      <object_component id="oc-32a">
         <name>.text:DecreaseStepperOutput</name>
         <load_address>0x8cae</load_address>
         <run_address>0x8cae</run_address>
         <size>0xac</size>
         <input_file_ref idref="fl-2"/>
      </object_component>
      <object_component id="oc-34e">
         <name>.text:CalibrateStepperTwo</name>
         <load_address>0x8d5a</load_address>
         <run_address>0x8d5a</run_address>
         <size>0x98</size>
         <input_file_ref idref="fl-2"/>
      </object_component>
      <object_component id="oc-1d3">
         <name>.text:StepperMotor_Init</name>
         <load_address>0x8df2</load_address>
         <run_address>0x8df2</run_address>
         <size>0x84</size>
         <input_file_ref idref="fl-11"/>
      </object_component>
      <object_component id="oc-51e">
         <name>.text:Busy</name>
         <load_address>0x8e76</load_address>
         <run_address>0x8e76</run_address>
         <size>0x80</size>
         <input_file_ref idref="fl-f"/>
      </object_component>
      <object_component id="oc-589">
         <name>.text:Uint16ToString</name>
         <load_address>0x8ef6</load_address>
         <run_address>0x8ef6</run_address>
         <size>0x74</size>
         <input_file_ref idref="fl-2"/>
      </object_component>
      <object_component id="oc-4dc">
         <name>.text:AttempToMoveToHomePosition</name>
         <load_address>0x8f6a</load_address>
         <run_address>0x8f6a</run_address>
         <size>0x70</size>
         <input_file_ref idref="fl-6"/>
      </object_component>
      <object_component id="oc-135">
         <name>.text:_auto_init</name>
         <load_address>0x8fda</load_address>
         <run_address>0x8fda</run_address>
         <size>0x6e</size>
         <input_file_ref idref="fl-50"/>
      </object_component>
      <object_component id="oc-1cd">
         <name>.text:LcdDisplayParallel2Line_Init</name>
         <load_address>0x9048</load_address>
         <run_address>0x9048</run_address>
         <size>0x6c</size>
         <input_file_ref idref="fl-f"/>
      </object_component>
      <object_component id="oc-1df">
         <name>.text:Input_StepperMotorHomeSensor_Init</name>
         <load_address>0x90b4</load_address>
         <run_address>0x90b4</run_address>
         <size>0x66</size>
         <input_file_ref idref="fl-16"/>
      </object_component>
      <object_component id="oc-2ba">
         <name>.text:TurnAllPwmsOff</name>
         <load_address>0x911a</load_address>
         <run_address>0x911a</run_address>
         <size>0x66</size>
         <input_file_ref idref="fl-11"/>
      </object_component>
      <object_component id="oc-189">
         <name>.text:DacController_SendInputCode</name>
         <load_address>0x9180</load_address>
         <run_address>0x9180</run_address>
         <size>0x62</size>
         <input_file_ref idref="fl-4"/>
      </object_component>
      <object_component id="oc-558">
         <name>.text:WriteToSecondLcdLine</name>
         <load_address>0x91e2</load_address>
         <run_address>0x91e2</run_address>
         <size>0x5a</size>
         <input_file_ref idref="fl-2"/>
      </object_component>
      <object_component id="oc-193">
         <name>.text:copy_in</name>
         <load_address>0x923c</load_address>
         <run_address>0x923c</run_address>
         <size>0x5a</size>
         <input_file_ref idref="fl-51"/>
      </object_component>
      <object_component id="oc-1d9">
         <name>.text:Input_Button_Init</name>
         <load_address>0x9296</load_address>
         <run_address>0x9296</run_address>
         <size>0x56</size>
         <input_file_ref idref="fl-14"/>
      </object_component>
      <object_component id="oc-35a">
         <name>.text:StepperCalibrator_Calibrate</name>
         <load_address>0x92ec</load_address>
         <run_address>0x92ec</run_address>
         <size>0x52</size>
         <input_file_ref idref="fl-6"/>
      </object_component>
      <object_component id="oc-4e2">
         <name>.text:StopStepperMotor</name>
         <load_address>0x933e</load_address>
         <run_address>0x933e</run_address>
         <size>0x50</size>
         <input_file_ref idref="fl-6"/>
      </object_component>
      <object_component id="oc-122">
         <name>.text:TB0_ISR</name>
         <load_address>0x938e</load_address>
         <run_address>0x938e</run_address>
         <size>0x50</size>
         <input_file_ref idref="fl-13"/>
      </object_component>
      <object_component id="oc-455">
         <name>.text:CallTimerCallback</name>
         <load_address>0x93de</load_address>
         <run_address>0x93de</run_address>
         <size>0x4c</size>
         <input_file_ref idref="fl-18"/>
      </object_component>
      <object_component id="oc-348">
         <name>.text:StepperCalibrator_Init</name>
         <load_address>0x942a</load_address>
         <run_address>0x942a</run_address>
         <size>0x4a</size>
         <input_file_ref idref="fl-6"/>
      </object_component>
      <object_component id="oc-4e8">
         <name>.text:PublishCalibrationDoneEvent</name>
         <load_address>0x9474</load_address>
         <run_address>0x9474</run_address>
         <size>0x46</size>
         <input_file_ref idref="fl-6"/>
      </object_component>
      <object_component id="oc-342">
         <name>.text:UpdateLcd</name>
         <load_address>0x94ba</load_address>
         <run_address>0x94ba</run_address>
         <size>0x46</size>
         <input_file_ref idref="fl-2"/>
      </object_component>
      <object_component id="oc-4d5">
         <name>.text:MoveCursorToSecondLcdLine</name>
         <load_address>0x9500</load_address>
         <run_address>0x9500</run_address>
         <size>0x42</size>
         <input_file_ref idref="fl-2"/>
      </object_component>
      <object_component id="oc-2e3">
         <name>.text:PollInput</name>
         <load_address>0x9542</load_address>
         <run_address>0x9542</run_address>
         <size>0x42</size>
         <input_file_ref idref="fl-14"/>
      </object_component>
      <object_component id="oc-1c1">
         <name>.text:TimerModule_Init</name>
         <load_address>0x9584</load_address>
         <run_address>0x9584</run_address>
         <size>0x42</size>
         <input_file_ref idref="fl-1a"/>
      </object_component>
      <object_component id="oc-336">
         <name>.text:HeartbeatLed_Init</name>
         <load_address>0x95c6</load_address>
         <run_address>0x95c6</run_address>
         <size>0x40</size>
         <input_file_ref idref="fl-d"/>
      </object_component>
      <object_component id="oc-44e">
         <name>.text:Timer_Periodic_Command</name>
         <load_address>0x9606</load_address>
         <run_address>0x9606</run_address>
         <size>0x40</size>
         <input_file_ref idref="fl-19"/>
      </object_component>
      <object_component id="oc-2f4">
         <name>.text:PollSensor</name>
         <load_address>0x9646</load_address>
         <run_address>0x9646</run_address>
         <size>0x3a</size>
         <input_file_ref idref="fl-16"/>
      </object_component>
      <object_component id="oc-45f">
         <name>.text:CallTimerCallback</name>
         <load_address>0x9680</load_address>
         <run_address>0x9680</run_address>
         <size>0x38</size>
         <input_file_ref idref="fl-19"/>
      </object_component>
      <object_component id="oc-433">
         <name>.text:DoStep</name>
         <load_address>0x96b8</load_address>
         <run_address>0x96b8</run_address>
         <size>0x38</size>
         <input_file_ref idref="fl-11"/>
      </object_component>
      <object_component id="oc-1eb">
         <name>.text:Spi_Init</name>
         <load_address>0x96f0</load_address>
         <run_address>0x96f0</run_address>
         <size>0x36</size>
         <input_file_ref idref="fl-10"/>
      </object_component>
      <object_component id="oc-300">
         <name>.text:Timer_OneShot_Start</name>
         <load_address>0x9726</load_address>
         <run_address>0x9726</run_address>
         <size>0x36</size>
         <input_file_ref idref="fl-18"/>
      </object_component>
      <object_component id="oc-2e9">
         <name>.text:Timer_Periodic_Start</name>
         <load_address>0x975c</load_address>
         <run_address>0x975c</run_address>
         <size>0x36</size>
         <input_file_ref idref="fl-19"/>
      </object_component>
      <object_component id="oc-57b">
         <name>.text:LinkedList_Remove</name>
         <load_address>0x9792</load_address>
         <run_address>0x9792</run_address>
         <size>0x30</size>
         <input_file_ref idref="fl-7"/>
      </object_component>
      <object_component id="oc-2d8">
         <name>.text:Timer_Periodic_Init</name>
         <load_address>0x97c2</load_address>
         <run_address>0x97c2</run_address>
         <size>0x30</size>
         <input_file_ref idref="fl-19"/>
      </object_component>
      <object_component id="oc-439">
         <name>.text:Stop</name>
         <load_address>0x97f2</load_address>
         <run_address>0x97f2</run_address>
         <size>0x2c</size>
         <input_file_ref idref="fl-11"/>
      </object_component>
      <object_component id="oc-2c6">
         <name>.text:Timer_OneShot_Init</name>
         <load_address>0x981e</load_address>
         <run_address>0x981e</run_address>
         <size>0x2c</size>
         <input_file_ref idref="fl-18"/>
      </object_component>
      <object_component id="oc-2aa">
         <name>.text:WriteCommand</name>
         <load_address>0x984a</load_address>
         <run_address>0x984a</run_address>
         <size>0x2c</size>
         <input_file_ref idref="fl-f"/>
      </object_component>
      <object_component id="oc-41a">
         <name>.text:WriteData</name>
         <load_address>0x9876</load_address>
         <run_address>0x9876</run_address>
         <size>0x2c</size>
         <input_file_ref idref="fl-f"/>
      </object_component>
      <object_component id="oc-517">
         <name>.text</name>
         <load_address>0x98a2</load_address>
         <run_address>0x98a2</run_address>
         <size>0x2c</size>
         <input_file_ref idref="fl-35"/>
      </object_component>
      <object_component id="oc-552">
         <name>.text:LcdDisplayController_SetCursorIndex</name>
         <load_address>0x98ce</load_address>
         <run_address>0x98ce</run_address>
         <size>0x2a</size>
         <input_file_ref idref="fl-5"/>
      </object_component>
      <object_component id="oc-1f7">
         <name>.text:TimerModule_Run</name>
         <load_address>0x98f8</load_address>
         <run_address>0x98f8</run_address>
         <size>0x2a</size>
         <input_file_ref idref="fl-1a"/>
      </object_component>
      <object_component id="oc-1e5">
         <name>.text:Adc_10_Init</name>
         <load_address>0x9922</load_address>
         <run_address>0x9922</run_address>
         <size>0x28</size>
         <input_file_ref idref="fl-b"/>
      </object_component>
      <object_component id="oc-52d">
         <name>.text:Timer_OneShot_Stop</name>
         <load_address>0x994a</load_address>
         <run_address>0x994a</run_address>
         <size>0x28</size>
         <input_file_ref idref="fl-18"/>
      </object_component>
      <object_component id="oc-31e">
         <name>.text:WaveformGenerator_Init</name>
         <load_address>0x9972</load_address>
         <run_address>0x9972</run_address>
         <size>0x28</size>
         <input_file_ref idref="fl-13"/>
      </object_component>
      <object_component id="oc-4c4">
         <name>.text:ToggleLed</name>
         <load_address>0x999a</load_address>
         <run_address>0x999a</run_address>
         <size>0x26</size>
         <input_file_ref idref="fl-d"/>
      </object_component>
      <object_component id="oc-11c">
         <name>.text:TA0_ISR</name>
         <load_address>0x99c0</load_address>
         <run_address>0x99c0</run_address>
         <size>0x24</size>
         <input_file_ref idref="fl-e"/>
      </object_component>
      <object_component id="oc-574">
         <name>.text:LinkedList_Insert</name>
         <load_address>0x99e4</load_address>
         <run_address>0x99e4</run_address>
         <size>0x22</size>
         <input_file_ref idref="fl-7"/>
      </object_component>
      <object_component id="oc-46f">
         <name>.text:Read</name>
         <load_address>0x9a06</load_address>
         <run_address>0x9a06</run_address>
         <size>0x22</size>
         <input_file_ref idref="fl-14"/>
      </object_component>
      <object_component id="oc-56d">
         <name>.text:LinkedList_ForEach</name>
         <load_address>0x9a28</load_address>
         <run_address>0x9a28</run_address>
         <size>0x20</size>
         <input_file_ref idref="fl-7"/>
      </object_component>
      <object_component id="oc-503">
         <name>.text:Subscribe</name>
         <load_address>0x9a48</load_address>
         <run_address>0x9a48</run_address>
         <size>0x20</size>
         <input_file_ref idref="fl-a"/>
      </object_component>
      <object_component id="oc-2c0">
         <name>.text:StopSteps</name>
         <load_address>0x9a68</load_address>
         <run_address>0x9a68</run_address>
         <size>0x1e</size>
         <input_file_ref idref="fl-11"/>
      </object_component>
      <object_component id="oc-1b5">
         <name>.text:Interrupt_1MsSystemTick_Init</name>
         <load_address>0x9a86</load_address>
         <run_address>0x9a86</run_address>
         <size>0x1c</size>
         <input_file_ref idref="fl-e"/>
      </object_component>
      <object_component id="oc-420">
         <name>.text:IsBusy</name>
         <load_address>0x9aa2</load_address>
         <run_address>0x9aa2</run_address>
         <size>0x1a</size>
         <input_file_ref idref="fl-f"/>
      </object_component>
      <object_component id="oc-2cc">
         <name>.text:PublishStepsDoneEvent</name>
         <load_address>0x9abc</load_address>
         <run_address>0x9abc</run_address>
         <size>0x1a</size>
         <input_file_ref idref="fl-11"/>
      </object_component>
      <object_component id="oc-4ac">
         <name>.text:WaveformGenerator_Start</name>
         <load_address>0x9ad6</load_address>
         <run_address>0x9ad6</run_address>
         <size>0x1a</size>
         <input_file_ref idref="fl-13"/>
      </object_component>
      <object_component id="oc-67">
         <name>.text:_c_int00_noargs_noexit</name>
         <load_address>0x9af0</load_address>
         <run_address>0x9af0</run_address>
         <size>0x1a</size>
         <input_file_ref idref="fl-37"/>
      </object_component>
      <object_component id="oc-28d">
         <name>.text:EventSubscriber_Synchronous_Init</name>
         <load_address>0x9b0a</load_address>
         <run_address>0x9b0a</run_address>
         <size>0x16</size>
         <input_file_ref idref="fl-9"/>
      </object_component>
      <object_component id="oc-268">
         <name>.text:Event_Synchronous_Init</name>
         <load_address>0x9b20</load_address>
         <run_address>0x9b20</run_address>
         <size>0x16</size>
         <input_file_ref idref="fl-a"/>
      </object_component>
      <object_component id="oc-330">
         <name>.text:SwitchBetweenStepperOneOrTwoControl</name>
         <load_address>0x9b36</load_address>
         <run_address>0x9b36</run_address>
         <size>0x16</size>
         <input_file_ref idref="fl-2"/>
      </object_component>
      <object_component id="oc-271">
         <name>.text:TimerA0_Init</name>
         <load_address>0x9b4c</load_address>
         <run_address>0x9b4c</run_address>
         <size>0x16</size>
         <input_file_ref idref="fl-e"/>
      </object_component>
      <object_component id="oc-184">
         <name>.text</name>
         <load_address>0x9b62</load_address>
         <run_address>0x9b62</run_address>
         <size>0x16</size>
         <input_file_ref idref="fl-3b"/>
      </object_component>
      <object_component id="oc-49a">
         <name>.text:SendByte</name>
         <load_address>0x9b78</load_address>
         <run_address>0x9b78</run_address>
         <size>0x14</size>
         <input_file_ref idref="fl-10"/>
      </object_component>
      <object_component id="oc-49">
         <name>.text:decompress:ZI:__TI_zero_init</name>
         <load_address>0x9b8c</load_address>
         <run_address>0x9b8c</run_address>
         <size>0x14</size>
         <input_file_ref idref="fl-3a"/>
      </object_component>
      <object_component id="oc-239">
         <name>.text</name>
         <load_address>0x9ba0</load_address>
         <run_address>0x9ba0</run_address>
         <size>0x14</size>
         <input_file_ref idref="fl-52"/>
      </object_component>
      <object_component id="oc-4fd">
         <name>.text:Publish</name>
         <load_address>0x9bb4</load_address>
         <run_address>0x9bb4</run_address>
         <size>0x12</size>
         <input_file_ref idref="fl-a"/>
      </object_component>
      <object_component id="oc-58f">
         <name>.text:ReturnCursor</name>
         <load_address>0x9bc6</load_address>
         <run_address>0x9bc6</run_address>
         <size>0x12</size>
         <input_file_ref idref="fl-2"/>
      </object_component>
      <object_component id="oc-509">
         <name>.text:Unsubscribe</name>
         <load_address>0x9bd8</load_address>
         <run_address>0x9bd8</run_address>
         <size>0x12</size>
         <input_file_ref idref="fl-a"/>
      </object_component>
      <object_component id="oc-10a">
         <name>.text:memcpy</name>
         <load_address>0x9bea</load_address>
         <run_address>0x9bea</run_address>
         <size>0x12</size>
         <input_file_ref idref="fl-4b"/>
      </object_component>
      <object_component id="oc-4bc">
         <name>.text:WaveformGenerator_Stop</name>
         <load_address>0x9bfc</load_address>
         <run_address>0x9bfc</run_address>
         <size>0x10</size>
         <input_file_ref idref="fl-13"/>
      </object_component>
      <object_component id="oc-fa">
         <name>.text</name>
         <load_address>0x9c0c</load_address>
         <run_address>0x9c0c</run_address>
         <size>0x10</size>
         <input_file_ref idref="fl-3c"/>
      </object_component>
      <object_component id="oc-567">
         <name>.text:CallSubscriberCallback</name>
         <load_address>0x9c1c</load_address>
         <run_address>0x9c1c</run_address>
         <size>0xe</size>
         <input_file_ref idref="fl-a"/>
      </object_component>
      <object_component id="oc-318">
         <name>.text:DacController_Init</name>
         <load_address>0x9c2a</load_address>
         <run_address>0x9c2a</run_address>
         <size>0xe</size>
         <input_file_ref idref="fl-4"/>
      </object_component>
      <object_component id="oc-4cf">
         <name>.text:LcdDisplayController_WriteString</name>
         <load_address>0x9c38</load_address>
         <run_address>0x9c38</run_address>
         <size>0xe</size>
         <input_file_ref idref="fl-5"/>
      </object_component>
      <object_component id="oc-4b2">
         <name>.text:WaveformGenerator_SetFrequencyInHz</name>
         <load_address>0x9c46</load_address>
         <run_address>0x9c46</run_address>
         <size>0xe</size>
         <input_file_ref idref="fl-13"/>
      </object_component>
      <object_component id="oc-48e">
         <name>.text:GetAdcCounts</name>
         <load_address>0x9c54</load_address>
         <run_address>0x9c54</run_address>
         <size>0xc</size>
         <input_file_ref idref="fl-b"/>
      </object_component>
      <object_component id="oc-469">
         <name>.text:GetOnChangeEvent</name>
         <load_address>0x9c60</load_address>
         <run_address>0x9c60</run_address>
         <size>0xa</size>
         <input_file_ref idref="fl-14"/>
      </object_component>
      <object_component id="oc-403">
         <name>.text:LinkedListNode_Init</name>
         <load_address>0x9c6a</load_address>
         <run_address>0x9c6a</run_address>
         <size>0xa</size>
         <input_file_ref idref="fl-8"/>
      </object_component>
      <object_component id="oc-2fa">
         <name>.text:StartPolling</name>
         <load_address>0x9c74</load_address>
         <run_address>0x9c74</run_address>
         <size>0xa</size>
         <input_file_ref idref="fl-16"/>
      </object_component>
      <object_component id="oc-1bb">
         <name>.text:TimeSource_Interrupt1MsSystemTick_Init</name>
         <load_address>0x9c7e</load_address>
         <run_address>0x9c7e</run_address>
         <size>0xa</size>
         <input_file_ref idref="fl-12"/>
      </object_component>
      <object_component id="oc-526">
         <name>.text:Timer_OneShot_UpdateExpiryTicks</name>
         <load_address>0x9c88</load_address>
         <run_address>0x9c88</run_address>
         <size>0xa</size>
         <input_file_ref idref="fl-18"/>
      </object_component>
      <object_component id="oc-287">
         <name>.text:UpdateCount</name>
         <load_address>0x9c92</load_address>
         <run_address>0x9c92</run_address>
         <size>0xa</size>
         <input_file_ref idref="fl-1a"/>
      </object_component>
      <object_component id="oc-481">
         <name>.text:GetOnChangeEvent</name>
         <load_address>0x9c9c</load_address>
         <run_address>0x9c9c</run_address>
         <size>0x8</size>
         <input_file_ref idref="fl-16"/>
      </object_component>
      <object_component id="oc-43f">
         <name>.text:GetOnStepDoneEvent</name>
         <load_address>0x9ca4</load_address>
         <run_address>0x9ca4</run_address>
         <size>0x8</size>
         <input_file_ref idref="fl-11"/>
      </object_component>
      <object_component id="oc-117">
         <name>.text:_isr:__TI_ISR_TRAP</name>
         <load_address>0x9cac</load_address>
         <run_address>0x9cac</run_address>
         <size>0x8</size>
         <input_file_ref idref="fl-48"/>
      </object_component>
      <object_component id="oc-445">
         <name>.text:IsBusy</name>
         <load_address>0x9cb4</load_address>
         <run_address>0x9cb4</run_address>
         <size>0x6</size>
         <input_file_ref idref="fl-11"/>
      </object_component>
      <object_component id="oc-33c">
         <name>.text:LcdDisplayController_Init</name>
         <load_address>0x9cba</load_address>
         <run_address>0x9cba</run_address>
         <size>0x6</size>
         <input_file_ref idref="fl-5"/>
      </object_component>
      <object_component id="oc-3e8">
         <name>.text:LinkedList_Init</name>
         <load_address>0x9cc0</load_address>
         <run_address>0x9cc0</run_address>
         <size>0x6</size>
         <input_file_ref idref="fl-7"/>
      </object_component>
      <object_component id="oc-478">
         <name>.text:TimerModule_GetPeriodEvent</name>
         <load_address>0x9cc6</load_address>
         <run_address>0x9cc6</run_address>
         <size>0x6</size>
         <input_file_ref idref="fl-1a"/>
      </object_component>
      <object_component id="oc-157">
         <name>.text:abort</name>
         <load_address>0x9ccc</load_address>
         <run_address>0x9ccc</run_address>
         <size>0x6</size>
         <input_file_ref idref="fl-3d"/>
      </object_component>
      <object_component id="oc-12f">
         <name>.text:_system_pre_init</name>
         <load_address>0x9cd2</load_address>
         <run_address>0x9cd2</run_address>
         <size>0x4</size>
         <input_file_ref idref="fl-4d"/>
      </object_component>
      <object_component id="oc-1fd">
         <name>.text:Application_Run</name>
         <load_address>0x9cd6</load_address>
         <run_address>0x9cd6</run_address>
         <size>0x2</size>
         <input_file_ref idref="fl-2"/>
      </object_component>
      <object_component id="oc-354">
         <name>.text:StepperCalibrator_GetOnCalibrationDoneEvent</name>
         <load_address>0x9cd8</load_address>
         <run_address>0x9cd8</run_address>
         <size>0x2</size>
         <input_file_ref idref="fl-6"/>
      </object_component>
      <object_component id="oc-199">
         <name>.text:_system_post_cinit</name>
         <load_address>0x9cda</load_address>
         <run_address>0x9cda</run_address>
         <size>0x2</size>
         <input_file_ref idref="fl-53"/>
      </object_component>
      <object_component id="oc-5d5">
         <name>.cinit..bss.load</name>
         <load_address>0x9db0</load_address>
         <run_address>0x9db0</run_address>
         <size>0x4</size>
      </object_component>
      <object_component id="oc-5d3">
         <name>__TI_handler_table</name>
         <load_address>0x9db4</load_address>
         <run_address>0x9db4</run_address>
         <size>0x2</size>
      </object_component>
      <object_component id="oc-5d4">
         <name>__TI_cinit_table</name>
         <load_address>0x9db6</load_address>
         <run_address>0x9db6</run_address>
         <size>0x4</size>
      </object_component>
      <object_component id="oc-4a9">
         <name>.const:sineWave</name>
         <load_address>0x9cdc</load_address>
         <run_address>0x9cdc</run_address>
         <size>0x78</size>
         <input_file_ref idref="fl-2"/>
      </object_component>
      <object_component id="oc-4ce">
         <name>.const:.string</name>
         <load_address>0x9d54</load_address>
         <run_address>0x9d54</run_address>
         <size>0x1e</size>
         <input_file_ref idref="fl-2"/>
      </object_component>
      <object_component id="oc-4b8">
         <name>.const:.string:stepperOneStepsPerSubdivision</name>
         <load_address>0x9d72</load_address>
         <run_address>0x9d72</run_address>
         <size>0x14</size>
         <input_file_ref idref="fl-2"/>
      </object_component>
      <object_component id="oc-2b7">
         <name>.const:api</name>
         <load_address>0x9d86</load_address>
         <run_address>0x9d86</run_address>
         <size>0x8</size>
         <input_file_ref idref="fl-11"/>
      </object_component>
      <object_component id="oc-3ee">
         <name>.const:eventSynchronousApi</name>
         <load_address>0x9d8e</load_address>
         <run_address>0x9d8e</run_address>
         <size>0x6</size>
         <input_file_ref idref="fl-a"/>
      </object_component>
      <object_component id="oc-2a3">
         <name>.const:lcdDisplayParallel2LineAlarmClockApi</name>
         <load_address>0x9d94</load_address>
         <run_address>0x9d94</run_address>
         <size>0x6</size>
         <input_file_ref idref="fl-f"/>
      </object_component>
      <object_component id="oc-2a9">
         <name>.const:.string:initCommands$1</name>
         <load_address>0x9d9a</load_address>
         <run_address>0x9d9a</run_address>
         <size>0x5</size>
         <input_file_ref idref="fl-f"/>
      </object_component>
      <object_component id="oc-29b">
         <name>.const:gpioGroupApi</name>
         <load_address>0x9da0</load_address>
         <run_address>0x9da0</run_address>
         <size>0x4</size>
         <input_file_ref idref="fl-c"/>
      </object_component>
      <object_component id="oc-2e0">
         <name>.const:inputButtonApi</name>
         <load_address>0x9da4</load_address>
         <run_address>0x9da4</run_address>
         <size>0x4</size>
         <input_file_ref idref="fl-14"/>
      </object_component>
      <object_component id="oc-2f1">
         <name>.const:speedDisplaySensorInputApi</name>
         <load_address>0x9da8</load_address>
         <run_address>0x9da8</run_address>
         <size>0x4</size>
         <input_file_ref idref="fl-16"/>
      </object_component>
      <object_component id="oc-308">
         <name>.const:adc10Api</name>
         <load_address>0x9dac</load_address>
         <run_address>0x9dac</run_address>
         <size>0x2</size>
         <input_file_ref idref="fl-b"/>
      </object_component>
      <object_component id="oc-310">
         <name>.const:api</name>
         <load_address>0x9dae</load_address>
         <run_address>0x9dae</run_address>
         <size>0x2</size>
         <input_file_ref idref="fl-10"/>
      </object_component>
      <object_component id="oc-59d">
         <name>.binit</name>
         <load_address>0x8000</load_address>
         <run_address>0x8000</run_address>
         <size>0x0</size>
      </object_component>
      <object_component id="oc-3e">
         <name>.int02</name>
         <load_address>0xffe4</load_address>
         <run_address>0xffe4</run_address>
         <size>0x2</size>
         <input_file_ref idref="fl-3f"/>
      </object_component>
      <object_component id="oc-3f">
         <name>.int03</name>
         <load_address>0xffe6</load_address>
         <run_address>0xffe6</run_address>
         <size>0x2</size>
         <input_file_ref idref="fl-40"/>
      </object_component>
      <object_component id="oc-40">
         <name>.int05</name>
         <load_address>0xffea</load_address>
         <run_address>0xffea</run_address>
         <size>0x2</size>
         <input_file_ref idref="fl-41"/>
      </object_component>
      <object_component id="oc-41">
         <name>.int06</name>
         <load_address>0xffec</load_address>
         <run_address>0xffec</run_address>
         <size>0x2</size>
         <input_file_ref idref="fl-42"/>
      </object_component>
      <object_component id="oc-42">
         <name>.int07</name>
         <load_address>0xffee</load_address>
         <run_address>0xffee</run_address>
         <size>0x2</size>
         <input_file_ref idref="fl-43"/>
      </object_component>
      <object_component id="oc-43">
         <name>.int08</name>
         <load_address>0xfff0</load_address>
         <run_address>0xfff0</run_address>
         <size>0x2</size>
         <input_file_ref idref="fl-44"/>
      </object_component>
      <object_component id="oc-44">
         <name>.int09</name>
         <load_address>0xfff2</load_address>
         <run_address>0xfff2</run_address>
         <size>0x2</size>
         <input_file_ref idref="fl-e"/>
      </object_component>
      <object_component id="oc-45">
         <name>.int10</name>
         <load_address>0xfff4</load_address>
         <run_address>0xfff4</run_address>
         <size>0x2</size>
         <input_file_ref idref="fl-45"/>
      </object_component>
      <object_component id="oc-46">
         <name>.int12</name>
         <load_address>0xfff8</load_address>
         <run_address>0xfff8</run_address>
         <size>0x2</size>
         <input_file_ref idref="fl-46"/>
      </object_component>
      <object_component id="oc-47">
         <name>.int13</name>
         <load_address>0xfffa</load_address>
         <run_address>0xfffa</run_address>
         <size>0x2</size>
         <input_file_ref idref="fl-13"/>
      </object_component>
      <object_component id="oc-48">
         <name>.int14</name>
         <load_address>0xfffc</load_address>
         <run_address>0xfffc</run_address>
         <size>0x2</size>
         <input_file_ref idref="fl-47"/>
      </object_component>
      <object_component id="oc-ef">
         <name>.reset</name>
         <load_address>0xfffe</load_address>
         <run_address>0xfffe</run_address>
         <size>0x2</size>
         <input_file_ref idref="fl-36"/>
      </object_component>
      <object_component id="oc-361">
         <name>.debug_info</name>
         <load_address>0x0</load_address>
         <run_address>0x0</run_address>
         <size>0x93f</size>
         <input_file_ref idref="fl-2"/>
      </object_component>
      <object_component id="oc-4aa">
         <name>.debug_info</name>
         <load_address>0x93f</load_address>
         <run_address>0x93f</run_address>
         <size>0xdc</size>
         <input_file_ref idref="fl-2"/>
      </object_component>
      <object_component id="oc-4b9">
         <name>.debug_info</name>
         <load_address>0xa1b</load_address>
         <run_address>0xa1b</run_address>
         <size>0x105</size>
         <input_file_ref idref="fl-2"/>
      </object_component>
      <object_component id="oc-58a">
         <name>.debug_info</name>
         <load_address>0xb20</load_address>
         <run_address>0xb20</run_address>
         <size>0x230</size>
         <input_file_ref idref="fl-2"/>
      </object_component>
      <object_component id="oc-590">
         <name>.debug_info</name>
         <load_address>0xd50</load_address>
         <run_address>0xd50</run_address>
         <size>0x18c</size>
         <input_file_ref idref="fl-2"/>
      </object_component>
      <object_component id="oc-559">
         <name>.debug_info</name>
         <load_address>0xedc</load_address>
         <run_address>0xedc</run_address>
         <size>0x20c</size>
         <input_file_ref idref="fl-2"/>
      </object_component>
      <object_component id="oc-4d6">
         <name>.debug_info</name>
         <load_address>0x10e8</load_address>
         <run_address>0x10e8</run_address>
         <size>0x1d9</size>
         <input_file_ref idref="fl-2"/>
      </object_component>
      <object_component id="oc-343">
         <name>.debug_info</name>
         <load_address>0x12c1</load_address>
         <run_address>0x12c1</run_address>
         <size>0x1b6</size>
         <input_file_ref idref="fl-2"/>
      </object_component>
      <object_component id="oc-325">
         <name>.debug_info</name>
         <load_address>0x1477</load_address>
         <run_address>0x1477</run_address>
         <size>0x203</size>
         <input_file_ref idref="fl-2"/>
      </object_component>
      <object_component id="oc-32b">
         <name>.debug_info</name>
         <load_address>0x167a</load_address>
         <run_address>0x167a</run_address>
         <size>0x202</size>
         <input_file_ref idref="fl-2"/>
      </object_component>
      <object_component id="oc-331">
         <name>.debug_info</name>
         <load_address>0x187c</load_address>
         <run_address>0x187c</run_address>
         <size>0x1a5</size>
         <input_file_ref idref="fl-2"/>
      </object_component>
      <object_component id="oc-4f1">
         <name>.debug_info</name>
         <load_address>0x1a21</load_address>
         <run_address>0x1a21</run_address>
         <size>0x207</size>
         <input_file_ref idref="fl-2"/>
      </object_component>
      <object_component id="oc-34f">
         <name>.debug_info</name>
         <load_address>0x1c28</load_address>
         <run_address>0x1c28</run_address>
         <size>0x2c7</size>
         <input_file_ref idref="fl-2"/>
      </object_component>
      <object_component id="oc-1fe">
         <name>.debug_info</name>
         <load_address>0x1eef</load_address>
         <run_address>0x1eef</run_address>
         <size>0x13c</size>
         <input_file_ref idref="fl-2"/>
      </object_component>
      <object_component id="oc-1f2">
         <name>.debug_info</name>
         <load_address>0x202b</load_address>
         <run_address>0x202b</run_address>
         <size>0x63d</size>
         <input_file_ref idref="fl-2"/>
      </object_component>
      <object_component id="oc-2b2">
         <name>.debug_info</name>
         <load_address>0x2668</load_address>
         <run_address>0x2668</run_address>
         <size>0xc3</size>
         <input_file_ref idref="fl-2"/>
      </object_component>
      <object_component id="oc-36e">
         <name>.debug_info</name>
         <load_address>0x272b</load_address>
         <run_address>0x272b</run_address>
         <size>0x101</size>
         <input_file_ref idref="fl-2"/>
      </object_component>
      <object_component id="oc-382">
         <name>.debug_info</name>
         <load_address>0x282c</load_address>
         <run_address>0x282c</run_address>
         <size>0xde</size>
         <input_file_ref idref="fl-2"/>
      </object_component>
      <object_component id="oc-398">
         <name>.debug_info</name>
         <load_address>0x290a</load_address>
         <run_address>0x290a</run_address>
         <size>0x96</size>
         <input_file_ref idref="fl-2"/>
      </object_component>
      <object_component id="oc-37d">
         <name>.debug_info</name>
         <load_address>0x29a0</load_address>
         <run_address>0x29a0</run_address>
         <size>0x5e</size>
         <input_file_ref idref="fl-2"/>
      </object_component>
      <object_component id="oc-3b1">
         <name>.debug_info</name>
         <load_address>0x29fe</load_address>
         <run_address>0x29fe</run_address>
         <size>0x79</size>
         <input_file_ref idref="fl-2"/>
      </object_component>
      <object_component id="oc-378">
         <name>.debug_info</name>
         <load_address>0x2a77</load_address>
         <run_address>0x2a77</run_address>
         <size>0x72</size>
         <input_file_ref idref="fl-2"/>
      </object_component>
      <object_component id="oc-393">
         <name>.debug_info</name>
         <load_address>0x2ae9</load_address>
         <run_address>0x2ae9</run_address>
         <size>0x6b</size>
         <input_file_ref idref="fl-2"/>
      </object_component>
      <object_component id="oc-364">
         <name>.debug_info</name>
         <load_address>0x2b54</load_address>
         <run_address>0x2b54</run_address>
         <size>0x86</size>
         <input_file_ref idref="fl-2"/>
      </object_component>
      <object_component id="oc-3a7">
         <name>.debug_info</name>
         <load_address>0x2bda</load_address>
         <run_address>0x2bda</run_address>
         <size>0xae</size>
         <input_file_ref idref="fl-2"/>
      </object_component>
      <object_component id="oc-369">
         <name>.debug_info</name>
         <load_address>0x2c88</load_address>
         <run_address>0x2c88</run_address>
         <size>0x5e</size>
         <input_file_ref idref="fl-2"/>
      </object_component>
      <object_component id="oc-39d">
         <name>.debug_info</name>
         <load_address>0x2ce6</load_address>
         <run_address>0x2ce6</run_address>
         <size>0xa1</size>
         <input_file_ref idref="fl-2"/>
      </object_component>
      <object_component id="oc-3d4">
         <name>.debug_info</name>
         <load_address>0x2d87</load_address>
         <run_address>0x2d87</run_address>
         <size>0x57</size>
         <input_file_ref idref="fl-2"/>
      </object_component>
      <object_component id="oc-225">
         <name>.debug_info</name>
         <load_address>0x2dde</load_address>
         <run_address>0x2dde</run_address>
         <size>0x5e</size>
         <input_file_ref idref="fl-2"/>
      </object_component>
      <object_component id="oc-38c">
         <name>.debug_info</name>
         <load_address>0x2e3c</load_address>
         <run_address>0x2e3c</run_address>
         <size>0x8d</size>
         <input_file_ref idref="fl-2"/>
      </object_component>
      <object_component id="oc-387">
         <name>.debug_info</name>
         <load_address>0x2ec9</load_address>
         <run_address>0x2ec9</run_address>
         <size>0xc2</size>
         <input_file_ref idref="fl-2"/>
      </object_component>
      <object_component id="oc-373">
         <name>.debug_info</name>
         <load_address>0x2f8b</load_address>
         <run_address>0x2f8b</run_address>
         <size>0xbb</size>
         <input_file_ref idref="fl-2"/>
      </object_component>
      <object_component id="oc-22c">
         <name>.debug_info</name>
         <load_address>0x3046</load_address>
         <run_address>0x3046</run_address>
         <size>0x9a</size>
         <input_file_ref idref="fl-2"/>
      </object_component>
      <object_component id="oc-3ac">
         <name>.debug_info</name>
         <load_address>0x30e0</load_address>
         <run_address>0x30e0</run_address>
         <size>0x86</size>
         <input_file_ref idref="fl-2"/>
      </object_component>
      <object_component id="oc-209">
         <name>.debug_info</name>
         <load_address>0x3166</load_address>
         <run_address>0x3166</run_address>
         <size>0x299</size>
         <input_file_ref idref="fl-2"/>
      </object_component>
      <object_component id="oc-3a2">
         <name>.debug_info</name>
         <load_address>0x33ff</load_address>
         <run_address>0x33ff</run_address>
         <size>0x4a</size>
         <input_file_ref idref="fl-2"/>
      </object_component>
      <object_component id="oc-3cf">
         <name>.debug_info</name>
         <load_address>0x3449</load_address>
         <run_address>0x3449</run_address>
         <size>0x62</size>
         <input_file_ref idref="fl-2"/>
      </object_component>
      <object_component id="oc-204">
         <name>.debug_info</name>
         <load_address>0x34ab</load_address>
         <run_address>0x34ab</run_address>
         <size>0x8b</size>
         <input_file_ref idref="fl-2"/>
      </object_component>
      <object_component id="oc-234">
         <name>.debug_info</name>
         <load_address>0x3536</load_address>
         <run_address>0x3536</run_address>
         <size>0x18b</size>
         <input_file_ref idref="fl-2"/>
      </object_component>
      <object_component id="oc-21d">
         <name>.debug_info</name>
         <load_address>0x36c1</load_address>
         <run_address>0x36c1</run_address>
         <size>0x8a4</size>
         <input_file_ref idref="fl-3"/>
      </object_component>
      <object_component id="oc-150">
         <name>.debug_info</name>
         <load_address>0x3f65</load_address>
         <run_address>0x3f65</run_address>
         <size>0x4b1</size>
         <input_file_ref idref="fl-3"/>
      </object_component>
      <object_component id="oc-3b6">
         <name>.debug_info</name>
         <load_address>0x4416</load_address>
         <run_address>0x4416</run_address>
         <size>0x4a</size>
         <input_file_ref idref="fl-3"/>
      </object_component>
      <object_component id="oc-3bb">
         <name>.debug_info</name>
         <load_address>0x4460</load_address>
         <run_address>0x4460</run_address>
         <size>0x4a</size>
         <input_file_ref idref="fl-3"/>
      </object_component>
      <object_component id="oc-218">
         <name>.debug_info</name>
         <load_address>0x44aa</load_address>
         <run_address>0x44aa</run_address>
         <size>0xc2</size>
         <input_file_ref idref="fl-3"/>
      </object_component>
      <object_component id="oc-213">
         <name>.debug_info</name>
         <load_address>0x456c</load_address>
         <run_address>0x456c</run_address>
         <size>0xc2</size>
         <input_file_ref idref="fl-3"/>
      </object_component>
      <object_component id="oc-3c0">
         <name>.debug_info</name>
         <load_address>0x462e</load_address>
         <run_address>0x462e</run_address>
         <size>0x4a</size>
         <input_file_ref idref="fl-3"/>
      </object_component>
      <object_component id="oc-3c5">
         <name>.debug_info</name>
         <load_address>0x4678</load_address>
         <run_address>0x4678</run_address>
         <size>0x19e</size>
         <input_file_ref idref="fl-3"/>
      </object_component>
      <object_component id="oc-3ca">
         <name>.debug_info</name>
         <load_address>0x4816</load_address>
         <run_address>0x4816</run_address>
         <size>0x4a</size>
         <input_file_ref idref="fl-3"/>
      </object_component>
      <object_component id="oc-20e">
         <name>.debug_info</name>
         <load_address>0x4860</load_address>
         <run_address>0x4860</run_address>
         <size>0x165</size>
         <input_file_ref idref="fl-3"/>
      </object_component>
      <object_component id="oc-233">
         <name>.debug_info</name>
         <load_address>0x49c5</load_address>
         <run_address>0x49c5</run_address>
         <size>0x1d3</size>
         <input_file_ref idref="fl-4"/>
      </object_component>
      <object_component id="oc-18a">
         <name>.debug_info</name>
         <load_address>0x4b98</load_address>
         <run_address>0x4b98</run_address>
         <size>0x20e</size>
         <input_file_ref idref="fl-4"/>
      </object_component>
      <object_component id="oc-319">
         <name>.debug_info</name>
         <load_address>0x4da6</load_address>
         <run_address>0x4da6</run_address>
         <size>0x232</size>
         <input_file_ref idref="fl-4"/>
      </object_component>
      <object_component id="oc-105">
         <name>.debug_info</name>
         <load_address>0x4fd8</load_address>
         <run_address>0x4fd8</run_address>
         <size>0x84</size>
         <input_file_ref idref="fl-4"/>
      </object_component>
      <object_component id="oc-4cd">
         <name>.debug_info</name>
         <load_address>0x505c</load_address>
         <run_address>0x505c</run_address>
         <size>0x1ee</size>
         <input_file_ref idref="fl-5"/>
      </object_component>
      <object_component id="oc-553">
         <name>.debug_info</name>
         <load_address>0x524a</load_address>
         <run_address>0x524a</run_address>
         <size>0x222</size>
         <input_file_ref idref="fl-5"/>
      </object_component>
      <object_component id="oc-4d0">
         <name>.debug_info</name>
         <load_address>0x546c</load_address>
         <run_address>0x546c</run_address>
         <size>0x1ec</size>
         <input_file_ref idref="fl-5"/>
      </object_component>
      <object_component id="oc-33d">
         <name>.debug_info</name>
         <load_address>0x5658</load_address>
         <run_address>0x5658</run_address>
         <size>0x1d5</size>
         <input_file_ref idref="fl-5"/>
      </object_component>
      <object_component id="oc-4ef">
         <name>.debug_info</name>
         <load_address>0x582d</load_address>
         <run_address>0x582d</run_address>
         <size>0x3fa</size>
         <input_file_ref idref="fl-6"/>
      </object_component>
      <object_component id="oc-4e9">
         <name>.debug_info</name>
         <load_address>0x5c27</load_address>
         <run_address>0x5c27</run_address>
         <size>0x1e3</size>
         <input_file_ref idref="fl-6"/>
      </object_component>
      <object_component id="oc-4dd">
         <name>.debug_info</name>
         <load_address>0x5e0a</load_address>
         <run_address>0x5e0a</run_address>
         <size>0x1f4</size>
         <input_file_ref idref="fl-6"/>
      </object_component>
      <object_component id="oc-4e3">
         <name>.debug_info</name>
         <load_address>0x5ffe</load_address>
         <run_address>0x5ffe</run_address>
         <size>0x1e8</size>
         <input_file_ref idref="fl-6"/>
      </object_component>
      <object_component id="oc-35b">
         <name>.debug_info</name>
         <load_address>0x61e6</load_address>
         <run_address>0x61e6</run_address>
         <size>0x397</size>
         <input_file_ref idref="fl-6"/>
      </object_component>
      <object_component id="oc-355">
         <name>.debug_info</name>
         <load_address>0x657d</load_address>
         <run_address>0x657d</run_address>
         <size>0x1ad</size>
         <input_file_ref idref="fl-6"/>
      </object_component>
      <object_component id="oc-349">
         <name>.debug_info</name>
         <load_address>0x672a</load_address>
         <run_address>0x672a</run_address>
         <size>0x23c</size>
         <input_file_ref idref="fl-6"/>
      </object_component>
      <object_component id="oc-4fc">
         <name>.debug_info</name>
         <load_address>0x6966</load_address>
         <run_address>0x6966</run_address>
         <size>0x164</size>
         <input_file_ref idref="fl-7"/>
      </object_component>
      <object_component id="oc-3e9">
         <name>.debug_info</name>
         <load_address>0x6aca</load_address>
         <run_address>0x6aca</run_address>
         <size>0x16e</size>
         <input_file_ref idref="fl-7"/>
      </object_component>
      <object_component id="oc-575">
         <name>.debug_info</name>
         <load_address>0x6c38</load_address>
         <run_address>0x6c38</run_address>
         <size>0x1b5</size>
         <input_file_ref idref="fl-7"/>
      </object_component>
      <object_component id="oc-57c">
         <name>.debug_info</name>
         <load_address>0x6ded</load_address>
         <run_address>0x6ded</run_address>
         <size>0x1b5</size>
         <input_file_ref idref="fl-7"/>
      </object_component>
      <object_component id="oc-56e">
         <name>.debug_info</name>
         <load_address>0x6fa2</load_address>
         <run_address>0x6fa2</run_address>
         <size>0x1e0</size>
         <input_file_ref idref="fl-7"/>
      </object_component>
      <object_component id="oc-514">
         <name>.debug_info</name>
         <load_address>0x7182</load_address>
         <run_address>0x7182</run_address>
         <size>0x14b</size>
         <input_file_ref idref="fl-8"/>
      </object_component>
      <object_component id="oc-404">
         <name>.debug_info</name>
         <load_address>0x72cd</load_address>
         <run_address>0x72cd</run_address>
         <size>0x1a4</size>
         <input_file_ref idref="fl-8"/>
      </object_component>
      <object_component id="oc-40a">
         <name>.debug_info</name>
         <load_address>0x7471</load_address>
         <run_address>0x7471</run_address>
         <size>0x1a9</size>
         <input_file_ref idref="fl-9"/>
      </object_component>
      <object_component id="oc-28e">
         <name>.debug_info</name>
         <load_address>0x761a</load_address>
         <run_address>0x761a</run_address>
         <size>0x232</size>
         <input_file_ref idref="fl-9"/>
      </object_component>
      <object_component id="oc-3f2">
         <name>.debug_info</name>
         <load_address>0x784c</load_address>
         <run_address>0x784c</run_address>
         <size>0x2ef</size>
         <input_file_ref idref="fl-a"/>
      </object_component>
      <object_component id="oc-3ef">
         <name>.debug_info</name>
         <load_address>0x7b3b</load_address>
         <run_address>0x7b3b</run_address>
         <size>0xfd</size>
         <input_file_ref idref="fl-a"/>
      </object_component>
      <object_component id="oc-568">
         <name>.debug_info</name>
         <load_address>0x7c38</load_address>
         <run_address>0x7c38</run_address>
         <size>0x1d5</size>
         <input_file_ref idref="fl-a"/>
      </object_component>
      <object_component id="oc-4fe">
         <name>.debug_info</name>
         <load_address>0x7e0d</load_address>
         <run_address>0x7e0d</run_address>
         <size>0x1af</size>
         <input_file_ref idref="fl-a"/>
      </object_component>
      <object_component id="oc-504">
         <name>.debug_info</name>
         <load_address>0x7fbc</load_address>
         <run_address>0x7fbc</run_address>
         <size>0x211</size>
         <input_file_ref idref="fl-a"/>
      </object_component>
      <object_component id="oc-50a">
         <name>.debug_info</name>
         <load_address>0x81cd</load_address>
         <run_address>0x81cd</run_address>
         <size>0x1fb</size>
         <input_file_ref idref="fl-a"/>
      </object_component>
      <object_component id="oc-269">
         <name>.debug_info</name>
         <load_address>0x83c8</load_address>
         <run_address>0x83c8</run_address>
         <size>0x190</size>
         <input_file_ref idref="fl-a"/>
      </object_component>
      <object_component id="oc-30f">
         <name>.debug_info</name>
         <load_address>0x8558</load_address>
         <run_address>0x8558</run_address>
         <size>0x234</size>
         <input_file_ref idref="fl-b"/>
      </object_component>
      <object_component id="oc-30c">
         <name>.debug_info</name>
         <load_address>0x878c</load_address>
         <run_address>0x878c</run_address>
         <size>0xeb</size>
         <input_file_ref idref="fl-b"/>
      </object_component>
      <object_component id="oc-309">
         <name>.debug_info</name>
         <load_address>0x8877</load_address>
         <run_address>0x8877</run_address>
         <size>0xeb</size>
         <input_file_ref idref="fl-b"/>
      </object_component>
      <object_component id="oc-48f">
         <name>.debug_info</name>
         <load_address>0x8962</load_address>
         <run_address>0x8962</run_address>
         <size>0x16a</size>
         <input_file_ref idref="fl-b"/>
      </object_component>
      <object_component id="oc-1e6">
         <name>.debug_info</name>
         <load_address>0x8acc</load_address>
         <run_address>0x8acc</run_address>
         <size>0x14e</size>
         <input_file_ref idref="fl-b"/>
      </object_component>
      <object_component id="oc-2a2">
         <name>.debug_info</name>
         <load_address>0x8c1a</load_address>
         <run_address>0x8c1a</run_address>
         <size>0x2b6</size>
         <input_file_ref idref="fl-c"/>
      </object_component>
      <object_component id="oc-29f">
         <name>.debug_info</name>
         <load_address>0x8ed0</load_address>
         <run_address>0x8ed0</run_address>
         <size>0xee</size>
         <input_file_ref idref="fl-c"/>
      </object_component>
      <object_component id="oc-29c">
         <name>.debug_info</name>
         <load_address>0x8fbe</load_address>
         <run_address>0x8fbe</run_address>
         <size>0xf6</size>
         <input_file_ref idref="fl-c"/>
      </object_component>
      <object_component id="oc-296">
         <name>.debug_info</name>
         <load_address>0x90b4</load_address>
         <run_address>0x90b4</run_address>
         <size>0x1bb</size>
         <input_file_ref idref="fl-c"/>
      </object_component>
      <object_component id="oc-40f">
         <name>.debug_info</name>
         <load_address>0x926f</load_address>
         <run_address>0x926f</run_address>
         <size>0x2bc</size>
         <input_file_ref idref="fl-c"/>
      </object_component>
      <object_component id="oc-1c8">
         <name>.debug_info</name>
         <load_address>0x952b</load_address>
         <run_address>0x952b</run_address>
         <size>0x183</size>
         <input_file_ref idref="fl-c"/>
      </object_component>
      <object_component id="oc-4cb">
         <name>.debug_info</name>
         <load_address>0x96ae</load_address>
         <run_address>0x96ae</run_address>
         <size>0x29d</size>
         <input_file_ref idref="fl-d"/>
      </object_component>
      <object_component id="oc-4c5">
         <name>.debug_info</name>
         <load_address>0x994b</load_address>
         <run_address>0x994b</run_address>
         <size>0x1a5</size>
         <input_file_ref idref="fl-d"/>
      </object_component>
      <object_component id="oc-337">
         <name>.debug_info</name>
         <load_address>0x9af0</load_address>
         <run_address>0x9af0</run_address>
         <size>0x2b5</size>
         <input_file_ref idref="fl-d"/>
      </object_component>
      <object_component id="oc-278">
         <name>.debug_info</name>
         <load_address>0x9da5</load_address>
         <run_address>0x9da5</run_address>
         <size>0x27a</size>
         <input_file_ref idref="fl-e"/>
      </object_component>
      <object_component id="oc-26f">
         <name>.debug_info</name>
         <load_address>0xa01f</load_address>
         <run_address>0xa01f</run_address>
         <size>0xfe</size>
         <input_file_ref idref="fl-e"/>
      </object_component>
      <object_component id="oc-17e">
         <name>.debug_info</name>
         <load_address>0xa11d</load_address>
         <run_address>0xa11d</run_address>
         <size>0x102</size>
         <input_file_ref idref="fl-e"/>
      </object_component>
      <object_component id="oc-272">
         <name>.debug_info</name>
         <load_address>0xa21f</load_address>
         <run_address>0xa21f</run_address>
         <size>0x1a8</size>
         <input_file_ref idref="fl-e"/>
      </object_component>
      <object_component id="oc-1b6">
         <name>.debug_info</name>
         <load_address>0xa3c7</load_address>
         <run_address>0xa3c7</run_address>
         <size>0x1d3</size>
         <input_file_ref idref="fl-e"/>
      </object_component>
      <object_component id="oc-11d">
         <name>.debug_info</name>
         <load_address>0xa59a</load_address>
         <run_address>0xa59a</run_address>
         <size>0x17d</size>
         <input_file_ref idref="fl-e"/>
      </object_component>
      <object_component id="oc-2b1">
         <name>.debug_info</name>
         <load_address>0xa717</load_address>
         <run_address>0xa717</run_address>
         <size>0x361</size>
         <input_file_ref idref="fl-f"/>
      </object_component>
      <object_component id="oc-2a7">
         <name>.debug_info</name>
         <load_address>0xaa78</load_address>
         <run_address>0xaa78</run_address>
         <size>0xfc</size>
         <input_file_ref idref="fl-f"/>
      </object_component>
      <object_component id="oc-2a4">
         <name>.debug_info</name>
         <load_address>0xab74</load_address>
         <run_address>0xab74</run_address>
         <size>0x134</size>
         <input_file_ref idref="fl-f"/>
      </object_component>
      <object_component id="oc-51f">
         <name>.debug_info</name>
         <load_address>0xaca8</load_address>
         <run_address>0xaca8</run_address>
         <size>0x1bf</size>
         <input_file_ref idref="fl-f"/>
      </object_component>
      <object_component id="oc-42b">
         <name>.debug_info</name>
         <load_address>0xae67</load_address>
         <run_address>0xae67</run_address>
         <size>0x299</size>
         <input_file_ref idref="fl-f"/>
      </object_component>
      <object_component id="oc-2ab">
         <name>.debug_info</name>
         <load_address>0xb100</load_address>
         <run_address>0xb100</run_address>
         <size>0x213</size>
         <input_file_ref idref="fl-f"/>
      </object_component>
      <object_component id="oc-41b">
         <name>.debug_info</name>
         <load_address>0xb313</load_address>
         <run_address>0xb313</run_address>
         <size>0x1f7</size>
         <input_file_ref idref="fl-f"/>
      </object_component>
      <object_component id="oc-421">
         <name>.debug_info</name>
         <load_address>0xb50a</load_address>
         <run_address>0xb50a</run_address>
         <size>0x19c</size>
         <input_file_ref idref="fl-f"/>
      </object_component>
      <object_component id="oc-1ce">
         <name>.debug_info</name>
         <load_address>0xb6a6</load_address>
         <run_address>0xb6a6</run_address>
         <size>0x42b</size>
         <input_file_ref idref="fl-f"/>
      </object_component>
      <object_component id="oc-170">
         <name>.debug_info</name>
         <load_address>0xbad1</load_address>
         <run_address>0xbad1</run_address>
         <size>0x2c</size>
         <input_file_ref idref="fl-f"/>
      </object_component>
      <object_component id="oc-317">
         <name>.debug_info</name>
         <load_address>0xbafd</load_address>
         <run_address>0xbafd</run_address>
         <size>0x23e</size>
         <input_file_ref idref="fl-10"/>
      </object_component>
      <object_component id="oc-314">
         <name>.debug_info</name>
         <load_address>0xbd3b</load_address>
         <run_address>0xbd3b</run_address>
         <size>0xe8</size>
         <input_file_ref idref="fl-10"/>
      </object_component>
      <object_component id="oc-311">
         <name>.debug_info</name>
         <load_address>0xbe23</load_address>
         <run_address>0xbe23</run_address>
         <size>0xde</size>
         <input_file_ref idref="fl-10"/>
      </object_component>
      <object_component id="oc-49b">
         <name>.debug_info</name>
         <load_address>0xbf01</load_address>
         <run_address>0xbf01</run_address>
         <size>0x175</size>
         <input_file_ref idref="fl-10"/>
      </object_component>
      <object_component id="oc-1ec">
         <name>.debug_info</name>
         <load_address>0xc076</load_address>
         <run_address>0xc076</run_address>
         <size>0x13f</size>
         <input_file_ref idref="fl-10"/>
      </object_component>
      <object_component id="oc-2df">
         <name>.debug_info</name>
         <load_address>0xc1b5</load_address>
         <run_address>0xc1b5</run_address>
         <size>0x4c4</size>
         <input_file_ref idref="fl-11"/>
      </object_component>
      <object_component id="oc-2b8">
         <name>.debug_info</name>
         <load_address>0xc679</load_address>
         <run_address>0xc679</run_address>
         <size>0xe7</size>
         <input_file_ref idref="fl-11"/>
      </object_component>
      <object_component id="oc-2d3">
         <name>.debug_info</name>
         <load_address>0xc760</load_address>
[...]
      </symbol>
      <symbol id="sm-49">
         <name>UCA0STAT</name>
         <value>0x65</value>
      </symbol>
      <symbol id="sm-4a">
         <name>UCA0RXBUF</name>
         <value>0x66</value>
      </symbol>
      <symbol id="sm-4b">
         <name>UCA0TXBUF</name>
         <value>0x67</value>
      </symbol>
      <symbol id="sm-4c">
         <name>UCA0ABCTL</name>
         <value>0x5d</value>
      </symbol>
      <symbol id="sm-4d">
         <name>UCA0IRTCTL</name>
         <value>0x5e</value>
      </symbol>
      <symbol id="sm-4e">
         <name>UCA0IRRCTL</name>
         <value>0x5f</value>
      </symbol>
      <symbol id="sm-4f">
         <name>UCB0CTL0</name>
         <value>0x68</value>
      </symbol>
      <symbol id="sm-50">
         <name>UCB0CTL1</name>
         <value>0x69</value>
      </symbol>
      <symbol id="sm-51">
         <name>UCB0BR0</name>
         <value>0x6a</value>
      </symbol>
      <symbol id="sm-52">
         <name>UCB0BR1</name>
         <value>0x6b</value>
      </symbol>
      <symbol id="sm-53">
         <name>UCB0I2CIE</name>
         <value>0x6c</value>
      </symbol>
      <symbol id="sm-54">
         <name>UCB0STAT</name>
         <value>0x6d</value>
      </symbol>
      <symbol id="sm-55">
         <name>UCB0RXBUF</name>
         <value>0x6e</value>
      </symbol>
      <symbol id="sm-56">
         <name>UCB0TXBUF</name>
         <value>0x6f</value>
      </symbol>
      <symbol id="sm-57">
         <name>UCB0I2COA</name>
         <value>0x118</value>
      </symbol>
      <symbol id="sm-58">
         <name>UCB0I2CSA</name>
         <value>0x11a</value>
      </symbol>
      <symbol id="sm-59">
         <name>WDTCTL</name>
         <value>0x120</value>
      </symbol>
      <symbol id="sm-5a">
         <name>CALDCO_16MHZ</name>
         <value>0x10f8</value>
      </symbol>
      <symbol id="sm-5b">
         <name>CALBC1_16MHZ</name>
         <value>0x10f9</value>
      </symbol>
      <symbol id="sm-5c">
         <name>CALDCO_12MHZ</name>
         <value>0x10fa</value>
      </symbol>
      <symbol id="sm-5d">
         <name>CALBC1_12MHZ</name>
         <value>0x10fb</value>
      </symbol>
      <symbol id="sm-5e">
         <name>CALDCO_8MHZ</name>
         <value>0x10fc</value>
      </symbol>
      <symbol id="sm-5f">
         <name>CALBC1_8MHZ</name>
         <value>0x10fd</value>
      </symbol>
      <symbol id="sm-60">
         <name>CALDCO_1MHZ</name>
         <value>0x10fe</value>
      </symbol>
      <symbol id="sm-61">
         <name>CALBC1_1MHZ</name>
         <value>0x10ff</value>
      </symbol>
      <symbol id="sm-62">
         <name>__TI_CINIT_Base</name>
         <value>0x9db6</value>
      </symbol>
      <symbol id="sm-63">
         <name>__TI_CINIT_Limit</name>
         <value>0x9dba</value>
      </symbol>
      <symbol id="sm-64">
         <name>__TI_Handler_Table_Base</name>
         <value>0x9db4</value>
      </symbol>
      <symbol id="sm-65">
         <name>__TI_Handler_Table_Limit</name>
         <value>0x9db6</value>
      </symbol>
      <symbol id="sm-66">
         <name>__STACK_SIZE</name>
         <value>0x50</value>
      </symbol>
      <symbol id="sm-67">
         <name>__STACK_END</name>
         <value>0x600</value>
      </symbol>
      <symbol id="sm-68">
         <name>__c_args__</name>
         <value>0xffffffff</value>
      </symbol>
      <symbol id="sm-69">
         <name>__TI_pprof_out_hndl</name>
         <value>0xffffffff</value>
      </symbol>
      <symbol id="sm-6a">
         <name>__TI_prof_data_start</name>
         <value>0xffffffff</value>
      </symbol>
      <symbol id="sm-6b">
         <name>__TI_prof_data_size</name>
         <value>0xffffffff</value>
      </symbol>
      <symbol id="sm-18a">
         <name>Application_Run</name>
         <value>0x9cd6</value>
         <object_component_ref idref="oc-1fd"/>
      </symbol>
      <symbol id="sm-18b">
         <name>sineWave</name>
         <value>0x9cdc</value>
         <object_component_ref idref="oc-4a9"/>
      </symbol>
      <symbol id="sm-18c">
         <name>Uint16ToString</name>
         <value>0x8ef6</value>
         <object_component_ref idref="oc-589"/>
      </symbol>
      <symbol id="sm-18d">
         <name>Application_Init</name>
         <value>0x876e</value>
         <object_component_ref idref="oc-1f1"/>
      </symbol>
      <symbol id="sm-1c3">
         <name>main</name>
         <value>0x841e</value>
         <object_component_ref idref="oc-14f"/>
      </symbol>
      <symbol id="sm-1dc">
         <name>DacController_Init</name>
         <value>0x9c2a</value>
         <object_component_ref idref="oc-318"/>
      </symbol>
      <symbol id="sm-1dd">
         <name>DacController_SendInputCode</name>
         <value>0x9180</value>
         <object_component_ref idref="oc-189"/>
      </symbol>
      <symbol id="sm-1f9">
         <name>LcdDisplayController_WriteString</name>
         <value>0x9c38</value>
         <object_component_ref idref="oc-4cf"/>
      </symbol>
      <symbol id="sm-1fa">
         <name>LcdDisplayController_SetCursorIndex</name>
         <value>0x98ce</value>
         <object_component_ref idref="oc-552"/>
      </symbol>
      <symbol id="sm-1fb">
         <name>LcdDisplayController_Init</name>
         <value>0x9cba</value>
         <object_component_ref idref="oc-33c"/>
      </symbol>
      <symbol id="sm-22e">
         <name>StepperCalibrator_Calibrate</name>
         <value>0x92ec</value>
         <object_component_ref idref="oc-35a"/>
      </symbol>
      <symbol id="sm-22f">
         <name>StepperCalibrator_GetOnCalibrationDoneEvent</name>
         <value>0x9cd8</value>
         <object_component_ref idref="oc-354"/>
      </symbol>
      <symbol id="sm-230">
         <name>StepperCalibrator_Init</name>
         <value>0x942a</value>
         <object_component_ref idref="oc-348"/>
      </symbol>
      <symbol id="sm-25d">
         <name>LinkedList_Insert</name>
         <value>0x99e4</value>
         <object_component_ref idref="oc-574"/>
      </symbol>
      <symbol id="sm-25e">
         <name>LinkedList_Remove</name>
         <value>0x9792</value>
         <object_component_ref idref="oc-57b"/>
      </symbol>
      <symbol id="sm-25f">
         <name>LinkedList_Init</name>
         <value>0x9cc0</value>
         <object_component_ref idref="oc-3e8"/>
      </symbol>
      <symbol id="sm-260">
         <name>LinkedList_ForEach</name>
         <value>0x9a28</value>
         <object_component_ref idref="oc-56d"/>
      </symbol>
      <symbol id="sm-26c">
         <name>LinkedListNode_Init</name>
         <value>0x9c6a</value>
         <object_component_ref idref="oc-403"/>
      </symbol>
      <symbol id="sm-278">
         <name>EventSubscriber_Synchronous_Init</name>
         <value>0x9b0a</value>
         <object_component_ref idref="oc-28d"/>
      </symbol>
      <symbol id="sm-2aa">
         <name>Event_Synchronous_Init</name>
         <value>0x9b20</value>
         <object_component_ref idref="oc-268"/>
      </symbol>
      <symbol id="sm-2ca">
         <name>Adc_10_Init</name>
         <value>0x9922</value>
         <object_component_ref idref="oc-1e5"/>
      </symbol>
      <symbol id="sm-35c">
         <name>GpioGroup_Init</name>
         <value>0x8a2e</value>
         <object_component_ref idref="oc-1c7"/>
      </symbol>
      <symbol id="sm-371">
         <name>HeartbeatLed_Init</name>
         <value>0x95c6</value>
         <object_component_ref idref="oc-336"/>
      </symbol>
      <symbol id="sm-399">
         <name>__TI_int09</name>
         <value>0xfff2</value>
         <object_component_ref idref="oc-44"/>
      </symbol>
      <symbol id="sm-39a">
         <name>TA0_ISR</name>
         <value>0x99c0</value>
         <object_component_ref idref="oc-11c"/>
      </symbol>
      <symbol id="sm-39b">
         <name>Interrupt_1MsSystemTick_Init</name>
         <value>0x9a86</value>
         <object_component_ref idref="oc-1b5"/>
      </symbol>
      <symbol id="sm-3eb">
         <name>LcdDisplayParallel2Line_Init</name>
         <value>0x9048</value>
         <object_component_ref idref="oc-1cd"/>
      </symbol>
      <symbol id="sm-40c">
         <name>Spi_Init</name>
         <value>0x96f0</value>
         <object_component_ref idref="oc-1eb"/>
      </symbol>
      <symbol id="sm-473">
         <name>StepperMotor_Init</name>
         <value>0x8df2</value>
         <object_component_ref idref="oc-1d3"/>
      </symbol>
      <symbol id="sm-485">
         <name>TimeSource_Interrupt1MsSystemTick_Init</name>
         <value>0x9c7e</value>
         <object_component_ref idref="oc-1bb"/>
      </symbol>
      <symbol id="sm-4b5">
         <name>__TI_int13</name>
         <value>0xfffa</value>
         <object_component_ref idref="oc-47"/>
      </symbol>
      <symbol id="sm-4b6">
         <name>WaveformGenerator_Start</name>
         <value>0x9ad6</value>
         <object_component_ref idref="oc-4ac"/>
      </symbol>
      <symbol id="sm-4b7">
         <name>WaveformGenerator_Init</name>
         <value>0x9972</value>
         <object_component_ref idref="oc-31e"/>
      </symbol>
      <symbol id="sm-4b8">
         <name>TB0_ISR</name>
         <value>0x938e</value>
         <object_component_ref idref="oc-122"/>
      </symbol>
      <symbol id="sm-4b9">
         <name>WaveformGenerator_Stop</name>
         <value>0x9bfc</value>
         <object_component_ref idref="oc-4bc"/>
      </symbol>
      <symbol id="sm-4ba">
         <name>WaveformGenerator_SetFrequencyInHz</name>
         <value>0x9c46</value>
         <object_component_ref idref="oc-4b2"/>
      </symbol>
      <symbol id="sm-4e5">
         <name>Input_Button_Init</name>
         <value>0x9296</value>
         <object_component_ref idref="oc-1d9"/>
      </symbol>
      <symbol id="sm-510">
         <name>speedDisplaySensorInputApi</name>
         <value>0x9da8</value>
         <object_component_ref idref="oc-2f1"/>
      </symbol>
      <symbol id="sm-511">
         <name>Input_StepperMotorHomeSensor_Init</name>
         <value>0x90b4</value>
         <object_component_ref idref="oc-1df"/>
      </symbol>
      <symbol id="sm-53d">
         <name>Timer_OneShot_Stop</name>
         <value>0x994a</value>
         <object_component_ref idref="oc-52d"/>
      </symbol>
      <symbol id="sm-53e">
         <name>Timer_OneShot_Start</name>
         <value>0x9726</value>
         <object_component_ref idref="oc-300"/>
      </symbol>
      <symbol id="sm-53f">
         <name>Timer_OneShot_UpdateExpiryTicks</name>
         <value>0x9c88</value>
         <object_component_ref idref="oc-526"/>
      </symbol>
      <symbol id="sm-540">
         <name>Timer_OneShot_Init</name>
         <value>0x981e</value>
         <object_component_ref idref="oc-2c6"/>
      </symbol>
      <symbol id="sm-567">
         <name>Timer_Periodic_Start</name>
         <value>0x975c</value>
         <object_component_ref idref="oc-2e9"/>
      </symbol>
      <symbol id="sm-568">
         <name>Timer_Periodic_Init</name>
         <value>0x97c2</value>
         <object_component_ref idref="oc-2d8"/>
      </symbol>
      <symbol id="sm-569">
         <name>Timer_Periodic_Command</name>
         <value>0x9606</value>
         <object_component_ref idref="oc-44e"/>
      </symbol>
      <symbol id="sm-59f">
         <name>TimerModule_Run</name>
         <value>0x98f8</value>
         <object_component_ref idref="oc-1f7"/>
      </symbol>
      <symbol id="sm-5a0">
         <name>TimerModule_Init</name>
         <value>0x9584</value>
         <object_component_ref idref="oc-1c1"/>
      </symbol>
      <symbol id="sm-5a1">
         <name>TimerModule_GetPeriodEvent</name>
         <value>0x9cc6</value>
         <object_component_ref idref="oc-478"/>
      </symbol>
      <symbol id="sm-5a9">
         <name>__mspabi_srai</name>
         <value>0x98a2</value>
         <object_component_ref idref="oc-517"/>
      </symbol>
      <symbol id="sm-5aa">
         <name>__mspabi_srai_8</name>
         <value>0x98bc</value>
         <object_component_ref idref="oc-517"/>
      </symbol>
      <symbol id="sm-5ab">
         <name>__mspabi_srai_9</name>
         <value>0x98ba</value>
         <object_component_ref idref="oc-517"/>
      </symbol>
      <symbol id="sm-5ac">
         <name>__mspabi_srai_6</name>
         <value>0x98c0</value>
         <object_component_ref idref="oc-517"/>
      </symbol>
      <symbol id="sm-5ad">
         <name>__mspabi_srai_7</name>
         <value>0x98be</value>
         <object_component_ref idref="oc-517"/>
      </symbol>
      <symbol id="sm-5ae">
         <name>__mspabi_srai_4</name>
         <value>0x98c4</value>
         <object_component_ref idref="oc-517"/>
      </symbol>
      <symbol id="sm-5af">
         <name>__mspabi_srai_5</name>
         <value>0x98c2</value>
         <object_component_ref idref="oc-517"/>
      </symbol>
      <symbol id="sm-5b0">
         <name>__mspabi_srai_2</name>
         <value>0x98c8</value>
         <object_component_ref idref="oc-517"/>
      </symbol>
      <symbol id="sm-5b1">
         <name>__mspabi_srai_3</name>
         <value>0x98c6</value>
         <object_component_ref idref="oc-517"/>
      </symbol>
      <symbol id="sm-5b2">
         <name>__mspabi_srai_1</name>
         <value>0x98ca</value>
         <object_component_ref idref="oc-517"/>
      </symbol>
      <symbol id="sm-5b3">
         <name>__mspabi_srai_15</name>
         <value>0x98ae</value>
         <object_component_ref idref="oc-517"/>
      </symbol>
      <symbol id="sm-5b4">
         <name>__mspabi_srai_14</name>
         <value>0x98b0</value>
         <object_component_ref idref="oc-517"/>
      </symbol>
      <symbol id="sm-5b5">
         <name>__mspabi_srai_13</name>
         <value>0x98b2</value>
         <object_component_ref idref="oc-517"/>
      </symbol>
      <symbol id="sm-5b6">
         <name>__mspabi_srai_12</name>
         <value>0x98b4</value>
         <object_component_ref idref="oc-517"/>
      </symbol>
      <symbol id="sm-5b7">
         <name>__mspabi_srai_11</name>
         <value>0x98b6</value>
         <object_component_ref idref="oc-517"/>
      </symbol>
      <symbol id="sm-5b8">
         <name>__mspabi_srai_10</name>
         <value>0x98b8</value>
         <object_component_ref idref="oc-517"/>
      </symbol>
      <symbol id="sm-5c0">
         <name>_stack</name>
         <value>0x5b0</value>
         <object_component_ref idref="oc-ec"/>
      </symbol>
      <symbol id="sm-5c1">
         <name>_reset_vector</name>
         <value>0xfffe</value>
         <object_component_ref idref="oc-ef"/>
      </symbol>
      <symbol id="sm-5cb">
         <name>_c_int00_noargs_noexit</name>
         <value>0x9af0</value>
         <object_component_ref idref="oc-67"/>
      </symbol>
      <symbol id="sm-5e0">
         <name>__TI_zero_init</name>
         <value>0x9b8c</value>
         <object_component_ref idref="oc-49"/>
      </symbol>
      <symbol id="sm-5ea">
         <name>__mspabi_remu</name>
         <value>0x9b62</value>
         <object_component_ref idref="oc-184"/>
      </symbol>
      <symbol id="sm-5eb">
         <name>__mspabi_divu</name>
         <value>0x9b62</value>
         <object_component_ref idref="oc-184"/>
      </symbol>
      <symbol id="sm-5f4">
         <name>__mspabi_func_epilog_2</name>
         <value>0x9c16</value>
         <object_component_ref idref="oc-fa"/>
      </symbol>
      <symbol id="sm-5f5">
         <name>__mspabi_func_epilog_3</name>
         <value>0x9c14</value>
         <object_component_ref idref="oc-fa"/>
      </symbol>
      <symbol id="sm-5f6">
         <name>__mspabi_func_epilog_1</name>
         <value>0x9c18</value>
         <object_component_ref idref="oc-fa"/>
      </symbol>
      <symbol id="sm-5f7">
         <name>__mspabi_func_epilog_6</name>
         <value>0x9c0e</value>
         <object_component_ref idref="oc-fa"/>
      </symbol>
      <symbol id="sm-5f8">
         <name>__mspabi_func_epilog_7</name>
         <value>0x9c0c</value>
         <object_component_ref idref="oc-fa"/>
      </symbol>
      <symbol id="sm-5f9">
         <name>__mspabi_func_epilog_4</name>
         <value>0x9c12</value>
         <object_component_ref idref="oc-fa"/>
      </symbol>
      <symbol id="sm-5fa">
         <name>__mspabi_func_epilog_5</name>
         <value>0x9c10</value>
         <object_component_ref idref="oc-fa"/>
      </symbol>
      <symbol id="sm-604">
         <name>C$$EXIT</name>
         <value>0x9ccc</value>
         <object_component_ref idref="oc-157"/>
      </symbol>
      <symbol id="sm-605">
         <name>abort</name>
         <value>0x9ccc</value>
         <object_component_ref idref="oc-157"/>
      </symbol>
      <symbol id="sm-609">
         <name>__TI_int02</name>
         <value>0xffe4</value>
         <object_component_ref idref="oc-3e"/>
      </symbol>
      <symbol id="sm-60c">
         <name>__TI_int03</name>
         <value>0xffe6</value>
         <object_component_ref idref="oc-3f"/>
      </symbol>
      <symbol id="sm-60f">
         <name>__TI_int05</name>
         <value>0xffea</value>
         <object_component_ref idref="oc-40"/>
      </symbol>
      <symbol id="sm-612">
         <name>__TI_int06</name>
         <value>0xffec</value>
         <object_component_ref idref="oc-41"/>
      </symbol>
      <symbol id="sm-615">
         <name>__TI_int07</name>
         <value>0xffee</value>
         <object_component_ref idref="oc-42"/>
      </symbol>
      <symbol id="sm-618">
         <name>__TI_int08</name>
         <value>0xfff0</value>
         <object_component_ref idref="oc-43"/>
      </symbol>
      <symbol id="sm-61b">
         <name>__TI_int10</name>
         <value>0xfff4</value>
         <object_component_ref idref="oc-45"/>
      </symbol>
      <symbol id="sm-61e">
         <name>__TI_int12</name>
         <value>0xfff8</value>
         <object_component_ref idref="oc-46"/>
      </symbol>
      <symbol id="sm-621">
         <name>__TI_int14</name>
         <value>0xfffc</value>
         <object_component_ref idref="oc-48"/>
      </symbol>
      <symbol id="sm-629">
         <name>__TI_ISR_TRAP</name>
         <value>0x9cac</value>
         <object_component_ref idref="oc-117"/>
      </symbol>
      <symbol id="sm-639">
         <name>memcpy</name>
         <value>0x9bea</value>
         <object_component_ref idref="oc-10a"/>
      </symbol>
      <symbol id="sm-643">
         <name>_system_pre_init</name>
         <value>0x9cd2</value>
         <object_component_ref idref="oc-12f"/>
      </symbol>
      <symbol id="sm-661">
         <name>_auto_init</name>
         <value>0x8fda</value>
         <object_component_ref idref="oc-135"/>
      </symbol>
      <symbol id="sm-677">
         <name>copy_in</name>
         <value>0x923c</value>
         <object_component_ref idref="oc-193"/>
      </symbol>
      <symbol id="sm-681">
         <name>__mspabi_mpyi_sw</name>
         <value>0x9ba0</value>
         <object_component_ref idref="oc-239"/>
      </symbol>
      <symbol id="sm-682">
         <name>__mspabi_mpyi</name>
         <value>0x9ba0</value>
         <object_component_ref idref="oc-239"/>
      </symbol>
      <symbol id="sm-68b">
         <name>_system_post_cinit</name>
         <value>0x9cda</value>
         <object_component_ref idref="oc-199"/>
      </symbol>
      <symbol id="sm-68e">
         <name>__TI_BINIT_Base</name>
         <value>0x0</value>
      </symbol>
      <symbol id="sm-68f">
         <name>__TI_BINIT_Limit</name>
         <value>0x0</value>
      </symbol>
      <symbol id="sm-690">
         <name>__TI_INITARRAY_Base</name>
         <value>0x0</value>
      </symbol>
      <symbol id="sm-691">
         <name>__TI_INITARRAY_Limit</name>
         <value>0x0</value>
      </symbol>
   </symbol_table>
   <title>Link successful</title>
</link_info>
